Archive member included to satisfy reference by file (symbol)

C:/Users/Erik/code/raylib-5.5_win64_mingw-w64/lib/libraylib.a(rcore.o)
                              C:\Users\Erik\AppData\Local\Temp\ccFz9CYv.o (symbol from plugin) (WindowShouldClose)
C:/Users/Erik/code/raylib-5.5_win64_mingw-w64/lib/libraylib.a(rshapes.o)
                              C:/Users/Erik/code/raylib-5.5_win64_mingw-w64/lib/libraylib.a(rcore.o) (SetShapesTexture)
C:/Users/Erik/code/raylib-5.5_win64_mingw-w64/lib/libraylib.a(rtextures.o)
                              C:/Users/Erik/code/raylib-5.5_win64_mingw-w64/lib/libraylib.a(rcore.o) (LoadImageFromMemory)
C:/Users/Erik/code/raylib-5.5_win64_mingw-w64/lib/libraylib.a(rtext.o)
                              C:/Users/Erik/code/raylib-5.5_win64_mingw-w64/lib/libraylib.a(rcore.o) (LoadFontDefault)
C:/Users/Erik/code/raylib-5.5_win64_mingw-w64/lib/libraylib.a(utils.o)
                              C:/Users/Erik/code/raylib-5.5_win64_mingw-w64/lib/libraylib.a(rcore.o) (TraceLog)
C:/Users/Erik/code/raylib-5.5_win64_mingw-w64/lib/libraylib.a(rglfw.o)
                              C:/Users/Erik/code/raylib-5.5_win64_mingw-w64/lib/libraylib.a(rcore.o) (glfwSetErrorCallback)
C:/msys64/ucrt64/bin/../lib/gcc/x86_64-w64-mingw32/13.1.0/../../../../lib/libgdi32.a(libgdi32s00933.o)
                              C:/Users/Erik/code/raylib-5.5_win64_mingw-w64/lib/libraylib.a(rglfw.o) (__imp_SwapBuffers)
C:/msys64/ucrt64/bin/../lib/gcc/x86_64-w64-mingw32/13.1.0/../../../../lib/libgdi32.a(libgdi32s00906.o)
                              C:/Users/Erik/code/raylib-5.5_win64_mingw-w64/lib/libraylib.a(rglfw.o) (__imp_SetPixelFormat)
C:/msys64/ucrt64/bin/../lib/gcc/x86_64-w64-mingw32/13.1.0/../../../../lib/libgdi32.a(libgdi32s00888.o)
                              C:/Users/Erik/code/raylib-5.5_win64_mingw-w64/lib/libraylib.a(rglfw.o) (__imp_SetDeviceGammaRamp)
C:/msys64/ucrt64/bin/../lib/gcc/x86_64-w64-mingw32/13.1.0/../../../../lib/libgdi32.a(libgdi32s00637.o)
                              C:/Users/Erik/code/raylib-5.5_win64_mingw-w64/lib/libraylib.a(rglfw.o) (__imp_GetDeviceGammaRamp)
C:/msys64/ucrt64/bin/../lib/gcc/x86_64-w64-mingw32/13.1.0/../../../../lib/libgdi32.a(libgdi32s00636.o)
                              C:/Users/Erik/code/raylib-5.5_win64_mingw-w64/lib/libraylib.a(rglfw.o) (__imp_GetDeviceCaps)
C:/msys64/ucrt64/bin/../lib/gcc/x86_64-w64-mingw32/13.1.0/../../../../lib/libgdi32.a(libgdi32s00388.o)
                              C:/Users/Erik/code/raylib-5.5_win64_mingw-w64/lib/libraylib.a(rglfw.o) (__imp_DescribePixelFormat)
C:/msys64/ucrt64/bin/../lib/gcc/x86_64-w64-mingw32/13.1.0/../../../../lib/libgdi32.a(libgdi32s00387.o)
                              C:/Users/Erik/code/raylib-5.5_win64_mingw-w64/lib/libraylib.a(rglfw.o) (__imp_DeleteObject)
C:/msys64/ucrt64/bin/../lib/gcc/x86_64-w64-mingw32/13.1.0/../../../../lib/libgdi32.a(libgdi32s00384.o)
                              C:/Users/Erik/code/raylib-5.5_win64_mingw-w64/lib/libraylib.a(rglfw.o) (__imp_DeleteDC)
C:/msys64/ucrt64/bin/../lib/gcc/x86_64-w64-mingw32/13.1.0/../../../../lib/libgdi32.a(libgdi32s00083.o)
                              C:/Users/Erik/code/raylib-5.5_win64_mingw-w64/lib/libraylib.a(rglfw.o) (__imp_CreateRectRgn)
C:/msys64/ucrt64/bin/../lib/gcc/x86_64-w64-mingw32/13.1.0/../../../../lib/libgdi32.a(libgdi32s00055.o)
                              C:/Users/Erik/code/raylib-5.5_win64_mingw-w64/lib/libraylib.a(rglfw.o) (__imp_CreateDIBSection)
C:/msys64/ucrt64/bin/../lib/gcc/x86_64-w64-mingw32/13.1.0/../../../../lib/libgdi32.a(libgdi32s00052.o)
                              C:/Users/Erik/code/raylib-5.5_win64_mingw-w64/lib/libraylib.a(rglfw.o) (__imp_CreateDCW)
C:/msys64/ucrt64/bin/../lib/gcc/x86_64-w64-mingw32/13.1.0/../../../../lib/libgdi32.a(libgdi32s00041.o)
                              C:/Users/Erik/code/raylib-5.5_win64_mingw-w64/lib/libraylib.a(rglfw.o) (__imp_CreateBitmap)
C:/msys64/ucrt64/bin/../lib/gcc/x86_64-w64-mingw32/13.1.0/../../../../lib/libgdi32.a(libgdi32s00025.o)
                              C:/Users/Erik/code/raylib-5.5_win64_mingw-w64/lib/libraylib.a(rglfw.o) (__imp_ChoosePixelFormat)
C:/msys64/ucrt64/bin/../lib/gcc/x86_64-w64-mingw32/13.1.0/../../../../lib/libgdi32.a(libgdi32h.o)
                              C:/msys64/ucrt64/bin/../lib/gcc/x86_64-w64-mingw32/13.1.0/../../../../lib/libgdi32.a(libgdi32s00933.o) (_head_lib64_libgdi32_a)
C:/msys64/ucrt64/bin/../lib/gcc/x86_64-w64-mingw32/13.1.0/../../../../lib/libgdi32.a(libgdi32t.o)
                              C:/msys64/ucrt64/bin/../lib/gcc/x86_64-w64-mingw32/13.1.0/../../../../lib/libgdi32.a(libgdi32h.o) (__lib64_libgdi32_a_iname)
C:/msys64/ucrt64/bin/../lib/gcc/x86_64-w64-mingw32/13.1.0/../../../../lib/libwinmm.a(libwinmms00160.o)
                              C:/Users/Erik/code/raylib-5.5_win64_mingw-w64/lib/libraylib.a(rcore.o) (__imp_timeEndPeriod)
C:/msys64/ucrt64/bin/../lib/gcc/x86_64-w64-mingw32/13.1.0/../../../../lib/libwinmm.a(libwinmms00159.o)
[...]
Memory Configuration

Name             Origin             Length             Attributes
*default*        0x0000000000000000 0xffffffffffffffff

Linker script and memory map

                0x0000000140000000                __image_base__ = 0x140000000
                0x0000000000000000                __dll__ = 0x0
                0x0000000140000000                __ImageBase = 0x140000000
                0x0000000000001000                __section_alignment__ = 0x1000
                0x0000000000000200                __file_alignment__ = 0x200
                0x0000000000000004                __major_os_version__ = 0x4
                0x0000000000000000                __minor_os_version__ = 0x0
                0x0000000000000000                __major_image_version__ = 0x0
                0x0000000000000000                __minor_image_version__ = 0x0
                0x0000000000000005                __major_subsystem_version__ = 0x5
                0x0000000000000002                __minor_subsystem_version__ = 0x2
                0x0000000000000003                __subsystem__ = 0x3
                0x0000000000200000                __size_of_stack_reserve__ = 0x200000
                0x0000000000001000                __size_of_stack_commit__ = 0x1000
                0x0000000000100000                __size_of_heap_reserve__ = 0x100000
                0x0000000000001000                __size_of_heap_commit__ = 0x1000
                0x0000000000000000                __loader_flags__ = 0x0
                0x0000000000000160                __dll_characteristics__ = 0x160
LOAD C:/msys64/ucrt64/bin/../lib/gcc/x86_64-w64-mingw32/13.1.0/../../../../lib/crt2.o
LOAD C:/msys64/ucrt64/bin/../lib/gcc/x86_64-w64-mingw32/13.1.0/crtbegin.o
LOAD C:\Users\Erik\AppData\Local\Temp\ccgWgHwu.o
LOAD C:\Users\Erik\AppData\Local\Temp\ccpiCEEk.ltrans0.ltrans.o
LOAD C:\Users\Erik\AppData\Local\Temp\ccFz9CYv.o
LOAD C:/Users/Erik/code/raylib-5.5_win64_mingw-w64/lib/libraylib.a
LOAD C:/msys64/ucrt64/bin/../lib/gcc/x86_64-w64-mingw32/13.1.0/../../../../lib/libgdi32.a
LOAD C:/msys64/ucrt64/bin/../lib/gcc/x86_64-w64-mingw32/13.1.0/../../../../lib/libwinmm.a
LOAD C:/msys64/ucrt64/bin/../lib/gcc/x86_64-w64-mingw32/13.1.0/../../../../lib/libmingw32.a
LOAD C:/msys64/ucrt64/bin/../lib/gcc/x86_64-w64-mingw32/13.1.0/libgcc.a
LOAD C:/msys64/ucrt64/bin/../lib/gcc/x86_64-w64-mingw32/13.1.0/libgcc_eh.a
LOAD C:/msys64/ucrt64/bin/../lib/gcc/x86_64-w64-mingw32/13.1.0/../../../../lib/libmoldname.a
LOAD C:/msys64/ucrt64/bin/../lib/gcc/x86_64-w64-mingw32/13.1.0/../../../../lib/libmingwex.a
LOAD C:/msys64/ucrt64/bin/../lib/gcc/x86_64-w64-mingw32/13.1.0/../../../../lib/libmsvcrt.a
LOAD C:/msys64/ucrt64/bin/../lib/gcc/x86_64-w64-mingw32/13.1.0/../../../../lib/libkernel32.a
LOAD C:/msys64/ucrt64/bin/../lib/gcc/x86_64-w64-mingw32/13.1.0/../../../../lib/libpthread.dll.a
LOAD C:/msys64/ucrt64/bin/../lib/gcc/x86_64-w64-mingw32/13.1.0/../../../../lib/libadvapi32.a
LOAD C:/msys64/ucrt64/bin/../lib/gcc/x86_64-w64-mingw32/13.1.0/../../../../lib/libshell32.a
LOAD C:/msys64/ucrt64/bin/../lib/gcc/x86_64-w64-mingw32/13.1.0/../../../../lib/libuser32.a
LOAD C:/msys64/ucrt64/bin/../lib/gcc/x86_64-w64-mingw32/13.1.0/../../../../lib/libkernel32.a
LOAD C:/msys64/ucrt64/bin/../lib/gcc/x86_64-w64-mingw32/13.1.0/../../../../lib/libmingw32.a
LOAD C:/msys64/ucrt64/bin/../lib/gcc/x86_64-w64-mingw32/13.1.0/libgcc.a
LOAD C:/msys64/ucrt64/bin/../lib/gcc/x86_64-w64-mingw32/13.1.0/libgcc_eh.a
LOAD C:/msys64/ucrt64/bin/../lib/gcc/x86_64-w64-mingw32/13.1.0/../../../../lib/libmoldname.a
LOAD C:/msys64/ucrt64/bin/../lib/gcc/x86_64-w64-mingw32/13.1.0/../../../../lib/libmingwex.a
LOAD C:/msys64/ucrt64/bin/../lib/gcc/x86_64-w64-mingw32/13.1.0/../../../../lib/libmsvcrt.a
LOAD C:/msys64/ucrt64/bin/../lib/gcc/x86_64-w64-mingw32/13.1.0/../../../../lib/libkernel32.a
LOAD C:/msys64/ucrt64/bin/../lib/gcc/x86_64-w64-mingw32/13.1.0/../../../../lib/default-manifest.o
LOAD C:/msys64/ucrt64/bin/../lib/gcc/x86_64-w64-mingw32/13.1.0/crtend.o
                0x00000000000004a8                . = SIZEOF_HEADERS
                0x0000000000001000                . = ALIGN (__section_alignment__)

.text           0x0000000140001000    0xa1600
 *(SORT_NONE(.init))
 *(.text)
 .text          0x0000000140001000      0x430 C:/msys64/ucrt64/bin/../lib/gcc/x86_64-w64-mingw32/13.1.0/../../../../lib/crt2.o
                0x00000001400013d0                WinMainCRTStartup
                0x00000001400013f0                mainCRTStartup
                0x0000000140001410                atexit
 .text          0x0000000140001430       0x20 C:/msys64/ucrt64/bin/../lib/gcc/x86_64-w64-mingw32/13.1.0/crtbegin.o
                0x0000000140001430                __gcc_register_frame
                0x0000000140001440                __gcc_deregister_frame
 .text          0x0000000140001450    0x27390 C:/Users/Erik/code/raylib-5.5_win64_mingw-w64/lib/libraylib.a(rcore.o)
                0x000000014000962d                gladLoadGLUserPtr
                0x000000014000bc37                gladLoadGL
                0x000000014000bc4f                rlMatrixMode
                0x000000014000bc86                rlPushMatrix
                0x000000014000bd42                rlPopMatrix
                0x000000014000befd                rlLoadIdentity
                0x000000014000bf74                rlTranslatef
                0x000000014000c16a                rlRotatef
                0x000000014000c509                rlScalef
                0x000000014000c6fc                rlMultMatrixf
                0x000000014000c924                rlFrustum
                0x000000014000cbc9                rlOrtho
                0x000000014000ce67                rlViewport
                0x000000014000cf74                rlSetClipPlanes
                0x000000014000cf85                rlGetCullDistanceNear
                0x000000014000cf8e                rlGetCullDistanceFar
                0x000000014000cf97                rlEnd
                0x000000014000cfb1                rlTexCoord2f
                0x000000014000cfc2                rlNormal3f
                0x000000014000d0e3                rlColor4ub
                0x000000014000d0fe                rlColor4f
                0x000000014000d13f                rlColor3f
                0x000000014000d179                rlActiveTextureSlot
                0x000000014000d18f                rlEnableTexture
                0x000000014000d1a6                rlDisableTexture
                0x000000014000d1c0                rlEnableTextureCubemap
                0x000000014000d1d7                rlDisableTextureCubemap
                0x000000014000d1f1                rlTextureParameters
                0x000000014000d377                rlCubemapParameters
                0x000000014000d4fd                rlEnableShader
                0x000000014000d50d                rlDisableShader
                0x000000014000d522                rlEnableFramebuffer
                0x000000014000d539                rlGetActiveFramebuffer
                0x000000014000d55e                rlDisableFramebuffer
                0x000000014000d578                rlBlitFramebuffer
                0x000000014000d5c7                rlBindFramebuffer
                0x000000014000d5d7                rlActiveDrawBuffers
                0x000000014000d65b                rlEnableColorBlend
                0x000000014000d670                rlDisableColorBlend
                0x000000014000d685                rlEnableDepthTest
                0x000000014000d69a                rlDisableDepthTest
                0x000000014000d6af                rlEnableDepthMask
                0x000000014000d6c4                rlDisableDepthMask
                0x000000014000d6d9                rlEnableBackfaceCulling
                0x000000014000d6ee                rlDisableBackfaceCulling
                0x000000014000d703                rlColorMask
                0x000000014000d721                rlSetCullFace
                0x000000014000d74c                rlEnableScissorTest
                0x000000014000d761                rlDisableScissorTest
                0x000000014000d776                rlScissor
                0x000000014000d786                rlEnableWireMode
                0x000000014000d7a0                rlEnablePointMode
                0x000000014000d7c5                rlDisableWireMode
                0x000000014000d7df                rlSetLineWidth
                0x000000014000d7ef                rlGetLineWidth
                0x000000014000d816                rlEnableSmoothLines
                0x000000014000d82b                rlDisableSmoothLines
                0x000000014000d840                rlEnableStereoRender
                0x000000014000d848                rlDisableStereoRender
                0x000000014000d850                rlIsStereoRenderEnabled
                0x000000014000d858                rlClearColor
                0x000000014000d8b0                rlClearScreenBuffers
                0x000000014000d8c5                rlCheckErrors
                0x000000014000d9ab                rlSetBlendFactors
                0x000000014000d9e1                rlSetBlendFactorsSeparate
                0x000000014000da4e                rlLoadExtensions
                0x000000014000dd37                rlGetVersion
                0x000000014000dd3d                rlSetFramebufferWidth
                0x000000014000dd44                rlSetFramebufferHeight
                0x000000014000dd4b                rlGetFramebufferWidth
                0x000000014000dd52                rlGetFramebufferHeight
                0x000000014000dd59                rlGetTextureIdDefault
                0x000000014000dd60                rlGetShaderIdDefault
                0x000000014000dd67                rlGetShaderLocsDefault
                0x000000014000dd6f                rlLoadRenderBatch
                0x000000014000e2e3                rlUnloadRenderBatch
                0x000000014000e441                rlglClose
                0x000000014000e526                rlLoadTextureDepth
                0x000000014000e69a                rlGetGlTextureFormats
                0x000000014000e96f                rlLoadTextureCubemap
                0x000000014000ed11                rlUpdateTexture
                0x000000014000edc3                rlUnloadTexture
                0x000000014000ede1                rlGenTextureMipmaps
                0x000000014000ee9e                rlReadTexturePixels
                0x000000014000ef5e                rlReadScreenPixels
                0x000000014000f048                rlLoadFramebuffer
                0x000000014000f07d                rlFramebufferAttach
                0x000000014000f1e9                rlFramebufferComplete
                0x000000014000f289                rlUnloadFramebuffer
                0x000000014000f35e                rlLoadVertexBuffer
                0x000000014000f3c1                rlLoadVertexBufferElement
                0x000000014000f424                rlEnableVertexBuffer
                0x000000014000f43b                rlDisableVertexBuffer
                0x000000014000f455                rlEnableVertexBufferElement
                0x000000014000f46c                rlDisableVertexBufferElement
                0x000000014000f486                rlUpdateVertexBuffer
                0x000000014000f4c0                rlUpdateVertexBufferElements
                0x000000014000f4fa                rlEnableVertexArray
                0x000000014000f518                rlDisableVertexArray
                0x000000014000f536                rlEnableVertexAttribute
                0x000000014000f546                rlDisableVertexAttribute
                0x000000014000f556                rlDrawVertexArray
                0x000000014000f570                rlDrawVertexArrayElements
                0x000000014000f599                rlDrawVertexArrayInstanced
                0x000000014000f5b9                rlDrawVertexArrayElementsInstanced
                0x000000014000f5e7                rlLoadVertexArray
                0x000000014000f615                rlSetVertexAttribute
                0x000000014000f63b                rlSetVertexAttributeDivisor
                0x000000014000f64b                rlUnloadVertexArray
                0x000000014000f693                rlUnloadVertexBuffer
                0x000000014000f6b1                rlCompileShader
                0x000000014000f84e                rlLoadShaderProgram
                0x000000014000f9f0                rlLoadShaderCode
                0x000000014000fad2                rlUnloadShaderProgram
                0x000000014000fafa                rlGetLocationUniform
                0x000000014000fb09                rlGetLocationAttrib
                0x000000014000fb18                rlSetUniform
                0x000000014000fbeb                rlSetVertexAttributeDefault
                0x000000014000fc57                rlSetUniformMatrix
                0x000000014000fd26                rlSetUniformMatrices
                0x000000014000fd42                rlSetUniformSampler
                0x000000014000fdaf                rlLoadComputeShaderProgram
                0x000000014000fdce                rlComputeShaderDispatch
                0x000000014000fdcf                rlLoadShaderBuffer
                0x000000014000fdee                rlUnloadShaderBuffer
                0x000000014000fe09                rlUpdateShaderBuffer
                0x000000014000fe0a                rlGetShaderBufferSize
                0x000000014000fe10                rlReadShaderBuffer
                0x000000014000fe11                rlBindShaderBuffer
                0x000000014000fe12                rlCopyShaderBuffer
                0x000000014000fe13                rlBindImageTexture
                0x000000014000fe2e                rlGetMatrixModelview
                0x000000014000ff01                rlGetMatrixProjection
                0x000000014000ff5c                rlGetMatrixTransform
                0x000000014001002f                rlGetMatrixProjectionStereo
                0x00000001400101a3                rlGetMatrixViewOffsetStereo
                0x0000000140010317                rlSetMatrixModelview
                0x000000014001036f                rlSetMatrixProjection
                0x00000001400103c7                rlDrawRenderBatch
                0x0000000140011b77                rlSetBlendMode
                0x0000000140011cd9                rlSetRenderBatchActive
                0x0000000140011d08                rlDrawRenderBatchActive
                0x0000000140011d1e                rlCheckRenderBatchLimit
                0x0000000140011dac                rlVertex3f
                0x0000000140012191                rlVertex2f
                0x00000001400121ac                rlVertex2i
                0x00000001400121d7                rlBegin
                0x000000014001231b                rlSetTexture
                0x0000000140012461                rlSetShader
                0x0000000140012496                rlSetMatrixProjectionStereo
                0x0000000140012548                rlSetMatrixViewOffsetStereo
                0x00000001400125fa                rlLoadDrawQuad
                0x00000001400127dc                rlLoadDrawCube
                0x00000001400129a0                rlGetPixelFormatName
                0x0000000140012ab9                rlLoadTexture
                0x0000000140012ee9                rlglInit
                0x0000000140013451                Clamp
                0x000000014001345d                Lerp
                0x000000014001346a                Normalize
                0x0000000140013477                Remap
                0x0000000140013496                Wrap
                0x000000014001350b                FloatEquals
                0x000000014001357c                Vector2Zero
                0x0000000140013582                Vector2One
                0x000000014001358d                Vector2Add
                0x00000001400135c7                Vector2AddValue
                0x00000001400135ef                Vector2Subtract
                0x0000000140013629                Vector2SubtractValue
                0x0000000140013650                Vector2Length
                0x0000000140013685                Vector2LengthSqr
                0x000000014001369e                Vector2DotProduct
                0x00000001400136c3                Vector2Distance
                0x000000014001370c                Vector2DistanceSqr
                0x0000000140013739                Vector2Angle
                0x000000014001377d                Vector2LineAngle
                0x00000001400137b4                Vector2Scale
                0x00000001400137dc                Vector2Multiply
                0x0000000140013816                Vector2Negate
                0x0000000140013844                Vector2Divide
                0x000000014001387e                Vector2Normalize
                0x0000000140013908                Vector2Transform
                0x0000000140013968                Vector2Lerp
                0x00000001400139ac                Vector2Reflect
                0x00000001400139fe                Vector2Min
                0x0000000140013a4f                Vector2Max
                0x0000000140013aa0                Vector2Rotate
                0x0000000140013b06                Vector2MoveTowards
                0x0000000140013bf3                Vector2Invert
                0x0000000140013c25                Vector2Clamp
                0x0000000140013c91                Vector2ClampValue
                0x0000000140013d45                Vector2Equals
                0x0000000140013e14                Vector2Refract
                0x0000000140013f1b                Vector3Zero
                0x0000000140013f33                Vector3One
                0x0000000140013f4d                Vector3Add
                0x0000000140013f81                Vector3AddValue
                0x0000000140013fa7                Vector3Subtract
                0x0000000140013fdb                Vector3SubtractValue
                0x000000014001400a                Vector3Scale
                0x0000000140014030                Vector3Multiply
                0x0000000140014064                Vector3CrossProduct
                0x00000001400140d9                Vector3Perpendicular
                0x0000000140014194                Vector3Length
                0x00000001400141d3                Vector3LengthSqr
                0x00000001400141f6                Vector3DotProduct
                0x000000014001421b                Vector3Distance
                0x0000000140014268                Vector3DistanceSqr
                0x0000000140014299                Vector3Angle
                0x0000000140014392                Vector3Negate
                0x00000001400143c6                Vector3Divide
                0x00000001400143fa                Vector3Normalize
                0x00000001400144a2                Vector3Project
                0x0000000140014511                Vector3Reject
                0x00000001400145c4                Vector3OrthoNormalize
                0x00000001400147a1                Vector3Transform
                0x0000000140014832                Vector3RotateByQuaternion
                0x00000001400149fe                Vector3RotateByAxisAngle
                0x0000000140014c0c                Vector3MoveTowards
                0x0000000140014d54                Vector3Lerp
                0x0000000140014dac                Vector3CubicHermite
                0x0000000140014ea6                Vector3Reflect
                0x0000000140014f32                Vector3Min
                0x0000000140014fa1                Vector3Max
                0x0000000140015010                Vector3Barycenter
                0x00000001400151c0                Vector3Unproject
                0x0000000140015cd7                Vector3ToFloatV
                0x0000000140015cf7                Vector3Invert
                0x0000000140015d25                Vector3Clamp
                0x0000000140015db6                Vector3ClampValue
                0x0000000140015e92                Vector3Equals
                0x0000000140015f9a                Vector3Refract
                0x00000001400160f7                Vector4Zero
                0x0000000140016116                Vector4One
                0x0000000140016135                Vector4Add
                0x000000014001617a                Vector4AddValue
                0x00000001400161ad                Vector4Subtract
                0x0000000140016205                Vector4SubtractValue
                0x0000000140016245                Vector4Length
                0x000000014001629d                Vector4LengthSqr
                0x00000001400162d9                Vector4DotProduct
                0x000000014001631a                Vector4Distance
                0x0000000140016387                Vector4DistanceSqr
                0x00000001400163d8                Vector4Scale
                0x000000014001640b                Vector4Multiply
                0x0000000140016450                Vector4Negate
                0x000000014001649e                Vector4Divide
                0x00000001400164f6                Vector4Normalize
                0x00000001400165e1                Vector4Min
                0x000000014001668e                Vector4Max
                0x000000014001673b                Vector4Lerp
                0x00000001400167d8                Vector4MoveTowards
                0x000000014001698e                Vector4Invert
                0x00000001400169c9                Vector4Equals
                0x0000000140016b49                MatrixDeterminant
                0x0000000140016eb7                MatrixTrace
                0x0000000140016ecb                MatrixTranspose
                0x0000000140017009                MatrixInvert
                0x000000014001762c                MatrixIdentity
                0x000000014001769f                MatrixAdd
                0x000000014001785d                MatrixSubtract
                0x0000000140017a1b                MatrixMultiply
                0x0000000140017ef4                MatrixTranslate
                0x0000000140017f61                MatrixRotate
                0x0000000140018164                MatrixRotateX
                0x0000000140018208                MatrixRotateY
                0x00000001400182a9                MatrixRotateZ
                0x000000014001834d                MatrixRotateXYZ
                0x00000001400184f6                MatrixRotateZYX
                0x0000000140018663                MatrixScale
                0x00000001400186d0                MatrixFrustum
                0x0000000140018822                MatrixPerspective
                0x00000001400189ab                MatrixOrtho
                0x0000000140018afd                MatrixLookAt
                0x0000000140018dea                MatrixToFloatV
                0x0000000140018f28                QuaternionAdd
                0x0000000140018f6d                QuaternionAddValue
                0x0000000140018fa0                QuaternionSubtract
                0x0000000140018ff8                QuaternionSubtractValue
                0x0000000140019038                QuaternionIdentity
                0x0000000140019057                QuaternionLength
                0x00000001400190af                QuaternionNormalize
                0x0000000140019198                QuaternionInvert
                0x000000014001922b                QuaternionMultiply
                0x0000000140019367                QuaternionScale
                0x000000014001939a                QuaternionDivide
                0x00000001400193f2                QuaternionLerp
                0x000000014001948f                QuaternionNlerp
                0x00000001400195d1                QuaternionSlerp
                0x0000000140019949                QuaternionCubicHermiteSpline
                0x0000000140019b1e                QuaternionFromVector3ToVector3
                0x0000000140019c60                QuaternionFromMatrix
                0x0000000140019e50                QuaternionToMatrix
                0x0000000140019fd4                QuaternionFromAxisAngle
                0x000000014001a16b                QuaternionToAxisAngle
                0x000000014001a2ed                QuaternionFromEuler
                0x000000014001a43e                QuaternionToEuler
                0x000000014001a5b5                QuaternionTransform
                0x000000014001a6bb                QuaternionEquals
                0x000000014001a95e                MatrixDecompose
                0x000000014001adf0                SetGesturesEnabled
                0x000000014001adf7                IsGestureDetected
                0x000000014001ae09                ProcessGestureEvent
                0x000000014001b494                UpdateGestures
                0x000000014001b4f2                GetGestureDetected
                0x000000014001b4ff                GetGestureHoldDuration
                0x000000014001b528                GetGestureDragVector
                0x000000014001b530                GetGestureDragAngle
                0x000000014001b539                GetGesturePinchVector
                0x000000014001b541                GetGesturePinchAngle
                0x000000014001b54a                GetCameraForward
                0x000000014001b602                GetCameraUp
                0x000000014001b6ab                GetCameraRight
                0x000000014001b7b1                CameraMoveForward
                0x000000014001b8bc                CameraMoveUp
                0x000000014001b93f                CameraMoveRight
                0x000000014001ba4a                CameraMoveToTarget
                0x000000014001bb3c                CameraYaw
                0x000000014001be1a                CameraPitch
                0x000000014001c421                CameraRoll
                0x000000014001c650                GetCameraViewMatrix
                0x000000014001c93e                GetCameraProjectionMatrix
                0x000000014001cb8a                UpdateCameraPro
                0x000000014001cc65                msf_gif_begin
                0x000000014001cdc5                msf_gif_frame
                0x000000014001de3d                msf_gif_end
                0x000000014001ded8                msf_gif_free
                0x000000014001deef                msf_gif_begin_to_file
                0x000000014001df09                msf_gif_frame_to_file
                0x000000014001df6a                msf_gif_end_to_file
                0x000000014001dfb1                sinflate
                0x000000014001dfbf                zsinflate
                0x000000014001e189                sdeflate
                0x000000014001e1ac                zsdeflate
                0x000000014001e3d0                sdefl_bound
                0x000000014001e3f7                rprand_set_seed
                0x000000014001e43b                rprand_get_value
                0x000000014001e46b                rprand_load_sequence
                0x000000014001e4f7                rprand_unload_sequence
                0x000000014001e506                WindowShouldClose
                0x000000014001e51c                MaximizeWindow
                0x000000014001e553                MinimizeWindow
                0x000000014001e569                RestoreWindow
                0x000000014001e5a0                SetWindowIcon
                0x000000014001e60d                SetWindowIcons
                0x000000014001e6c9                SetWindowTitle
                0x000000014001e6e9                SetWindowPosition
                0x000000014001e710                SetWindowMonitor
                0x000000014001e8a0                SetWindowMinSize
                0x000000014001e8f9                SetWindowMaxSize
                0x000000014001e94e                SetWindowSize
                0x000000014001e975                SetWindowOpacity
                0x000000014001e9ae                SetWindowFocused
                0x000000014001e9c4                GetWindowHandle
                0x000000014001e9d9                GetMonitorCount
                0x000000014001e9f8                GetCurrentMonitor
                0x000000014001ebea                ToggleFullscreen
                0x000000014001ed52                ToggleBorderlessWindowed
                0x000000014001ef4b                SetWindowState
                0x000000014001f221                ClearWindowState
                0x000000014001f4c1                GetMonitorPosition
                0x000000014001f53b                GetMonitorWidth
                0x000000014001f5a7                GetMonitorHeight
                0x000000014001f614                GetMonitorPhysicalWidth
                0x000000014001f673                GetMonitorPhysicalHeight
                0x000000014001f6d1                GetMonitorRefreshRate
                0x000000014001f721                GetMonitorName
                0x000000014001f770                GetWindowPosition
                0x000000014001f7c2                GetWindowScaleDPI
                0x000000014001f7ef                SetClipboardText
                0x000000014001f808                GetClipboardText
                0x000000014001f81d                ShowCursor
                0x000000014001f844                HideCursor
                0x000000014001f86b                SwapScreenBuffer
                0x000000014001f881                GetTime
                0x000000014001f88f                OpenURL
                0x000000014001f915                SetGamepadMappings
                0x000000014001f923                SetGamepadVibration
                0x000000014001f93e                SetMousePosition
                0x000000014001f98a                EnableCursor
                0x000000014001f9e8                DisableCursor
                0x000000014001fa46                SetMouseCursor
                0x000000014001fa87                GetKeyName
                0x000000014001faa2                PollInputEvents
                0x000000014001fddf                ClosePlatform
                0x000000014001fe05                Win32GetClipboardImageData
                0x000000014001ffcc                GetClipboardImage
                0x0000000140020060                CloseWindow
                0x00000001400200c3                IsWindowReady
                0x00000001400200cb                IsWindowFullscreen
                0x00000001400200d3                IsWindowHidden
                0x00000001400200dd                IsWindowMinimized
                0x00000001400200ea                IsWindowMaximized
                0x00000001400200f7                IsWindowFocused
                0x0000000140020107                IsWindowResized
                0x000000014002010f                IsWindowState
                0x0000000140020119                GetScreenWidth
                0x0000000140020120                GetScreenHeight
                0x0000000140020127                GetRenderWidth
                0x000000014002012e                GetRenderHeight
                0x0000000140020135                EnableEventWaiting
                0x000000014002013d                DisableEventWaiting
                0x0000000140020145                IsCursorHidden
                0x000000014002014d                IsCursorOnScreen
                0x0000000140020155                ClearBackground
                0x0000000140020182                BeginDrawing
                0x00000001400202a4                EndMode2D
                0x00000001400203af                BeginMode3D
                0x0000000140020821                EndMode3D
                0x0000000140020967                BeginTextureMode
                0x0000000140020a2b                EndTextureMode
                0x0000000140020b75                BeginShaderMode
                0x0000000140020b8a                EndShaderMode
                0x0000000140020ba6                BeginBlendMode
                0x0000000140020bb5                EndBlendMode
                0x0000000140020bc9                BeginScissorMode
                0x0000000140020c87                EndScissorMode
                0x0000000140020c9b                BeginVrStereoMode
                0x0000000140020e42                EndVrStereoMode
                0x0000000140020e4a                LoadVrStereoConfig
                0x0000000140021639                UnloadVrStereoConfig
                0x0000000140021654                LoadShaderFromMemory
                0x00000001400217e3                LoadShader
                0x0000000140021851                IsShaderValid
                0x000000014002186c                UnloadShader
                0x0000000140021897                GetShaderLocation
                0x00000001400218a7                GetShaderLocationAttrib
                0x00000001400218b7                SetShaderValueV
                0x00000001400218ee                SetShaderValue
                0x0000000140021913                SetShaderValueMatrix
                0x0000000140021986                SetShaderValueTexture
                0x00000001400219af                GetScreenToWorldRayEx
                0x00000001400224c0                GetScreenToWorldRay
                0x000000014002253f                GetCameraMatrix
                0x000000014002282d                GetCameraMatrix2D
                0x0000000140022ee0                BeginMode2D
                0x0000000140023025                GetWorldToScreenEx
                0x000000014002364f                GetWorldToScreen
                0x00000001400236b7                GetWorldToScreen2D
                0x0000000140023756                GetScreenToWorld2D
                0x0000000140023890                SetTargetFPS
                0x00000001400238ec                GetFPS
                0x0000000140023a0b                GetFrameTime
                0x0000000140023a18                WaitTime
                0x0000000140023a7d                SetRandomSeed
                0x0000000140023a8e                GetRandomValue
                0x0000000140023aaa                LoadRandomSequence
                0x0000000140023ab8                UnloadRandomSequence
                0x0000000140023ac7                SetConfigFlags
                0x0000000140023ace                FileExists
                0x0000000140023ae8                DirectoryExists
                0x0000000140023b0d                GetFileLength
                0x0000000140023b5a                GetFileExtension
                0x0000000140023b83                IsFileExtension
                0x0000000140023c40                GetFileName
                0x0000000140023c87                TakeScreenshot
                0x0000000140023e46                GetFileNameWithoutExt
                0x0000000140023ec1                GetDirectoryPath
                0x0000000140023fe8                GetPrevDirectoryPath
                0x0000000140024078                GetWorkingDirectory
                0x00000001400240ab                InitPlatform
                0x0000000140024dca                InitWindow
                0x000000014002514c                GetApplicationDirectory
                0x00000001400251c5                UnloadDirectoryFiles
                0x0000000140025202                MakeDirectory
                0x00000001400252ec                ChangeDirectory
                0x0000000140025323                IsPathFile
                0x00000001400254e5                LoadDirectoryFiles
                0x00000001400257d8                LoadDirectoryFilesEx
                0x000000014002587f                IsFileNameValid
                0x0000000140025965                IsFileDropped
                0x0000000140025970                LoadDroppedFiles
                0x000000014002598e                UnloadDroppedFiles
                0x00000001400259e1                GetFileModTime
                0x0000000140025a10                CompressData
                0x0000000140025a97                DecompressData
                0x0000000140025b22                EncodeDataBase64
                0x0000000140025c7a                DecodeDataBase64
                0x0000000140025e1f                ComputeCRC32
                0x0000000140025e5c                ComputeMD5
                0x0000000140026073                ComputeSHA1
                0x0000000140026301                LoadAutomationEventList
                0x0000000140026539                UnloadAutomationEventList
                0x000000014002654c                ExportAutomationEventList
                0x00000001400266f9                SetAutomationEventList
                0x0000000140026701                SetAutomationEventBaseFrame
                0x0000000140026708                StartAutomationEventRecording
                0x0000000140026710                StopAutomationEventRecording
                0x0000000140026718                PlayAutomationEvent
                0x00000001400269b1                IsKeyPressed
                0x00000001400269e3                IsKeyPressedRepeat
                0x0000000140026a09                IsKeyDown
                0x0000000140026a2f                IsKeyReleased
                0x0000000140026a63                IsKeyUp
                0x0000000140026a89                GetKeyPressed
                0x0000000140026ae9                GetCharPressed
                0x0000000140026b49                SetExitKey
                0x0000000140026b50                IsGamepadAvailable
                0x0000000140026b6d                GetGamepadName
                0x0000000140026b84                IsGamepadButtonPressed
                0x0000000140026bdb                IsGamepadButtonDown
                0x0000000140026c1d                IsGamepadButtonReleased
                0x0000000140026c74                IsGamepadButtonUp
                0x0000000140026cb6                GetGamepadButtonPressed
                0x0000000140026cbd                GetGamepadAxisCount
                0x0000000140026ccf                GetGamepadAxisMovement
                0x0000000140026d72                EndDrawing
                0x0000000140027be5                IsMouseButtonPressed
                0x0000000140027c36                IsMouseButtonDown
                0x0000000140027c5d                IsMouseButtonReleased
                0x0000000140027caa                IsMouseButtonUp
                0x0000000140027cd1                GetMouseX
                0x0000000140027cee                GetMouseY
                0x0000000140027d0b                GetMousePosition
                0x0000000140027ed3                GetMouseDelta
                0x0000000140027f03                SetMouseOffset
                0x0000000140027f24                SetMouseScale
                0x0000000140027f35                GetMouseWheelMove
                0x0000000140027f65                UpdateCamera
                0x0000000140028728                GetMouseWheelMoveV
                0x000000014002873c                GetTouchX
                0x0000000140028745                GetTouchY
                0x000000014002874e                GetTouchPosition
                0x00000001400287ae                GetTouchPointId
                0x00000001400287cc                GetTouchPointCount
 .text          0x00000001400287e0     0x7e20 C:/Users/Erik/code/raylib-5.5_win64_mingw-w64/lib/libraylib.a(rshapes.o)
                0x00000001400287e0                SetShapesTexture
                0x00000001400288ac                GetShapesTexture
                0x00000001400288ce                GetShapesTextureRectangle
                0x00000001400288dd                DrawPixelV
                0x0000000140028b00                DrawPixel
                0x0000000140028b33                DrawLine
                0x0000000140028bae                DrawLineV
                0x0000000140028c1d                DrawLineStrip
                0x0000000140028c96                DrawCircleSector
                0x0000000140029286                DrawCircleV
                0x00000001400292ae                DrawCircle
                0x00000001400292e2                DrawCircleSectorLines
                0x00000001400295f5                DrawCircleGradient
                0x00000001400297b6                DrawCircleLinesV
                0x00000001400298c3                DrawCircleLines
                0x00000001400298f7                DrawEllipse
                0x0000000140029a63                DrawEllipseLines
                0x0000000140029bc4                DrawRing
                0x000000014002a0e9                DrawRingLines
                0x000000014002a559                DrawRectanglePro
                0x000000014002a8e2                DrawRectangleV
                0x000000014002a92c                DrawRectangle
                0x000000014002a986                DrawRectangleRec
                0x000000014002a9af                DrawRectangleGradientEx
                0x000000014002ac3f                DrawRectangleGradientV
                0x000000014002acb6                DrawRectangleGradientH
                0x000000014002ad2b                DrawRectangleLines
                0x000000014002aecf                DrawRectangleLinesEx
                0x000000014002b046                DrawRectangleRounded
                0x000000014002bd3d                DrawRectangleRoundedLinesEx
                0x000000014002cac3                DrawRectangleRoundedLines
                0x000000014002caed                DrawTriangle
                0x000000014002cce1                DrawTriangleLines
                0x000000014002cdd2                DrawTriangleFan
                0x000000014002cfd3                DrawTriangleStrip
                0x000000014002d094                DrawLineBezier
                0x000000014002d33c                DrawLineEx
                0x000000014002d4b6                DrawPoly
                0x000000014002d7d5                DrawPolyLines
                0x000000014002d966                DrawPolyLinesEx
                0x000000014002dce3                DrawSplineLinear
                0x000000014002deca                DrawSplineBasis
                0x000000014002e3a0                DrawSplineCatmullRom
                0x000000014002e7b1                DrawSplineSegmentLinear
                0x000000014002e92b                DrawSplineSegmentBasis
                0x000000014002ecb9                DrawSplineSegmentCatmullRom
                0x000000014002efe8                DrawSplineSegmentBezierQuadratic
                0x000000014002f284                DrawSplineBezierQuadratic
                0x000000014002f2dd                DrawSplineSegmentBezierCubic
                0x000000014002f60e                DrawSplineBezierCubic
                0x000000014002f66a                GetSplinePointLinear
                0x000000014002f6be                GetSplinePointBasis
                0x000000014002f8ac                GetSplinePointCatmullRom
                0x000000014002f9d4                GetSplinePointBezierQuad
                0x000000014002fa5c                GetSplinePointBezierCubic
                0x000000014002fbbc                CheckCollisionPointRec
                0x000000014002fc18                CheckCollisionPointCircle
                0x000000014002fc4f                CheckCollisionPointTriangle
                0x000000014002fd33                CheckCollisionPointPoly
                0x000000014002fde1                CheckCollisionRecs
                0x000000014002fe5b                CheckCollisionCircles
                0x000000014002fe98                CheckCollisionCircleRec
                0x000000014002ff45                CheckCollisionLines
                0x000000014003023e                CheckCollisionPointLine
                0x000000014003040a                CheckCollisionCircleLine
                0x0000000140030555                GetCollisionRec
 .text          0x0000000140030600    0x39af0 C:/Users/Erik/code/raylib-5.5_win64_mingw-w64/lib/libraylib.a(rtextures.o)
                0x00000001400550b6                stbi_failure_reason
                0x00000001400550be                stbi_image_free
                0x00000001400550cd                stbi_set_flip_vertically_on_load
                0x00000001400550d4                stbi_load_gif_from_memory
                0x00000001400551db                stbi_is_hdr_from_memory
                0x00000001400551e1                stbi_is_hdr
                0x0000000140055208                stbi_is_hdr_from_file
                0x000000014005520e                stbi_is_hdr_from_callbacks
                0x0000000140055214                stbi_ldr_to_hdr_gamma
                0x000000014005521d                stbi_ldr_to_hdr_scale
                0x0000000140055226                stbi_hdr_to_ldr_gamma
                0x0000000140055227                stbi_hdr_to_ldr_scale
                0x0000000140055228                stbi_zlib_decode_malloc_guesssize
                0x00000001400552c2                stbi_zlib_decode_malloc
                0x00000001400552d9                stbi_zlib_decode_malloc_guesssize_headerflag
                0x000000014005884b                stbi_load_from_file
                0x00000001400588cc                stbi_load
                0x0000000140058937                stbi_load_from_memory
                0x00000001400589ac                stbi_load_from_callbacks
                0x0000000140058c36                stbi_loadf_from_memory
                0x0000000140058cab                stbi_loadf_from_callbacks
                0x0000000140058cfa                stbi_loadf_from_file
                0x0000000140058d4d                stbi_loadf
                0x0000000140058ed5                stbi_load_from_file_16
                0x0000000140058f56                stbi_load_16
                0x0000000140058fc1                stbi_load_16_from_memory
                0x0000000140059036                stbi_load_16_from_callbacks
                0x0000000140059375                stbi_zlib_decode_buffer
                0x00000001400593da                stbi_zlib_decode_noheader_malloc
                0x0000000140059473                stbi_zlib_decode_noheader_buffer
                0x00000001400594d8                stbi_set_unpremultiply_on_load
                0x00000001400594df                stbi_convert_iphone_png_to_rgb
                0x00000001400594e6                stbi_info_from_file
                0x0000000140059554                stbi_info
                0x00000001400595b4                stbi_is_16_bit_from_file
                0x000000014005960c                stbi_is_16_bit
                0x0000000140059656                stbi_info_from_memory
                0x00000001400596c0                stbi_info_from_callbacks
                0x0000000140059704                stbi_is_16_bit_from_memory
                0x0000000140059767                stbi_is_16_bit_from_callbacks
                0x000000014005979b                rl_load_dds_from_memory
                0x0000000140059b39                qoi_encode
                0x0000000140059fb4                qoi_decode
                0x000000014005a332                qoi_write
                0x000000014005a3c9                qoi_read
                0x000000014005a4b0                stbi_flip_vertically_on_write
                0x000000014005a4b7                stbi_write_bmp_to_func
                0x000000014005a50f                stbi_write_bmp
                0x000000014005a59c                stbi_write_tga_to_func
                0x000000014005a5f4                stbi_write_tga
                0x000000014005a681                stbi_write_hdr_to_func
                0x000000014005a6d9                stbi_write_hdr
                0x000000014005a76b                stbi_zlib_compress
                0x000000014005b2d1                stbi_write_png_to_mem
                0x000000014005b775                stbi_write_png
                0x000000014005b80b                stbi_write_png_to_func
                0x000000014005b872                stbi_write_jpg_to_func
                0x000000014005b8d5                stbi_write_jpg
                0x000000014005b972                stb_perlin_noise3_internal
                0x000000014005bd34                stb_perlin_noise3
                0x000000014005bd5a                stb_perlin_noise3_seed
                0x000000014005bd84                stb_perlin_ridge_noise3
                0x000000014005bf01                stb_perlin_fbm_noise3
                0x000000014005c025                stb_perlin_turbulence_noise3
                0x000000014005c168                stb_perlin_noise3_wrap_nonpow2
                0x000000014005c564                stbir_resize_init
                0x000000014005c5b7                stbir_set_datatypes
                0x000000014005c5ec                stbir_set_pixel_callbacks
                0x000000014005c61c                stbir_set_user_data
                0x000000014005c639                stbir_set_buffer_ptrs
                0x000000014005c674                stbir_set_edgemodes
                0x000000014005c68e                stbir_set_filters
                0x000000014005c6a8                stbir_set_filter_callbacks
                0x000000014005c6d6                stbir_set_pixel_layouts
                0x000000014005c6f0                stbir_set_non_pm_alpha_speed_over_quality
                0x000000014005c700                stbir_set_input_subrect
                0x000000014005c767                stbir_set_output_pixel_subrect
                0x000000014005c7b6                stbir_set_pixel_subrect
                0x000000014005c872                stbir_free_samplers
                0x000000014005c8ba                stbir_build_samplers_with_splits
                0x000000014005c8f9                stbir_build_samplers
                0x000000014005c90c                stbir_resize_extended
                0x000000014005c9cd                stbir_resize_extended_split
                0x000000014005ca8e                stbir_resize_uint8_linear
                0x000000014005cc2a                stbir_resize_uint8_srgb
                0x000000014005cdc6                stbir_resize_float_linear
                0x000000014005cf62                stbir_resize
                0x000000014005d16c                LoadImageFromMemory
                0x000000014005d49c                LoadImage
                0x000000014005d52f                LoadImageAnim
                0x000000014005d650                LoadImageAnimFromMemory
                0x000000014005d78f                LoadImageFromTexture
                0x000000014005d85d                LoadImageFromScreen
                0x000000014005d8d0                IsImageValid
                0x000000014005d8f5                UnloadImage
                0x000000014005d907                ExportImageToMemory
                0x000000014005d9bc                GenImageColor
                0x000000014005da28                GenImageGradientLinear
                0x000000014005dddb                GenImageGradientRadial
                0x000000014005e0b2                GenImageGradientSquare
                0x000000014005e3ee                GenImageChecked
                0x000000014005e4bc                GenImageWhiteNoise
                0x000000014005e586                GenImagePerlinNoise
                0x000000014005e81a                GenImageCellular
                0x000000014005eb2c                GenImageText
                0x000000014005eba7                ImageFromChannel
                0x000000014005f166                ImageAlphaClear
                0x000000014005f5d8                LoadImageColors
                0x000000014005fa78                ImageDither
                0x0000000140060162                LoadImagePalette
                0x00000001400602ae                UnloadImageColors
                0x00000001400602bd                UnloadImagePalette
                0x00000001400602cc                GetImageAlphaBorder
                0x0000000140060485                GetImageColor
                0x0000000140060879                ImageDrawPixel
                0x0000000140061066                ImageDrawPixelV
                0x0000000140061092                ImageDrawLine
                0x000000014006119e                ImageDrawLineV
                0x00000001400611fe                ImageDrawLineEx
                0x000000014006141a                ImageDrawCircleLines
                0x0000000140061554                ImageDrawCircleLinesV
                0x0000000140061585                ImageDrawTriangle
                0x000000014006190c                ImageDrawTriangleEx
                0x0000000140061e40                ImageDrawTriangleLines
                0x0000000140061f0e                ImageDrawTriangleFan
                0x0000000140061f60                ImageDrawTriangleStrip
                0x0000000140061fd2                LoadTextureFromImage
                0x000000014006203e                LoadTexture
                0x00000001400620cd                LoadRenderTexture
                0x00000001400621fe                IsTextureValid
                0x0000000140062222                UnloadTexture
                0x0000000140062250                IsRenderTextureValid
                0x00000001400622b2                UnloadRenderTexture
                0x00000001400622d9                UpdateTexture
                0x000000014006230e                UpdateTextureRec
                0x0000000140062356                GenTextureMipmaps
                0x000000014006237d                SetTextureFilter
                0x00000001400624f7                SetTextureWrap
                0x00000001400625b4                DrawTexturePro
                0x0000000140062a08                DrawTextureEx
                0x0000000140062ab7                DrawTexture
                0x0000000140062b14                DrawTextureV
                0x0000000140062b51                DrawTextureRec
                0x0000000140062bf3                DrawTextureNPatch
                0x000000014006364b                ColorIsEqual
                0x000000014006367e                Fade
                0x00000001400636ce                ColorToInt
                0x00000001400636ee                ColorNormalize
                0x0000000140063750                ColorFromNormalized
                0x00000001400637a4                ColorToHSV
                0x0000000140063894                ColorFromHSV
                0x0000000140063a3a                ColorTint
                0x0000000140063ae6                ColorBrightness
                0x0000000140063c01                ColorContrast
                0x0000000140063d55                ColorAlpha
                0x0000000140063da5                ColorAlphaBlend
                0x0000000140063f2c                ColorLerp
                0x0000000140064022                GetColor
                0x000000014006404a                GetPixelColor
                0x000000014006439a                SetPixelColor
                0x00000001400646e6                GetPixelDataSize
                0x0000000140064868                LoadImageRaw
                0x0000000140064973                ExportImage
                0x0000000140064c34                ExportImageAsCode
                0x0000000140064f15                ImageCopy
                0x000000014006500e                ImageFromImage
                0x0000000140065120                ImageCrop
                0x0000000140065309                ImageAlphaCrop
                0x0000000140065386                ImageResizeCanvas
                0x000000014006569b                ImageToPOT
                0x00000001400657df                ImageMipmaps
                0x0000000140065a09                ImageFormat
                0x0000000140066728                ImageResize
                0x0000000140066951                ImageResizeNN
                0x0000000140066a99                ImageAlphaMask
                0x0000000140066bff                ImageAlphaPremultiply
                0x0000000140066d09                ImageBlurGaussian
                0x0000000140067264                ImageKernelConvolution
                0x00000001400677a8                ImageColorTint
                0x00000001400678ed                ImageColorInvert
                0x0000000140067986                ImageColorGrayscale
                0x000000014006799a                ImageColorContrast
                0x0000000140067c0a                ImageColorBrightness
                0x0000000140067d13                ImageColorReplace
                0x0000000140067e0a                ImageFlipVertical
                0x0000000140067efc                ImageFlipHorizontal
                0x0000000140068031                ImageRotate
                0x00000001400684c7                ImageRotateCW
                0x0000000140068613                ImageRotateCCW
                0x0000000140068769                ImageClearBackground
                0x00000001400687f5                ImageDrawRectangleRec
                0x00000001400689dc                ImageDrawRectangle
                0x0000000140068a42                ImageDrawCircle
                0x0000000140068b61                ImageDrawCircleV
                0x0000000140068b92                ImageDrawRectangleV
                0x0000000140068bdf                ImageDrawRectangleLines
                0x0000000140068d12                ImageDraw
                0x0000000140069449                ImageTextEx
                0x0000000140069860                ImageText
                0x0000000140069964                ImageDrawTextEx
                0x0000000140069a9e                ImageDrawText
                0x0000000140069ba4                LoadTextureCubemap
 .text          0x000000014006a0f0     0xbc40 C:/Users/Erik/code/raylib-5.5_win64_mingw-w64/lib/libraylib.a(rtext.o)
                0x000000014006d924                stbrp_setup_heuristic
                0x000000014006d97c                stbrp_setup_allow_out_of_mem
                0x000000014006d999                stbrp_init_target
                0x000000014006da46                stbrp_pack_rects
                0x000000014006deeb                LoadFontDefault
                0x000000014006e27b                UnloadFontDefault
                0x000000014006e334                GetFontDefault
                0x000000014006e379                LoadFontFromImage
                0x000000014006e8ff                IsFontValid
                0x000000014006e925                LoadFontData
                0x0000000140071ed8                GenImageFontAtlas
                0x00000001400725e1                UnloadFontData
                0x0000000140072646                UnloadFont
                0x00000001400726b1                SetTextLineSpacing
                0x00000001400726b8                GetGlyphIndex
                0x0000000140072708                DrawTextCodepoint
                0x00000001400728b8                DrawTextCodepoints
                0x0000000140072adb                GetGlyphInfo
                0x0000000140072b7b                GetGlyphAtlasRec
                0x0000000140072c02                TextLength
                0x0000000140072c33                TextFormat
                0x0000000140073832                TextToInteger
                0x0000000140073896                TextToFloat
                0x0000000140073963                TextCopy
                0x00000001400739a7                TextIsEqual
                0x00000001400739cc                TextSubtext
                0x0000000140073a53                TextReplace
                0x0000000140073b8c                TextInsert
                0x0000000140073c2e                TextJoin
                0x0000000140073d0b                TextSplit
                0x0000000140073dab                TextAppend
                0x0000000140073dd3                TextFindIndex
                0x0000000140073df4                TextToUpper
                0x0000000140073e58                TextToLower
                0x0000000140073ebc                LoadFontFromMemory
                0x0000000140074217                LoadFontEx
                0x00000001400742e5                LoadFont
                0x00000001400744d5                TextToPascal
                0x0000000140074569                ExportFontAsCode
                0x0000000140074cc0                TextToSnake
                0x0000000140074d4c                TextToCamel
                0x0000000140074de0                UnloadUTF8
                0x0000000140074def                UnloadCodepoints
                0x0000000140074dfe                CodepointToUTF8
                0x0000000140074ee3                LoadUTF8
                0x0000000140074f7d                GetCodepoint
                0x0000000140075251                GetCodepointNext
                0x00000001400753f5                DrawTextEx
                0x000000014007563c                DrawText
                0x0000000140075765                DrawFPS
                0x00000001400757d0                DrawTextPro
                0x00000001400758c2                MeasureTextEx
                0x0000000140075b1c                MeasureText
                0x0000000140075c14                LoadCodepoints
                0x0000000140075ca1                GetCodepointCount
                0x0000000140075ce6                GetCodepointPrevious
 .text          0x0000000140075d30      0x970 C:/Users/Erik/code/raylib-5.5_win64_mingw-w64/lib/libraylib.a(utils.o)
                0x0000000140075d74                SetTraceLogCallback
                0x0000000140075d7c                SetLoadFileDataCallback
                0x0000000140075d84                SetSaveFileDataCallback
                0x0000000140075d8c                SetLoadFileTextCallback
                0x0000000140075d94                SetSaveFileTextCallback
                0x0000000140075d9c                SetTraceLogLevel
                0x0000000140075da3                TraceLog
                0x0000000140075f33                MemAlloc
                0x0000000140075f48                MemRealloc
                0x0000000140075f58                MemFree
                0x0000000140075f67                LoadFileData
                0x00000001400760f8                UnloadFileData
                0x0000000140076107                SaveFileData
                0x00000001400761ef                LoadFileText
                0x0000000140076339                UnloadFileText
                0x0000000140076348                SaveFileText
                0x0000000140076410                ExportDataAsCode
 .text          0x00000001400766a0    0x12a40 C:/Users/Erik/code/raylib-5.5_win64_mingw-w64/lib/libraylib.a(rglfw.o)
                0x000000014007677b                _glfwConnectWin32
                0x000000014007679e                _glfwFreeMonitorWin32
                0x00000001400767e6                _glfwRawMouseMotionSupportedWin32
                0x00000001400767ec                _glfwGetKeyScancodeWin32
                0x00000001400767ff                _glfwGetEGLNativeWindowWin32
                0x0000000140076807                _glfwGetRequiredInstanceExtensionsWin32
                0x0000000140076845                _glfwGetMappingNameWin32
                0x0000000140076ab9                _glfwIconifyWindowWin32
                0x0000000140076ad5                _glfwRestoreWindowWin32
                0x0000000140076af1                _glfwHideWindowWin32
                0x0000000140076b0d                _glfwDestroyCursorWin32
                0x0000000140076b9c                _glfwGetMonitorWorkareaWin32
                0x0000000140076c39                _glfwGetEGLNativeDisplayWin32
                0x0000000140076c4f                _glfwGetMonitorPosWin32
                0x0000000140076d52                _glfwSetWindowFloatingWin32
                0x0000000140076e5d                _glfwGetWindowSizeWin32
                0x0000000140076e98                _glfwGetFramebufferSizeWin32
                0x0000000140076eff                _glfwGetWindowPosWin32
                0x0000000140076fa5                _glfwSetWindowSizeLimitsWin32
                0x000000014007700f                _glfwWindowVisibleWin32
                0x0000000140077025                _glfwShowWindowWin32
                0x000000014007709f                _glfwRequestWindowAttentionWin32
                0x00000001400770bb                _glfwFocusWindowWin32
                0x00000001400770f1                _glfwWindowFocusedWin32
                0x0000000140077112                _glfwWindowIconifiedWin32
                0x0000000140077128                _glfwWindowMaximizedWin32
                0x000000014007713e                _glfwGetCursorPosWin32
                0x000000014007721e                _glfwWindowHoveredWin32
                0x000000014007722c                _glfwSetCursorWin32
                0x000000014007724d                _glfwGetWindowOpacityWin32
                0x00000001400772c2                _glfwSetWindowMousePassthroughWin32
                0x0000000140077394                _glfwSetWindowOpacityWin32
                0x0000000140077432                _glfwPostEmptyEventWin32
                0x000000014007745a                _glfwSetCursorPosWin32
                0x00000001400776af                _glfwUpdateGamepadGUIDWin32
                0x00000001400777ba                _glfwEncodeUTF8
                0x000000014007785f                _glfw_min
                0x0000000140077867                _glfw_max
                0x000000014007786f                _glfw_free
                0x0000000140077950                glfwInitVulkanLoader
                0x0000000140077958                glfwGetVersion
                0x000000014007797b                glfwSetErrorCallback
                0x000000014007798a                glfwGetVersionString
                0x0000000140077992                _glfwChooseFBConfig
                0x0000000140077bbb                _glfwStringInExtensionString
                0x0000000140077ca4                _glfwInputMonitorWindow
                0x0000000140077cdf                _glfwFreeGammaArrays
                0x0000000140077d26                _glfwFreeMonitor
                0x0000000140077d6c                _glfwChooseVideoMode
                0x0000000140077f25                _glfwCompareVideoModes
                0x0000000140077f33                _glfwSplitBPP
                0x0000000140077f94                _glfwInputWindowPos
                0x0000000140077fe3                _glfwInputWindowSize
                0x0000000140078072                _glfwInputWindowIconify
                0x00000001400780da                _glfwInputWindowMaximize
                0x0000000140078142                _glfwInputFramebufferSize
                0x00000001400781d1                _glfwInputWindowContentScale
                0x00000001400782e6                _glfwInputWindowDamage
                0x0000000140078327                _glfwInputWindowCloseRequest
                0x000000014007836f                _glfwInputWindowMonitor
                0x00000001400783a7                _glfwInputKey
                0x0000000140078532                _glfwPollEventsWin32
                0x0000000140078704                _glfwWaitEventsWin32
                0x0000000140078719                _glfwWaitEventsTimeoutWin32
                0x0000000140078753                _glfwInputChar
                0x0000000140078823                _glfwInputScroll
                0x0000000140078943                _glfwInputMouseClick
                0x0000000140078a6b                _glfwInputWindowFocus
                0x0000000140078b58                _glfwInputCursorPos
                0x0000000140078ca8                _glfwInputCursorEnter
                0x0000000140078d10                _glfwInputDrop
                0x0000000140078da0                _glfwInputJoystick
                0x0000000140078e2e                _glfwInputJoystickAxis
                0x0000000140078ebb                _glfwInputJoystickButton
                0x0000000140078f64                _glfwInputJoystickHat
                0x00000001400790c6                _glfwFreeJoystick
                0x000000014007914d                _glfwTerminateJoysticksWin32
                0x000000014007918f                _glfwPollJoystickWin32
                0x00000001400795f6                _glfwCenterCursorInContentArea
                0x0000000140079642                _glfwTerminateVulkan
                0x000000014007965e                _glfwGetVulkanResultString
                0x00000001400797c3                _glfwUpdateKeyNamesWin32
                0x000000014007999c                _glfwIsWindowsVersionOrGreaterWin32
                0x0000000140079b41                _glfwFramebufferTransparentWin32
                0x0000000140079c6d                _glfwIsWindows10BuildOrGreaterWin32
                0x0000000140079e64                _glfwSetWindowAspectRatioWin32
                0x0000000140079ed6                _glfwSetWindowPosWin32
                0x0000000140079fa7                _glfwGetWindowFrameSizeWin32
                0x000000014007a0d5                _glfwMaximizeWindowWin32
                0x000000014007a3f3                _glfwSetWindowResizableWin32
                0x000000014007a402                _glfwSetWindowDecoratedWin32
                0x000000014007a411                _glfwPlatformLoadModule
                0x000000014007a420                _glfwPlatformFreeModule
                0x000000014007a430                _glfwPlatformGetModuleSymbol
                0x000000014007a43f                _glfwRestoreVideoModeWin32
                0x000000014007a4f8                _glfwDetectJoystickDisconnectionWin32
                0x000000014007a536                _glfwPlatformInitTimer
                0x000000014007a54d                _glfwPlatformGetTimerValue
                0x000000014007a566                _glfwPlatformGetTimerFrequency
                0x000000014007a56e                _glfwPlatformDestroyTls
                0x000000014007a593                _glfwPlatformGetTls
                0x000000014007a5cb                glfwGetError
                0x000000014007a75d                _glfwPlatformSetTls
                0x000000014007a79e                _glfwPlatformCreateMutex
                0x000000014007a7e2                _glfwPlatformDestroyMutex
                0x000000014007a813                _glfwPlatformLockMutex
                0x000000014007a84d                _glfwPlatformUnlockMutex
                0x000000014007a887                _glfwInputError
                0x000000014007ae24                _glfw_calloc
                0x000000014007aea8                _glfw_strdup
                0x000000014007aed6                _glfwAllocMonitor
                0x000000014007af1b                _glfwAllocGammaArrays
                0x000000014007af66                _glfwGetGammaRampWin32
                0x000000014007b00c                _glfwAllocJoystick
                0x000000014007b114                _glfwGetEGLPlatformWin32
                0x000000014007b211                _glfw_realloc
                0x000000014007b26f                _glfwParseUriList
                0x000000014007b3a1                _glfwInputMonitor
                0x000000014007b63a                glfwInitHint
                0x000000014007b6c9                glfwInitAllocator
                0x000000014007b758                _glfwSelectPlatform
                0x000000014007b7c0                glfwGetPlatform
                0x000000014007b7ee                glfwPlatformSupported
                0x000000014007b82e                _glfwIsValidContextConfig
                0x000000014007ba99                glfwMakeContextCurrent
                0x000000014007bb22                glfwGetCurrentContext
                0x000000014007bb56                glfwSwapBuffers
                0x000000014007bbc5                glfwSwapInterval
                0x000000014007bc19                glfwExtensionSupported
                0x000000014007bd95                _glfwRefreshContextAttribs
                0x000000014007c2b1                glfwGetProcAddress
                0x000000014007c331                glfwGetMonitors
                0x000000014007c394                glfwGetPrimaryMonitor
                0x000000014007c3d6                glfwGetMonitorPos
                0x000000014007c44f                glfwGetMonitorWorkarea
                0x000000014007c4f8                glfwGetMonitorPhysicalSize
                0x000000014007c57b                glfwGetMonitorContentScale
                0x000000014007c5f4                glfwGetMonitorName
                0x000000014007c645                glfwSetMonitorUserPointer
                0x000000014007c69a                glfwGetMonitorUserPointer
                0x000000014007c6ef                glfwSetMonitorCallback
                0x000000014007c725                glfwGetVideoModes
                0x000000014007c7c1                glfwGetVideoMode
                0x000000014007c834                glfwGetGammaRamp
                0x000000014007c8b0                glfwSetGammaRamp
                0x000000014007ca26                glfwSetGamma
                0x000000014007cc12                glfwDefaultWindowHints
                0x000000014007cd5b                glfwWindowHint
                0x000000014007d0f3                glfwWindowHintString
                0x000000014007d1db                glfwDestroyWindow
                0x000000014007d27d                glfwCreateWindow
                0x000000014007d5b9                glfwWindowShouldClose
                0x000000014007d60a                glfwSetWindowShouldClose
                0x000000014007d65a                glfwGetWindowTitle
                0x000000014007d6ac                glfwSetWindowTitle
                0x000000014007d742                glfwSetWindowIcon
                0x000000014007d887                glfwGetWindowPos
                0x000000014007d900                glfwSetWindowPos
                0x000000014007d969                glfwGetWindowSize
                0x000000014007d9e2                glfwSetWindowSize
                0x000000014007da89                glfwSetWindowSizeLimits
                0x000000014007db7e                glfwSetWindowAspectRatio
                0x000000014007dc7b                glfwGetFramebufferSize
                0x000000014007dcf4                glfwGetWindowFrameSize
                0x000000014007dd9d                glfwGetWindowContentScale
                0x000000014007de16                glfwGetWindowOpacity
                0x000000014007de6c                glfwSetWindowOpacity
                0x000000014007df9d                glfwIconifyWindow
                0x000000014007dff0                glfwRestoreWindow
                0x000000014007e043                glfwMaximizeWindow
                0x000000014007e09e                glfwShowWindow
                0x000000014007e108                glfwRequestWindowAttention
                0x000000014007e15b                glfwHideWindow
                0x000000014007e1b6                glfwFocusWindow
                0x000000014007e209                glfwGetWindowAttrib
                0x000000014007e3e4                glfwSetWindowAttrib
                0x000000014007e4d3                glfwGetWindowMonitor
                0x000000014007e525                glfwSetWindowMonitor
                0x000000014007e674                glfwSetWindowUserPointer
                0x000000014007e6c6                glfwGetWindowUserPointer
                0x000000014007e718                glfwSetWindowPosCallback
                0x000000014007e779                glfwSetWindowSizeCallback
                0x000000014007e7da                glfwSetWindowCloseCallback
                0x000000014007e83b                glfwSetWindowRefreshCallback
                0x000000014007e89c                glfwSetWindowFocusCallback
                0x000000014007e8fd                glfwSetWindowIconifyCallback
                0x000000014007e95e                glfwSetWindowMaximizeCallback
                0x000000014007e9bf                glfwSetFramebufferSizeCallback
                0x000000014007ea20                glfwSetWindowContentScaleCallback
                0x000000014007ea81                glfwPollEvents
                0x000000014007eaab                glfwWaitEvents
                0x000000014007ead5                glfwWaitEventsTimeout
                0x000000014007ebca                glfwPostEmptyEvent
                0x000000014007f1bf                _glfwInitGamepadMappings
                0x000000014007f225                glfwGetInputMode
                0x000000014007f2d5                glfwSetInputMode
                0x000000014007f496                glfwRawMouseMotionSupported
                0x000000014007f4c6                glfwGetKeyName
                0x000000014007f54a                glfwGetKeyScancode
                0x000000014007f59f                glfwGetKey
                0x000000014007f63a                glfwGetMouseButton
                0x000000014007f6d0                glfwGetCursorPos
                0x000000014007f77b                glfwSetCursorPos
                0x000000014007f881                glfwSetCursor
                0x000000014007f8e0                glfwDestroyCursor
                0x000000014007fad5                glfwTerminate
                0x000000014007faee                glfwCreateCursor
                0x000000014007fbf1                glfwCreateStandardCursor
                0x000000014007fc89                glfwSetKeyCallback
                0x000000014007fcea                glfwSetCharCallback
                0x000000014007fd4b                glfwSetCharModsCallback
                0x000000014007fdac                glfwSetMouseButtonCallback
                0x000000014007fe0d                glfwSetCursorPosCallback
                0x000000014007fe6e                glfwSetCursorEnterCallback
                0x000000014007fecf                glfwSetScrollCallback
                0x000000014007ff30                glfwSetDropCallback
                0x000000014007ff91                glfwJoystickPresent
                0x000000014008006c                glfwGetJoystickAxes
                0x00000001400801ae                glfwGetJoystickButtons
                0x000000014008030b                glfwGetJoystickHats
                0x000000014008044d                glfwGetJoystickName
                0x000000014008054f                glfwGetJoystickGUID
                0x0000000140080654                glfwSetJoystickUserPointer
                0x00000001400806e2                glfwGetJoystickUserPointer
                0x0000000140080777                glfwSetJoystickCallback
                0x00000001400807c2                glfwUpdateGamepadMappings
                0x000000014008098f                glfwJoystickIsGamepad
                0x0000000140080a83                glfwGetGamepadName
                0x0000000140080b8d                glfwGetGamepadState
                0x0000000140080e9a                glfwSetClipboardString
                0x0000000140080eed                glfwGetClipboardString
                0x0000000140080f1b                glfwGetTime
                0x0000000140080fa8                glfwSetTime
                0x0000000140081076                glfwGetTimerValue
                0x00000001400810a3                glfwGetTimerFrequency
                0x00000001400810d2                _glfwInitVulkan
                0x00000001400813ab                glfwVulkanSupported
                0x00000001400813df                glfwGetRequiredInstanceExtensions
                0x0000000140081461                glfwGetInstanceProcAddress
                0x000000014008150d                glfwGetPhysicalDevicePresentationSupport
                0x00000001400815c9                glfwCreateWindowSurface
                0x0000000140081703                _glfwInputErrorWin32
                0x00000001400817f1                _glfwCreateWideStringFromUTF8Win32
                0x00000001400818a4                _glfwSetWindowTitleWin32
                0x00000001400818dd                _glfwCreateUTF8FromWideStringWin32
                0x0000000140081c59                _glfwPollMonitorsWin32
                0x0000000140081f08                _glfwInitWin32
                0x000000014008298e                _glfwDestroyWindowWin32
                0x0000000140082ada                _glfwSetRawMouseMotionWin32
                0x0000000140082afe                _glfwSetCursorModeWin32
                0x0000000140082e12                _glfwSetWindowIconWin32
                0x0000000140082fec                _glfwCreateCursorWin32
                0x000000014008301b                _glfwSetClipboardStringWin32
                0x0000000140083158                _glfwGetClipboardStringWin32
                0x0000000140083318                _glfwGetHMONITORContentScaleWin32
                0x0000000140083410                _glfwGetMonitorContentScaleWin32
                0x0000000140083bce                _glfwGetWindowContentScaleWin32
                0x0000000140083c02                _glfwGetVideoModeWin32
                0x0000000140083ca6                _glfwGetVideoModesWin32
                0x0000000140083ed3                _glfwSetVideoModeWin32
                0x00000001400840c7                _glfwSetWindowSizeWin32
                0x00000001400841d2                _glfwSetWindowMonitorWin32
                0x000000014008452f                _glfwSetGammaRampWin32
                0x00000001400845e6                glfwGetWin32Adapter
                0x0000000140084639                glfwGetWin32Monitor
                0x000000014008575f                _glfwGetScancodeNameWin32
                0x00000001400857c0                _glfwCreateStandardCursorWin32
                0x00000001400858a3                _glfwGetPhysicalDevicePresentationSupportWin32
                0x00000001400858e7                _glfwCreateWindowSurfaceWin32
                0x000000014008599d                glfwGetWin32Window
                0x00000001400859f0                _glfwDetectJoystickConnectionWin32
                0x00000001400862b1                _glfwInitJoysticksWin32
                0x0000000140086313                _glfwPlatformCreateTls
                0x0000000140086373                glfwInit
                0x00000001400866d2                _glfwInitWGL
                0x0000000140086a40                _glfwTerminateWGL
                0x0000000140086a5c                _glfwCreateContextWGL
                0x00000001400877a7                glfwGetWGLContext
                0x000000014008781c                _glfwTerminateEGL
                0x000000014008785f                _glfwInitEGL
                0x0000000140087e03                _glfwCreateContextEGL
                0x000000014008870d                glfwGetEGLDisplay
                0x000000014008873c                glfwGetEGLContext
                0x000000014008878d                glfwGetEGLSurface
                0x00000001400887de                _glfwTerminateOSMesa
                0x0000000140088804                _glfwTerminateWin32
                0x0000000140088921                _glfwInitOSMesa
                0x0000000140088aaa                _glfwCreateContextOSMesa
                0x0000000140088d06                _glfwCreateWindowWin32
                0x0000000140088e5e                glfwGetOSMesaColorBuffer
                0x0000000140088f75                glfwGetOSMesaDepthBuffer
                0x000000014008908c                glfwGetOSMesaContext
 .text          0x00000001400890e0       0xd0 C:/msys64/ucrt64/bin/../lib/gcc/x86_64-w64-mingw32/13.1.0/../../../../lib/libmingw32.a(lib64_libmingw32_a-gccmain.o)
                0x00000001400890e0                __do_global_dtors
                0x0000000140089120                __do_global_ctors
                0x0000000140089190                __main
 .text          0x00000001400891b0       0x10 C:/msys64/ucrt64/bin/../lib/gcc/x86_64-w64-mingw32/13.1.0/../../../../lib/libmingw32.a(lib64_libmingw32_a-dllargv.o)
                0x00000001400891b0                _setargv
 .text          0x00000001400891c0       0xd0 C:/msys64/ucrt64/bin/../lib/gcc/x86_64-w64-mingw32/13.1.0/../../../../lib/libmingw32.a(lib64_libmingw32_a-tlssup.o)
                0x00000001400891f0                __dyn_tls_init
                0x0000000140089280                __tlregdtor
 .text          0x0000000140089290      0x100 C:/msys64/ucrt64/bin/../lib/gcc/x86_64-w64-mingw32/13.1.0/../../../../lib/libmingw32.a(lib64_libmingw32_a-merr.o)
                0x0000000140089290                _matherr
 .text          0x0000000140089390       0x10 C:/msys64/ucrt64/bin/../lib/gcc/x86_64-w64-mingw32/13.1.0/../../../../lib/libmingw32.a(lib64_libmingw32_a-CRT_fp10.o)
                0x0000000140089390                _fpreset
                0x0000000140089390                fpreset
 .text          0x00000001400893a0      0x540 C:/msys64/ucrt64/bin/../lib/gcc/x86_64-w64-mingw32/13.1.0/../../../../lib/libmingw32.a(lib64_libmingw32_a-pseudo-reloc.o)
                0x0000000140089580                _pei386_runtime_relocator
 .text          0x00000001400898e0       0x50 C:/msys64/ucrt64/bin/../lib/gcc/x86_64-w64-mingw32/13.1.0/../../../../lib/libmingw32.a(lib64_libmingw32_a-usermatherr.o)
                0x00000001400898e0                __mingw_raise_matherr
                0x0000000140089920                __mingw_setusermatherr
 .text          0x0000000140089930      0x1a0 C:/msys64/ucrt64/bin/../lib/gcc/x86_64-w64-mingw32/13.1.0/../../../../lib/libmingw32.a(lib64_libmingw32_a-crt_handler.o)
                0x0000000140089930                _gnu_exception_handler
 .text          0x0000000140089ad0      0x270 C:/msys64/ucrt64/bin/../lib/gcc/x86_64-w64-mingw32/13.1.0/../../../../lib/libmingw32.a(lib64_libmingw32_a-tlsthrd.o)
                0x0000000140089b40                ___w64_mingwthr_add_key_dtor
                0x0000000140089bb0                ___w64_mingwthr_remove_key_dtor
                0x0000000140089c40                __mingw_TLScallback
 .text          0x0000000140089d40      0x400 C:/msys64/ucrt64/bin/../lib/gcc/x86_64-w64-mingw32/13.1.0/../../../../lib/libmingw32.a(lib64_libmingw32_a-pesect.o)
                0x0000000140089d40                _ValidateImageBase
                0x0000000140089d70                _FindPESection
                0x0000000140089dc0                _FindPESectionByName
                0x0000000140089e60                __mingw_GetSectionForAddress
                0x0000000140089ee0                __mingw_GetSectionCount
                0x0000000140089f20                _FindPESectionExec
                0x0000000140089fa0                _GetPEImageBase
                0x0000000140089fe0                _IsNonwritableInCurrentImage
                0x000000014008a070                __mingw_enum_import_library_names
 .text          0x000000014008a140       0x40 C:/msys64/ucrt64/bin/../lib/gcc/x86_64-w64-mingw32/13.1.0/libgcc.a(_chkstk_ms.o)
                0x000000014008a140                ___chkstk_ms
 .text          0x000000014008a180       0x40 C:/msys64/ucrt64/bin/../lib/gcc/x86_64-w64-mingw32/13.1.0/../../../../lib/libmingwex.a(lib64_libmingwex_a-fmax.o)
                0x000000014008a180                fmax
 .text          0x000000014008a1c0       0x30 C:/msys64/ucrt64/bin/../lib/gcc/x86_64-w64-mingw32/13.1.0/../../../../lib/libmingwex.a(lib64_libmingwex_a-fmaxf.o)
                0x000000014008a1c0                fmaxf
 .text          0x000000014008a1f0       0x40 C:/msys64/ucrt64/bin/../lib/gcc/x86_64-w64-mingw32/13.1.0/../../../../lib/libmingwex.a(lib64_libmingwex_a-fmin.o)
                0x000000014008a1f0                fmin
 .text          0x000000014008a230       0x30 C:/msys64/ucrt64/bin/../lib/gcc/x86_64-w64-mingw32/13.1.0/../../../../lib/libmingwex.a(lib64_libmingwex_a-fminf.o)
                0x000000014008a230                fminf
 .text          0x000000014008a260       0xf0 C:/msys64/ucrt64/bin/../lib/gcc/x86_64-w64-mingw32/13.1.0/../../../../lib/libmingwex.a(lib64_libmingwex_a-hypot.o)
                0x000000014008a260                hypot
 .text          0x000000014008a350       0x20 C:/msys64/ucrt64/bin/../lib/gcc/x86_64-w64-mingw32/13.1.0/../../../../lib/libmingwex.a(lib64_libmingwex_a-logf.o)
                0x000000014008a350                logf
 .text          0x000000014008a370      0x110 C:/msys64/ucrt64/bin/../lib/gcc/x86_64-w64-mingw32/13.1.0/../../../../lib/libmingwex.a(lib64_libmingwex_a-roundf.o)
                0x000000014008a370                roundf
 .text          0x000000014008a480      0x140 C:/msys64/ucrt64/bin/../lib/gcc/x86_64-w64-mingw32/13.1.0/../../../../lib/libmingwex.a(lib64_libmingwex_a-sqrt.o)
                0x000000014008a480                sqrt
 .text          0x000000014008a5c0      0x130 C:/msys64/ucrt64/bin/../lib/gcc/x86_64-w64-mingw32/13.1.0/../../../../lib/libmingwex.a(lib64_libmingwex_a-sqrtf.o)
                0x000000014008a5c0                sqrtf
 .text          0x000000014008a6f0      0x630 C:/msys64/ucrt64/bin/../lib/gcc/x86_64-w64-mingw32/13.1.0/../../../../lib/libmingwex.a(lib64_libmingwex_a-dirent.o)
                0x000000014008a6f0                opendir
                0x000000014008a8f0                readdir
                0x000000014008ab20                closedir
                0x000000014008ab80                rewinddir
                0x000000014008abe0                telldir
                0x000000014008ac20                seekdir
 .text          0x000000014008ad20       0x50 C:/msys64/ucrt64/bin/../lib/gcc/x86_64-w64-mingw32/13.1.0/../../../../lib/libmingwex.a(lib64_libmingwex_a-mingw_vfprintf.o)
                0x000000014008ad20                __mingw_vfprintf
 .text          0x000000014008ad70     0x4030 C:/msys64/ucrt64/bin/../lib/gcc/x86_64-w64-mingw32/13.1.0/../../../../lib/libmingwex.a(lib64_libmingwex_a-mingw_vfscanf.o)
                0x000000014008ed10                __mingw_vfscanf
                0x000000014008ed50                __mingw_vsscanf
 .text          0x000000014008eda0       0x60 C:/msys64/ucrt64/bin/../lib/gcc/x86_64-w64-mingw32/13.1.0/../../../../lib/libmingwex.a(lib64_libmingwex_a-mingw_vsnprintf.o)
                0x000000014008eda0                __mingw_vsnprintf
 .text          0x000000014008ee00       0x30 C:/msys64/ucrt64/bin/../lib/gcc/x86_64-w64-mingw32/13.1.0/../../../../lib/libmingwex.a(lib64_libmingwex_a-mingw_vsprintf.o)
                0x000000014008ee00                __mingw_vsprintf
 .text          0x000000014008ee30       0x30 C:/msys64/ucrt64/bin/../lib/gcc/x86_64-w64-mingw32/13.1.0/../../../../lib/libmingwex.a(lib64_libmingwex_a-acosf.o)
                0x000000014008ee30                acosf
 .text          0x000000014008ee60       0x30 C:/msys64/ucrt64/bin/../lib/gcc/x86_64-w64-mingw32/13.1.0/../../../../lib/libmingwex.a(lib64_libmingwex_a-asinf.o)
                0x000000014008ee60                asinf
 .text          0x000000014008ee90       0x30 C:/msys64/ucrt64/bin/../lib/gcc/x86_64-w64-mingw32/13.1.0/../../../../lib/libmingwex.a(lib64_libmingwex_a-atan2f.o)
                0x000000014008ee90                atan2f
 .text          0x000000014008eec0       0xd0 C:/msys64/ucrt64/bin/../lib/gcc/x86_64-w64-mingw32/13.1.0/../../../../lib/libmingwex.a(lib64_libmingwex_a-ceilf.o)
                0x000000014008eec0                ceilf
 .text          0x000000014008ef90      0x110 C:/msys64/ucrt64/bin/../lib/gcc/x86_64-w64-mingw32/13.1.0/../../../../lib/libmingwex.a(lib64_libmingwex_a-cos.o)
                0x000000014008ef90                cos
 .text          0x000000014008f0a0       0x20 C:/msys64/ucrt64/bin/../lib/gcc/x86_64-w64-mingw32/13.1.0/../../../../lib/libmingwex.a(lib64_libmingwex_a-cosf.o)
                0x000000014008f0a0                cosf
 .text          0x000000014008f0c0       0x30 C:/msys64/ucrt64/bin/../lib/gcc/x86_64-w64-mingw32/13.1.0/../../../../lib/libmingwex.a(lib64_libmingwex_a-cosl_internal.o)
                0x000000014008f0c0                __cosl_internal
 .text          0x000000014008f0f0       0xb0 C:/msys64/ucrt64/bin/../lib/gcc/x86_64-w64-mingw32/13.1.0/../../../../lib/libmingwex.a(lib64_libmingwex_a-cossin.o)
                0x000000014008f0f0                sincos
                0x000000014008f130                sincosf
                0x000000014008f170                sincosl
 .text          0x000000014008f1a0      0x1b0 C:/msys64/ucrt64/bin/../lib/gcc/x86_64-w64-mingw32/13.1.0/../../../../lib/libmingwex.a(lib64_libmingwex_a-floor.o)
                0x000000014008f1a0                floor
 .text          0x000000014008f350       0x20 C:/msys64/ucrt64/bin/../lib/gcc/x86_64-w64-mingw32/13.1.0/../../../../lib/libmingwex.a(lib64_libmingwex_a-floorf.o)
                0x000000014008f350                floorf
 .text          0x000000014008f370       0x30 C:/msys64/ucrt64/bin/../lib/gcc/x86_64-w64-mingw32/13.1.0/../../../../lib/libmingwex.a(lib64_libmingwex_a-fmod.o)
                0x000000014008f370                fmod
 .text          0x000000014008f3a0       0x40 C:/msys64/ucrt64/bin/../lib/gcc/x86_64-w64-mingw32/13.1.0/../../../../lib/libmingwex.a(lib64_libmingwex_a-fmodf.o)
                0x000000014008f3a0                fmodf
 .text          0x000000014008f3e0      0x130 C:/msys64/ucrt64/bin/../lib/gcc/x86_64-w64-mingw32/13.1.0/../../../../lib/libmingwex.a(lib64_libmingwex_a-log.o)