Archive member included to satisfy reference by file (symbol)

C:/msys64/ucrt64/bin/../lib/gcc/x86_64-w64-mingw32/13.1.0/../../../../lib/libmingw32.a(lib64_libmingw32_a-gccmain.o)
                              C:/msys64/ucrt64/bin/../lib/gcc/x86_64-w64-mingw32/13.1.0/../../../../lib/crt2.o (__main)
C:/msys64/ucrt64/bin/../lib/gcc/x86_64-w64-mingw32/13.1.0/../../../../lib/libmingw32.a(lib64_libmingw32_a-natstart.o)
                              C:/msys64/ucrt64/bin/../lib/gcc/x86_64-w64-mingw32/13.1.0/../../../../lib/crt2.o (__native_startup_lock)
C:/msys64/ucrt64/bin/../lib/gcc/x86_64-w64-mingw32/13.1.0/../../../../lib/libmingw32.a(lib64_libmingw32_a-wildcard.o)
                              C:/msys64/ucrt64/bin/../lib/gcc/x86_64-w64-mingw32/13.1.0/../../../../lib/crt2.o (_dowildcard)
C:/msys64/ucrt64/bin/../lib/gcc/x86_64-w64-mingw32/13.1.0/../../../../lib/libmingw32.a(lib64_libmingw32_a-dllargv.o)
                              C:/msys64/ucrt64/bin/../lib/gcc/x86_64-w64-mingw32/13.1.0/../../../../lib/crt2.o (_setargv)
C:/msys64/ucrt64/bin/../lib/gcc/x86_64-w64-mingw32/13.1.0/../../../../lib/libmingw32.a(lib64_libmingw32_a-_newmode.o)
                              C:/msys64/ucrt64/bin/../lib/gcc/x86_64-w64-mingw32/13.1.0/../../../../lib/crt2.o (_newmode)
C:/msys64/ucrt64/bin/../lib/gcc/x86_64-w64-mingw32/13.1.0/../../../../lib/libmingw32.a(lib64_libmingw32_a-tlssup.o)
                              C:/msys64/ucrt64/bin/../lib/gcc/x86_64-w64-mingw32/13.1.0/../../../../lib/crt2.o (__mingw_initltssuo_force)
C:/msys64/ucrt64/bin/../lib/gcc/x86_64-w64-mingw32/13.1.0/../../../../lib/libmingw32.a(lib64_libmingw32_a-xncommod.o)
                              C:/msys64/ucrt64/bin/../lib/gcc/x86_64-w64-mingw32/13.1.0/../../../../lib/crt2.o (_commode)
C:/msys64/ucrt64/bin/../lib/gcc/x86_64-w64-mingw32/13.1.0/../../../../lib/libmingw32.a(lib64_libmingw32_a-cinitexe.o)
                              C:/msys64/ucrt64/bin/../lib/gcc/x86_64-w64-mingw32/13.1.0/../../../../lib/crt2.o (__xc_z)
C:/msys64/ucrt64/bin/../lib/gcc/x86_64-w64-mingw32/13.1.0/../../../../lib/libmingw32.a(lib64_libmingw32_a-merr.o)
                              C:/msys64/ucrt64/bin/../lib/gcc/x86_64-w64-mingw32/13.1.0/../../../../lib/crt2.o (_matherr)
C:/msys64/ucrt64/bin/../lib/gcc/x86_64-w64-mingw32/13.1.0/../../../../lib/libmingw32.a(lib64_libmingw32_a-CRT_fp10.o)
                              C:/msys64/ucrt64/bin/../lib/gcc/x86_64-w64-mingw32/13.1.0/../../../../lib/crt2.o (_fpreset)
C:/msys64/ucrt64/bin/../lib/gcc/x86_64-w64-mingw32/13.1.0/../../../../lib/libmingw32.a(lib64_libmingw32_a-mingw_helpers.o)
                              C:/msys64/ucrt64/bin/../lib/gcc/x86_64-w64-mingw32/13.1.0/../../../../lib/crt2.o (__mingw_app_type)
C:/msys64/ucrt64/bin/../lib/gcc/x86_64-w64-mingw32/13.1.0/../../../../lib/libmingw32.a(lib64_libmingw32_a-pseudo-reloc.o)
                              C:/msys64/ucrt64/bin/../lib/gcc/x86_64-w64-mingw32/13.1.0/../../../../lib/crt2.o (_pei386_runtime_relocator)
C:/msys64/ucrt64/bin/../lib/gcc/x86_64-w64-mingw32/13.1.0/../../../../lib/libmingw32.a(lib64_libmingw32_a-usermatherr.o)
                              C:/msys64/ucrt64/bin/../lib/gcc/x86_64-w64-mingw32/13.1.0/../../../../lib/crt2.o (__mingw_setusermatherr)
C:/msys64/ucrt64/bin/../lib/gcc/x86_64-w64-mingw32/13.1.0/../../../../lib/libmingw32.a(lib64_libmingw32_a-xtxtmode.o)
                              C:/msys64/ucrt64/bin/../lib/gcc/x86_64-w64-mingw32/13.1.0/../../../../lib/crt2.o (_fmode)
C:/msys64/ucrt64/bin/../lib/gcc/x86_64-w64-mingw32/13.1.0/../../../../lib/libmingw32.a(lib64_libmingw32_a-crt_handler.o)
                              C:/msys64/ucrt64/bin/../lib/gcc/x86_64-w64-mingw32/13.1.0/../../../../lib/crt2.o (_gnu_exception_handler)
C:/msys64/ucrt64/bin/../lib/gcc/x86_64-w64-mingw32/13.1.0/../../../../lib/libmingw32.a(lib64_libmingw32_a-tlsthrd.o)
                              C:/msys64/ucrt64/bin/../lib/gcc/x86_64-w64-mingw32/13.1.0/../../../../lib/libmingw32.a(lib64_libmingw32_a-tlssup.o) (__mingw_TLScallback)
C:/msys64/ucrt64/bin/../lib/gcc/x86_64-w64-mingw32/13.1.0/../../../../lib/libmingw32.a(lib64_libmingw32_a-tlsmcrt.o)
                              C:/msys64/ucrt64/bin/../lib/gcc/x86_64-w64-mingw32/13.1.0/../../../../lib/libmingw32.a(lib64_libmingw32_a-tlssup.o) (_CRT_MT)
C:/msys64/ucrt64/bin/../lib/gcc/x86_64-w64-mingw32/13.1.0/../../../../lib/libmingw32.a(lib64_libmingw32_a-pseudo-reloc-list.o)
                              C:/msys64/ucrt64/bin/../lib/gcc/x86_64-w64-mingw32/13.1.0/../../../../lib/libmingw32.a(lib64_libmingw32_a-pseudo-reloc.o) (__RUNTIME_PSEUDO_RELOC_LIST__)
C:/msys64/ucrt64/bin/../lib/gcc/x86_64-w64-mingw32/13.1.0/../../../../lib/libmingw32.a(lib64_libmingw32_a-pesect.o)
                              C:/msys64/ucrt64/bin/../lib/gcc/x86_64-w64-mingw32/13.1.0/../../../../lib/libmingw32.a(lib64_libmingw32_a-pseudo-reloc.o) (__mingw_GetSectionForAddress)
C:/Users/Erik/code/raylib-5.5_win64_mingw-w64/lib/libraylib.a(rcore.o)
[...]
Memory Configuration

Name             Origin             Length             Attributes
*default*        0x0000000000000000 0xffffffffffffffff

Linker script and memory map

                0x0000000140000000                __image_base__ = 0x140000000
                0x0000000000000000                __dll__ = 0x0
                0x0000000140000000                __ImageBase = 0x140000000
                0x0000000000001000                __section_alignment__ = 0x1000
                0x0000000000000200                __file_alignment__ = 0x200
                0x0000000000000004                __major_os_version__ = 0x4
                0x0000000000000000                __minor_os_version__ = 0x0
                0x0000000000000000                __major_image_version__ = 0x0
                0x0000000000000000                __minor_image_version__ = 0x0
                0x0000000000000005                __major_subsystem_version__ = 0x5
                0x0000000000000002                __minor_subsystem_version__ = 0x2
                0x0000000000000003                __subsystem__ = 0x3
                0x0000000000200000                __size_of_stack_reserve__ = 0x200000
                0x0000000000001000                __size_of_stack_commit__ = 0x1000
                0x0000000000100000                __size_of_heap_reserve__ = 0x100000
                0x0000000000001000                __size_of_heap_commit__ = 0x1000
                0x0000000000000000                __loader_flags__ = 0x0
                0x0000000000000160                __dll_characteristics__ = 0x160
LOAD C:/msys64/ucrt64/bin/../lib/gcc/x86_64-w64-mingw32/13.1.0/../../../../lib/crt2.o
LOAD C:/msys64/ucrt64/bin/../lib/gcc/x86_64-w64-mingw32/13.1.0/crtbegin.o
LOAD C:\Users\Erik\AppData\Local\Temp\ccp4sO0S.o
LOAD C:\Users\Erik\AppData\Local\Temp\ccKozeCT.ltrans0.ltrans.o
LOAD C:\Users\Erik\AppData\Local\Temp\ccLJpoby.o
LOAD C:/msys64/ucrt64/bin/../lib/gcc/x86_64-w64-mingw32/13.1.0/../../../../lib/libmingw32.a
LOAD C:/Users/Erik/code/raylib-5.5_win64_mingw-w64/lib/libraylib.a
LOAD C:/msys64/ucrt64/bin/../lib/gcc/x86_64-w64-mingw32/13.1.0/../../../../lib/libopengl32.a
LOAD C:/msys64/ucrt64/bin/../lib/gcc/x86_64-w64-mingw32/13.1.0/../../../../lib/libgdi32.a
LOAD C:/msys64/ucrt64/bin/../lib/gcc/x86_64-w64-mingw32/13.1.0/../../../../lib/libwinmm.a
LOAD C:/msys64/ucrt64/bin/../lib/gcc/x86_64-w64-mingw32/13.1.0/../../../../lib/libmingw32.a
LOAD C:/msys64/ucrt64/bin/../lib/gcc/x86_64-w64-mingw32/13.1.0/libgcc.a
LOAD C:/msys64/ucrt64/bin/../lib/gcc/x86_64-w64-mingw32/13.1.0/libgcc_eh.a
LOAD C:/msys64/ucrt64/bin/../lib/gcc/x86_64-w64-mingw32/13.1.0/../../../../lib/libmoldname.a
LOAD C:/msys64/ucrt64/bin/../lib/gcc/x86_64-w64-mingw32/13.1.0/../../../../lib/libmingwex.a
LOAD C:/msys64/ucrt64/bin/../lib/gcc/x86_64-w64-mingw32/13.1.0/../../../../lib/libmsvcrt.a
LOAD C:/msys64/ucrt64/bin/../lib/gcc/x86_64-w64-mingw32/13.1.0/../../../../lib/libkernel32.a
LOAD C:/msys64/ucrt64/bin/../lib/gcc/x86_64-w64-mingw32/13.1.0/../../../../lib/libpthread.dll.a
LOAD C:/msys64/ucrt64/bin/../lib/gcc/x86_64-w64-mingw32/13.1.0/../../../../lib/libadvapi32.a
LOAD C:/msys64/ucrt64/bin/../lib/gcc/x86_64-w64-mingw32/13.1.0/../../../../lib/libshell32.a
LOAD C:/msys64/ucrt64/bin/../lib/gcc/x86_64-w64-mingw32/13.1.0/../../../../lib/libuser32.a
LOAD C:/msys64/ucrt64/bin/../lib/gcc/x86_64-w64-mingw32/13.1.0/../../../../lib/libkernel32.a
LOAD C:/msys64/ucrt64/bin/../lib/gcc/x86_64-w64-mingw32/13.1.0/../../../../lib/libmingw32.a
LOAD C:/msys64/ucrt64/bin/../lib/gcc/x86_64-w64-mingw32/13.1.0/libgcc.a
LOAD C:/msys64/ucrt64/bin/../lib/gcc/x86_64-w64-mingw32/13.1.0/libgcc_eh.a
LOAD C:/msys64/ucrt64/bin/../lib/gcc/x86_64-w64-mingw32/13.1.0/../../../../lib/libmoldname.a
LOAD C:/msys64/ucrt64/bin/../lib/gcc/x86_64-w64-mingw32/13.1.0/../../../../lib/libmingwex.a
LOAD C:/msys64/ucrt64/bin/../lib/gcc/x86_64-w64-mingw32/13.1.0/../../../../lib/libmsvcrt.a
LOAD C:/msys64/ucrt64/bin/../lib/gcc/x86_64-w64-mingw32/13.1.0/../../../../lib/libkernel32.a
LOAD C:/msys64/ucrt64/bin/../lib/gcc/x86_64-w64-mingw32/13.1.0/../../../../lib/default-manifest.o
LOAD C:/msys64/ucrt64/bin/../lib/gcc/x86_64-w64-mingw32/13.1.0/crtend.o
                0x00000000000004a8                . = SIZEOF_HEADERS
                0x0000000000001000                . = ALIGN (__section_alignment__)

.text           0x0000000140001000    0xa1a00
 *(SORT_NONE(.init))
 *(.text)
 .text          0x0000000140001000      0x430 C:/msys64/ucrt64/bin/../lib/gcc/x86_64-w64-mingw32/13.1.0/../../../../lib/crt2.o
                0x00000001400013d0                WinMainCRTStartup
                0x00000001400013f0                mainCRTStartup
                0x0000000140001410                atexit
 .text          0x0000000140001430       0x20 C:/msys64/ucrt64/bin/../lib/gcc/x86_64-w64-mingw32/13.1.0/crtbegin.o
                0x0000000140001430                __gcc_register_frame
                0x0000000140001440                __gcc_deregister_frame
 .text          0x0000000140001450     0x9850 C:\Users\Erik\AppData\Local\Temp\ccKozeCT.ltrans0.ltrans.o
 .text          0x000000014000aca0       0xd0 C:/msys64/ucrt64/bin/../lib/gcc/x86_64-w64-mingw32/13.1.0/../../../../lib/libmingw32.a(lib64_libmingw32_a-gccmain.o)
                0x000000014000aca0                __do_global_dtors
                0x000000014000ace0                __do_global_ctors
                0x000000014000ad50                __main
 .text          0x000000014000ad70        0x0 C:/msys64/ucrt64/bin/../lib/gcc/x86_64-w64-mingw32/13.1.0/../../../../lib/libmingw32.a(lib64_libmingw32_a-natstart.o)
 .text          0x000000014000ad70        0x0 C:/msys64/ucrt64/bin/../lib/gcc/x86_64-w64-mingw32/13.1.0/../../../../lib/libmingw32.a(lib64_libmingw32_a-wildcard.o)
 .text          0x000000014000ad70       0x10 C:/msys64/ucrt64/bin/../lib/gcc/x86_64-w64-mingw32/13.1.0/../../../../lib/libmingw32.a(lib64_libmingw32_a-dllargv.o)
                0x000000014000ad70                _setargv
 .text          0x000000014000ad80        0x0 C:/msys64/ucrt64/bin/../lib/gcc/x86_64-w64-mingw32/13.1.0/../../../../lib/libmingw32.a(lib64_libmingw32_a-_newmode.o)
 .text          0x000000014000ad80       0xd0 C:/msys64/ucrt64/bin/../lib/gcc/x86_64-w64-mingw32/13.1.0/../../../../lib/libmingw32.a(lib64_libmingw32_a-tlssup.o)
                0x000000014000adb0                __dyn_tls_init
                0x000000014000ae40                __tlregdtor
 .text          0x000000014000ae50        0x0 C:/msys64/ucrt64/bin/../lib/gcc/x86_64-w64-mingw32/13.1.0/../../../../lib/libmingw32.a(lib64_libmingw32_a-xncommod.o)
 .text          0x000000014000ae50        0x0 C:/msys64/ucrt64/bin/../lib/gcc/x86_64-w64-mingw32/13.1.0/../../../../lib/libmingw32.a(lib64_libmingw32_a-cinitexe.o)
 .text          0x000000014000ae50      0x100 C:/msys64/ucrt64/bin/../lib/gcc/x86_64-w64-mingw32/13.1.0/../../../../lib/libmingw32.a(lib64_libmingw32_a-merr.o)
                0x000000014000ae50                _matherr
 .text          0x000000014000af50       0x10 C:/msys64/ucrt64/bin/../lib/gcc/x86_64-w64-mingw32/13.1.0/../../../../lib/libmingw32.a(lib64_libmingw32_a-CRT_fp10.o)
                0x000000014000af50                _fpreset
                0x000000014000af50                fpreset
 .text          0x000000014000af60        0x0 C:/msys64/ucrt64/bin/../lib/gcc/x86_64-w64-mingw32/13.1.0/../../../../lib/libmingw32.a(lib64_libmingw32_a-mingw_helpers.o)
 .text          0x000000014000af60      0x540 C:/msys64/ucrt64/bin/../lib/gcc/x86_64-w64-mingw32/13.1.0/../../../../lib/libmingw32.a(lib64_libmingw32_a-pseudo-reloc.o)
                0x000000014000b140                _pei386_runtime_relocator
 .text          0x000000014000b4a0       0x50 C:/msys64/ucrt64/bin/../lib/gcc/x86_64-w64-mingw32/13.1.0/../../../../lib/libmingw32.a(lib64_libmingw32_a-usermatherr.o)
                0x000000014000b4a0                __mingw_raise_matherr
                0x000000014000b4e0                __mingw_setusermatherr
 .text          0x000000014000b4f0        0x0 C:/msys64/ucrt64/bin/../lib/gcc/x86_64-w64-mingw32/13.1.0/../../../../lib/libmingw32.a(lib64_libmingw32_a-xtxtmode.o)
 .text          0x000000014000b4f0      0x1a0 C:/msys64/ucrt64/bin/../lib/gcc/x86_64-w64-mingw32/13.1.0/../../../../lib/libmingw32.a(lib64_libmingw32_a-crt_handler.o)
                0x000000014000b4f0                _gnu_exception_handler
 .text          0x000000014000b690      0x270 C:/msys64/ucrt64/bin/../lib/gcc/x86_64-w64-mingw32/13.1.0/../../../../lib/libmingw32.a(lib64_libmingw32_a-tlsthrd.o)
                0x000000014000b700                ___w64_mingwthr_add_key_dtor
                0x000000014000b770                ___w64_mingwthr_remove_key_dtor
                0x000000014000b800                __mingw_TLScallback
 .text          0x000000014000b900        0x0 C:/msys64/ucrt64/bin/../lib/gcc/x86_64-w64-mingw32/13.1.0/../../../../lib/libmingw32.a(lib64_libmingw32_a-tlsmcrt.o)
 .text          0x000000014000b900        0x0 C:/msys64/ucrt64/bin/../lib/gcc/x86_64-w64-mingw32/13.1.0/../../../../lib/libmingw32.a(lib64_libmingw32_a-pseudo-reloc-list.o)
 .text          0x000000014000b900      0x400 C:/msys64/ucrt64/bin/../lib/gcc/x86_64-w64-mingw32/13.1.0/../../../../lib/libmingw32.a(lib64_libmingw32_a-pesect.o)
                0x000000014000b900                _ValidateImageBase
                0x000000014000b930                _FindPESection
                0x000000014000b980                _FindPESectionByName
                0x000000014000ba20                __mingw_GetSectionForAddress
                0x000000014000baa0                __mingw_GetSectionCount
                0x000000014000bae0                _FindPESectionExec
                0x000000014000bb60                _GetPEImageBase
                0x000000014000bba0                _IsNonwritableInCurrentImage
                0x000000014000bc30                __mingw_enum_import_library_names
 .text          0x000000014000bd00    0x27390 C:/Users/Erik/code/raylib-5.5_win64_mingw-w64/lib/libraylib.a(rcore.o)
                0x0000000140013edd                gladLoadGLUserPtr
                0x00000001400164e7                gladLoadGL
                0x00000001400164ff                rlMatrixMode
                0x0000000140016536                rlPushMatrix
                0x00000001400165f2                rlPopMatrix
                0x00000001400167ad                rlLoadIdentity
                0x0000000140016824                rlTranslatef
                0x0000000140016a1a                rlRotatef
                0x0000000140016db9                rlScalef
                0x0000000140016fac                rlMultMatrixf
                0x00000001400171d4                rlFrustum
                0x0000000140017479                rlOrtho
                0x0000000140017717                rlViewport
                0x0000000140017824                rlSetClipPlanes
                0x0000000140017835                rlGetCullDistanceNear
                0x000000014001783e                rlGetCullDistanceFar
                0x0000000140017847                rlEnd
                0x0000000140017861                rlTexCoord2f
                0x0000000140017872                rlNormal3f
                0x0000000140017993                rlColor4ub
                0x00000001400179ae                rlColor4f
                0x00000001400179ef                rlColor3f
                0x0000000140017a29                rlActiveTextureSlot
                0x0000000140017a3f                rlEnableTexture
                0x0000000140017a56                rlDisableTexture
                0x0000000140017a70                rlEnableTextureCubemap
                0x0000000140017a87                rlDisableTextureCubemap
                0x0000000140017aa1                rlTextureParameters
                0x0000000140017c27                rlCubemapParameters
                0x0000000140017dad                rlEnableShader
                0x0000000140017dbd                rlDisableShader
                0x0000000140017dd2                rlEnableFramebuffer
                0x0000000140017de9                rlGetActiveFramebuffer
                0x0000000140017e0e                rlDisableFramebuffer
                0x0000000140017e28                rlBlitFramebuffer
                0x0000000140017e77                rlBindFramebuffer
                0x0000000140017e87                rlActiveDrawBuffers
                0x0000000140017f0b                rlEnableColorBlend
                0x0000000140017f20                rlDisableColorBlend
                0x0000000140017f35                rlEnableDepthTest
                0x0000000140017f4a                rlDisableDepthTest
                0x0000000140017f5f                rlEnableDepthMask
                0x0000000140017f74                rlDisableDepthMask
                0x0000000140017f89                rlEnableBackfaceCulling
                0x0000000140017f9e                rlDisableBackfaceCulling
                0x0000000140017fb3                rlColorMask
                0x0000000140017fd1                rlSetCullFace
                0x0000000140017ffc                rlEnableScissorTest
                0x0000000140018011                rlDisableScissorTest
                0x0000000140018026                rlScissor
                0x0000000140018036                rlEnableWireMode
                0x0000000140018050                rlEnablePointMode
                0x0000000140018075                rlDisableWireMode
                0x000000014001808f                rlSetLineWidth
                0x000000014001809f                rlGetLineWidth
                0x00000001400180c6                rlEnableSmoothLines
                0x00000001400180db                rlDisableSmoothLines
                0x00000001400180f0                rlEnableStereoRender
                0x00000001400180f8                rlDisableStereoRender
                0x0000000140018100                rlIsStereoRenderEnabled
                0x0000000140018108                rlClearColor
                0x0000000140018160                rlClearScreenBuffers
                0x0000000140018175                rlCheckErrors
                0x000000014001825b                rlSetBlendFactors
                0x0000000140018291                rlSetBlendFactorsSeparate
                0x00000001400182fe                rlLoadExtensions
                0x00000001400185e7                rlGetVersion
                0x00000001400185ed                rlSetFramebufferWidth
                0x00000001400185f4                rlSetFramebufferHeight
                0x00000001400185fb                rlGetFramebufferWidth
                0x0000000140018602                rlGetFramebufferHeight
                0x0000000140018609                rlGetTextureIdDefault
                0x0000000140018610                rlGetShaderIdDefault
                0x0000000140018617                rlGetShaderLocsDefault
                0x000000014001861f                rlLoadRenderBatch
                0x0000000140018b93                rlUnloadRenderBatch
                0x0000000140018cf1                rlglClose
                0x0000000140018dd6                rlLoadTextureDepth
                0x0000000140018f4a                rlGetGlTextureFormats
                0x000000014001921f                rlLoadTextureCubemap
                0x00000001400195c1                rlUpdateTexture
                0x0000000140019673                rlUnloadTexture
                0x0000000140019691                rlGenTextureMipmaps
                0x000000014001974e                rlReadTexturePixels
                0x000000014001980e                rlReadScreenPixels
                0x00000001400198f8                rlLoadFramebuffer
                0x000000014001992d                rlFramebufferAttach
                0x0000000140019a99                rlFramebufferComplete
                0x0000000140019b39                rlUnloadFramebuffer
                0x0000000140019c0e                rlLoadVertexBuffer
                0x0000000140019c71                rlLoadVertexBufferElement
                0x0000000140019cd4                rlEnableVertexBuffer
                0x0000000140019ceb                rlDisableVertexBuffer
                0x0000000140019d05                rlEnableVertexBufferElement
                0x0000000140019d1c                rlDisableVertexBufferElement
                0x0000000140019d36                rlUpdateVertexBuffer
                0x0000000140019d70                rlUpdateVertexBufferElements
                0x0000000140019daa                rlEnableVertexArray
                0x0000000140019dc8                rlDisableVertexArray
                0x0000000140019de6                rlEnableVertexAttribute
                0x0000000140019df6                rlDisableVertexAttribute
                0x0000000140019e06                rlDrawVertexArray
                0x0000000140019e20                rlDrawVertexArrayElements
                0x0000000140019e49                rlDrawVertexArrayInstanced
                0x0000000140019e69                rlDrawVertexArrayElementsInstanced
                0x0000000140019e97                rlLoadVertexArray
                0x0000000140019ec5                rlSetVertexAttribute
                0x0000000140019eeb                rlSetVertexAttributeDivisor
                0x0000000140019efb                rlUnloadVertexArray
                0x0000000140019f43                rlUnloadVertexBuffer
                0x0000000140019f61                rlCompileShader
                0x000000014001a0fe                rlLoadShaderProgram
                0x000000014001a2a0                rlLoadShaderCode
                0x000000014001a382                rlUnloadShaderProgram
                0x000000014001a3aa                rlGetLocationUniform
                0x000000014001a3b9                rlGetLocationAttrib
                0x000000014001a3c8                rlSetUniform
                0x000000014001a49b                rlSetVertexAttributeDefault
                0x000000014001a507                rlSetUniformMatrix
                0x000000014001a5d6                rlSetUniformMatrices
                0x000000014001a5f2                rlSetUniformSampler
                0x000000014001a65f                rlLoadComputeShaderProgram
                0x000000014001a67e                rlComputeShaderDispatch
                0x000000014001a67f                rlLoadShaderBuffer
                0x000000014001a69e                rlUnloadShaderBuffer
                0x000000014001a6b9                rlUpdateShaderBuffer
                0x000000014001a6ba                rlGetShaderBufferSize
                0x000000014001a6c0                rlReadShaderBuffer
                0x000000014001a6c1                rlBindShaderBuffer
                0x000000014001a6c2                rlCopyShaderBuffer
                0x000000014001a6c3                rlBindImageTexture
                0x000000014001a6de                rlGetMatrixModelview
                0x000000014001a7b1                rlGetMatrixProjection
                0x000000014001a80c                rlGetMatrixTransform
                0x000000014001a8df                rlGetMatrixProjectionStereo
                0x000000014001aa53                rlGetMatrixViewOffsetStereo
                0x000000014001abc7                rlSetMatrixModelview
                0x000000014001ac1f                rlSetMatrixProjection
                0x000000014001ac77                rlDrawRenderBatch
                0x000000014001c427                rlSetBlendMode
                0x000000014001c589                rlSetRenderBatchActive
                0x000000014001c5b8                rlDrawRenderBatchActive
                0x000000014001c5ce                rlCheckRenderBatchLimit
                0x000000014001c65c                rlVertex3f
                0x000000014001ca41                rlVertex2f
                0x000000014001ca5c                rlVertex2i
                0x000000014001ca87                rlBegin
                0x000000014001cbcb                rlSetTexture
                0x000000014001cd11                rlSetShader
                0x000000014001cd46                rlSetMatrixProjectionStereo
                0x000000014001cdf8                rlSetMatrixViewOffsetStereo
                0x000000014001ceaa                rlLoadDrawQuad
                0x000000014001d08c                rlLoadDrawCube
                0x000000014001d250                rlGetPixelFormatName
                0x000000014001d369                rlLoadTexture
                0x000000014001d799                rlglInit
                0x000000014001dd01                Clamp
                0x000000014001dd0d                Lerp
                0x000000014001dd1a                Normalize
                0x000000014001dd27                Remap
                0x000000014001dd46                Wrap
                0x000000014001ddbb                FloatEquals
                0x000000014001de2c                Vector2Zero
                0x000000014001de32                Vector2One
                0x000000014001de3d                Vector2Add
                0x000000014001de77                Vector2AddValue
                0x000000014001de9f                Vector2Subtract
                0x000000014001ded9                Vector2SubtractValue
                0x000000014001df00                Vector2Length
                0x000000014001df35                Vector2LengthSqr
                0x000000014001df4e                Vector2DotProduct
                0x000000014001df73                Vector2Distance
                0x000000014001dfbc                Vector2DistanceSqr
                0x000000014001dfe9                Vector2Angle
                0x000000014001e02d                Vector2LineAngle
                0x000000014001e064                Vector2Scale
                0x000000014001e08c                Vector2Multiply
                0x000000014001e0c6                Vector2Negate
                0x000000014001e0f4                Vector2Divide
                0x000000014001e12e                Vector2Normalize
                0x000000014001e1b8                Vector2Transform
                0x000000014001e218                Vector2Lerp
                0x000000014001e25c                Vector2Reflect
                0x000000014001e2ae                Vector2Min
                0x000000014001e2ff                Vector2Max
                0x000000014001e350                Vector2Rotate
                0x000000014001e3b6                Vector2MoveTowards
                0x000000014001e4a3                Vector2Invert
                0x000000014001e4d5                Vector2Clamp
                0x000000014001e541                Vector2ClampValue
                0x000000014001e5f5                Vector2Equals
                0x000000014001e6c4                Vector2Refract
                0x000000014001e7cb                Vector3Zero
                0x000000014001e7e3                Vector3One
                0x000000014001e7fd                Vector3Add
                0x000000014001e831                Vector3AddValue
                0x000000014001e857                Vector3Subtract
                0x000000014001e88b                Vector3SubtractValue
                0x000000014001e8ba                Vector3Scale
                0x000000014001e8e0                Vector3Multiply
                0x000000014001e914                Vector3CrossProduct
                0x000000014001e989                Vector3Perpendicular
                0x000000014001ea44                Vector3Length
                0x000000014001ea83                Vector3LengthSqr
                0x000000014001eaa6                Vector3DotProduct
                0x000000014001eacb                Vector3Distance
                0x000000014001eb18                Vector3DistanceSqr
                0x000000014001eb49                Vector3Angle
                0x000000014001ec42                Vector3Negate
                0x000000014001ec76                Vector3Divide
                0x000000014001ecaa                Vector3Normalize
                0x000000014001ed52                Vector3Project
                0x000000014001edc1                Vector3Reject
                0x000000014001ee74                Vector3OrthoNormalize
                0x000000014001f051                Vector3Transform
                0x000000014001f0e2                Vector3RotateByQuaternion
                0x000000014001f2ae                Vector3RotateByAxisAngle
                0x000000014001f4bc                Vector3MoveTowards
                0x000000014001f604                Vector3Lerp
                0x000000014001f65c                Vector3CubicHermite
                0x000000014001f756                Vector3Reflect
                0x000000014001f7e2                Vector3Min
                0x000000014001f851                Vector3Max
                0x000000014001f8c0                Vector3Barycenter
                0x000000014001fa70                Vector3Unproject
                0x0000000140020587                Vector3ToFloatV
                0x00000001400205a7                Vector3Invert
                0x00000001400205d5                Vector3Clamp
                0x0000000140020666                Vector3ClampValue
                0x0000000140020742                Vector3Equals
                0x000000014002084a                Vector3Refract
                0x00000001400209a7                Vector4Zero
                0x00000001400209c6                Vector4One
                0x00000001400209e5                Vector4Add
                0x0000000140020a2a                Vector4AddValue
                0x0000000140020a5d                Vector4Subtract
                0x0000000140020ab5                Vector4SubtractValue
                0x0000000140020af5                Vector4Length
                0x0000000140020b4d                Vector4LengthSqr
                0x0000000140020b89                Vector4DotProduct
                0x0000000140020bca                Vector4Distance
                0x0000000140020c37                Vector4DistanceSqr
                0x0000000140020c88                Vector4Scale
                0x0000000140020cbb                Vector4Multiply
                0x0000000140020d00                Vector4Negate
                0x0000000140020d4e                Vector4Divide
                0x0000000140020da6                Vector4Normalize
                0x0000000140020e91                Vector4Min
                0x0000000140020f3e                Vector4Max
                0x0000000140020feb                Vector4Lerp
                0x0000000140021088                Vector4MoveTowards
                0x000000014002123e                Vector4Invert
                0x0000000140021279                Vector4Equals
                0x00000001400213f9                MatrixDeterminant
                0x0000000140021767                MatrixTrace
                0x000000014002177b                MatrixTranspose
                0x00000001400218b9                MatrixInvert
                0x0000000140021edc                MatrixIdentity
                0x0000000140021f4f                MatrixAdd
                0x000000014002210d                MatrixSubtract
                0x00000001400222cb                MatrixMultiply
                0x00000001400227a4                MatrixTranslate
                0x0000000140022811                MatrixRotate
                0x0000000140022a14                MatrixRotateX
                0x0000000140022ab8                MatrixRotateY
                0x0000000140022b59                MatrixRotateZ
                0x0000000140022bfd                MatrixRotateXYZ
                0x0000000140022da6                MatrixRotateZYX
                0x0000000140022f13                MatrixScale
                0x0000000140022f80                MatrixFrustum
                0x00000001400230d2                MatrixPerspective
                0x000000014002325b                MatrixOrtho
                0x00000001400233ad                MatrixLookAt
                0x000000014002369a                MatrixToFloatV
                0x00000001400237d8                QuaternionAdd
                0x000000014002381d                QuaternionAddValue
                0x0000000140023850                QuaternionSubtract
                0x00000001400238a8                QuaternionSubtractValue
                0x00000001400238e8                QuaternionIdentity
                0x0000000140023907                QuaternionLength
                0x000000014002395f                QuaternionNormalize
                0x0000000140023a48                QuaternionInvert
                0x0000000140023adb                QuaternionMultiply
                0x0000000140023c17                QuaternionScale
                0x0000000140023c4a                QuaternionDivide
                0x0000000140023ca2                QuaternionLerp
                0x0000000140023d3f                QuaternionNlerp
                0x0000000140023e81                QuaternionSlerp
                0x00000001400241f9                QuaternionCubicHermiteSpline
                0x00000001400243ce                QuaternionFromVector3ToVector3
                0x0000000140024510                QuaternionFromMatrix
                0x0000000140024700                QuaternionToMatrix
                0x0000000140024884                QuaternionFromAxisAngle
                0x0000000140024a1b                QuaternionToAxisAngle
                0x0000000140024b9d                QuaternionFromEuler
                0x0000000140024cee                QuaternionToEuler
                0x0000000140024e65                QuaternionTransform
                0x0000000140024f6b                QuaternionEquals
                0x000000014002520e                MatrixDecompose
                0x00000001400256a0                SetGesturesEnabled
                0x00000001400256a7                IsGestureDetected
                0x00000001400256b9                ProcessGestureEvent
                0x0000000140025d44                UpdateGestures
                0x0000000140025da2                GetGestureDetected
                0x0000000140025daf                GetGestureHoldDuration
                0x0000000140025dd8                GetGestureDragVector
                0x0000000140025de0                GetGestureDragAngle
                0x0000000140025de9                GetGesturePinchVector
                0x0000000140025df1                GetGesturePinchAngle
                0x0000000140025dfa                GetCameraForward
                0x0000000140025eb2                GetCameraUp
                0x0000000140025f5b                GetCameraRight
                0x0000000140026061                CameraMoveForward
                0x000000014002616c                CameraMoveUp
                0x00000001400261ef                CameraMoveRight
                0x00000001400262fa                CameraMoveToTarget
                0x00000001400263ec                CameraYaw
                0x00000001400266ca                CameraPitch
                0x0000000140026cd1                CameraRoll
                0x0000000140026f00                GetCameraViewMatrix
                0x00000001400271ee                GetCameraProjectionMatrix
                0x000000014002743a                UpdateCameraPro
                0x0000000140027515                msf_gif_begin
                0x0000000140027675                msf_gif_frame
                0x00000001400286ed                msf_gif_end
                0x0000000140028788                msf_gif_free
                0x000000014002879f                msf_gif_begin_to_file
                0x00000001400287b9                msf_gif_frame_to_file
                0x000000014002881a                msf_gif_end_to_file
                0x0000000140028861                sinflate
                0x000000014002886f                zsinflate
                0x0000000140028a39                sdeflate
                0x0000000140028a5c                zsdeflate
                0x0000000140028c80                sdefl_bound
                0x0000000140028ca7                rprand_set_seed
                0x0000000140028ceb                rprand_get_value
                0x0000000140028d1b                rprand_load_sequence
                0x0000000140028da7                rprand_unload_sequence
                0x0000000140028db6                WindowShouldClose
                0x0000000140028dcc                MaximizeWindow
                0x0000000140028e03                MinimizeWindow
                0x0000000140028e19                RestoreWindow
                0x0000000140028e50                SetWindowIcon
                0x0000000140028ebd                SetWindowIcons
                0x0000000140028f79                SetWindowTitle
                0x0000000140028f99                SetWindowPosition
                0x0000000140028fc0                SetWindowMonitor
                0x0000000140029150                SetWindowMinSize
                0x00000001400291a9                SetWindowMaxSize
                0x00000001400291fe                SetWindowSize
                0x0000000140029225                SetWindowOpacity
                0x000000014002925e                SetWindowFocused
                0x0000000140029274                GetWindowHandle
                0x0000000140029289                GetMonitorCount
                0x00000001400292a8                GetCurrentMonitor
                0x000000014002949a                ToggleFullscreen
                0x0000000140029602                ToggleBorderlessWindowed
                0x00000001400297fb                SetWindowState
                0x0000000140029ad1                ClearWindowState
                0x0000000140029d71                GetMonitorPosition
                0x0000000140029deb                GetMonitorWidth
                0x0000000140029e57                GetMonitorHeight
                0x0000000140029ec4                GetMonitorPhysicalWidth
                0x0000000140029f23                GetMonitorPhysicalHeight
                0x0000000140029f81                GetMonitorRefreshRate
                0x0000000140029fd1                GetMonitorName
                0x000000014002a020                GetWindowPosition
                0x000000014002a072                GetWindowScaleDPI
                0x000000014002a09f                SetClipboardText
                0x000000014002a0b8                GetClipboardText
                0x000000014002a0cd                ShowCursor
                0x000000014002a0f4                HideCursor
                0x000000014002a11b                SwapScreenBuffer
                0x000000014002a131                GetTime
                0x000000014002a13f                OpenURL
                0x000000014002a1c5                SetGamepadMappings
                0x000000014002a1d3                SetGamepadVibration
                0x000000014002a1ee                SetMousePosition
                0x000000014002a23a                EnableCursor
                0x000000014002a298                DisableCursor
                0x000000014002a2f6                SetMouseCursor
                0x000000014002a337                GetKeyName
                0x000000014002a352                PollInputEvents
                0x000000014002a68f                ClosePlatform
                0x000000014002a6b5                Win32GetClipboardImageData
                0x000000014002a87c                GetClipboardImage
                0x000000014002a910                CloseWindow
                0x000000014002a973                IsWindowReady
                0x000000014002a97b                IsWindowFullscreen
                0x000000014002a983                IsWindowHidden
                0x000000014002a98d                IsWindowMinimized
                0x000000014002a99a                IsWindowMaximized
                0x000000014002a9a7                IsWindowFocused
                0x000000014002a9b7                IsWindowResized
                0x000000014002a9bf                IsWindowState
                0x000000014002a9c9                GetScreenWidth
                0x000000014002a9d0                GetScreenHeight
                0x000000014002a9d7                GetRenderWidth
                0x000000014002a9de                GetRenderHeight
                0x000000014002a9e5                EnableEventWaiting
                0x000000014002a9ed                DisableEventWaiting
                0x000000014002a9f5                IsCursorHidden
                0x000000014002a9fd                IsCursorOnScreen
                0x000000014002aa05                ClearBackground
                0x000000014002aa32                BeginDrawing
                0x000000014002ab54                EndMode2D
                0x000000014002ac5f                BeginMode3D
                0x000000014002b0d1                EndMode3D
                0x000000014002b217                BeginTextureMode
                0x000000014002b2db                EndTextureMode
                0x000000014002b425                BeginShaderMode
                0x000000014002b43a                EndShaderMode
                0x000000014002b456                BeginBlendMode
                0x000000014002b465                EndBlendMode
                0x000000014002b479                BeginScissorMode
                0x000000014002b537                EndScissorMode
                0x000000014002b54b                BeginVrStereoMode
                0x000000014002b6f2                EndVrStereoMode
                0x000000014002b6fa                LoadVrStereoConfig
                0x000000014002bee9                UnloadVrStereoConfig
                0x000000014002bf04                LoadShaderFromMemory
                0x000000014002c093                LoadShader
                0x000000014002c101                IsShaderValid
                0x000000014002c11c                UnloadShader
                0x000000014002c147                GetShaderLocation
                0x000000014002c157                GetShaderLocationAttrib
                0x000000014002c167                SetShaderValueV
                0x000000014002c19e                SetShaderValue
                0x000000014002c1c3                SetShaderValueMatrix
                0x000000014002c236                SetShaderValueTexture
                0x000000014002c25f                GetScreenToWorldRayEx
                0x000000014002cd70                GetScreenToWorldRay
                0x000000014002cdef                GetCameraMatrix
                0x000000014002d0dd                GetCameraMatrix2D
                0x000000014002d790                BeginMode2D
                0x000000014002d8d5                GetWorldToScreenEx
                0x000000014002deff                GetWorldToScreen
                0x000000014002df67                GetWorldToScreen2D
                0x000000014002e006                GetScreenToWorld2D
                0x000000014002e140                SetTargetFPS
                0x000000014002e19c                GetFPS
                0x000000014002e2bb                GetFrameTime
                0x000000014002e2c8                WaitTime
                0x000000014002e32d                SetRandomSeed
                0x000000014002e33e                GetRandomValue
                0x000000014002e35a                LoadRandomSequence
                0x000000014002e368                UnloadRandomSequence
                0x000000014002e377                SetConfigFlags
                0x000000014002e37e                FileExists
                0x000000014002e398                DirectoryExists
                0x000000014002e3bd                GetFileLength
                0x000000014002e40a                GetFileExtension
                0x000000014002e433                IsFileExtension
                0x000000014002e4f0                GetFileName
                0x000000014002e537                TakeScreenshot
                0x000000014002e6f6                GetFileNameWithoutExt
                0x000000014002e771                GetDirectoryPath
                0x000000014002e898                GetPrevDirectoryPath
                0x000000014002e928                GetWorkingDirectory
                0x000000014002e95b                InitPlatform
                0x000000014002f67a                InitWindow
                0x000000014002f9fc                GetApplicationDirectory
                0x000000014002fa75                UnloadDirectoryFiles
                0x000000014002fab2                MakeDirectory
                0x000000014002fb9c                ChangeDirectory
                0x000000014002fbd3                IsPathFile
                0x000000014002fd95                LoadDirectoryFiles
                0x0000000140030088                LoadDirectoryFilesEx
                0x000000014003012f                IsFileNameValid
                0x0000000140030215                IsFileDropped
                0x0000000140030220                LoadDroppedFiles
                0x000000014003023e                UnloadDroppedFiles
                0x0000000140030291                GetFileModTime
                0x00000001400302c0                CompressData
                0x0000000140030347                DecompressData
                0x00000001400303d2                EncodeDataBase64
                0x000000014003052a                DecodeDataBase64
                0x00000001400306cf                ComputeCRC32
                0x000000014003070c                ComputeMD5
                0x0000000140030923                ComputeSHA1
                0x0000000140030bb1                LoadAutomationEventList
                0x0000000140030de9                UnloadAutomationEventList
                0x0000000140030dfc                ExportAutomationEventList
                0x0000000140030fa9                SetAutomationEventList
                0x0000000140030fb1                SetAutomationEventBaseFrame
                0x0000000140030fb8                StartAutomationEventRecording
                0x0000000140030fc0                StopAutomationEventRecording
                0x0000000140030fc8                PlayAutomationEvent
                0x0000000140031261                IsKeyPressed
                0x0000000140031293                IsKeyPressedRepeat
                0x00000001400312b9                IsKeyDown
                0x00000001400312df                IsKeyReleased
                0x0000000140031313                IsKeyUp
                0x0000000140031339                GetKeyPressed
                0x0000000140031399                GetCharPressed
                0x00000001400313f9                SetExitKey
                0x0000000140031400                IsGamepadAvailable
                0x000000014003141d                GetGamepadName
                0x0000000140031434                IsGamepadButtonPressed
                0x000000014003148b                IsGamepadButtonDown
                0x00000001400314cd                IsGamepadButtonReleased
                0x0000000140031524                IsGamepadButtonUp
                0x0000000140031566                GetGamepadButtonPressed
                0x000000014003156d                GetGamepadAxisCount
                0x000000014003157f                GetGamepadAxisMovement
                0x0000000140031622                EndDrawing
                0x0000000140032495                IsMouseButtonPressed
                0x00000001400324e6                IsMouseButtonDown
                0x000000014003250d                IsMouseButtonReleased
                0x000000014003255a                IsMouseButtonUp
                0x0000000140032581                GetMouseX
                0x000000014003259e                GetMouseY
                0x00000001400325bb                GetMousePosition
                0x0000000140032783                GetMouseDelta
                0x00000001400327b3                SetMouseOffset
                0x00000001400327d4                SetMouseScale
                0x00000001400327e5                GetMouseWheelMove
                0x0000000140032815                UpdateCamera
                0x0000000140032fd8                GetMouseWheelMoveV
                0x0000000140032fec                GetTouchX
                0x0000000140032ff5                GetTouchY
                0x0000000140032ffe                GetTouchPosition
                0x000000014003305e                GetTouchPointId
                0x000000014003307c                GetTouchPointCount
 .text          0x0000000140033090     0x7e20 C:/Users/Erik/code/raylib-5.5_win64_mingw-w64/lib/libraylib.a(rshapes.o)
                0x0000000140033090                SetShapesTexture
                0x000000014003315c                GetShapesTexture
                0x000000014003317e                GetShapesTextureRectangle
                0x000000014003318d                DrawPixelV
                0x00000001400333b0                DrawPixel
                0x00000001400333e3                DrawLine
                0x000000014003345e                DrawLineV
                0x00000001400334cd                DrawLineStrip
                0x0000000140033546                DrawCircleSector
                0x0000000140033b36                DrawCircleV
                0x0000000140033b5e                DrawCircle
                0x0000000140033b92                DrawCircleSectorLines
                0x0000000140033ea5                DrawCircleGradient
                0x0000000140034066                DrawCircleLinesV
                0x0000000140034173                DrawCircleLines
                0x00000001400341a7                DrawEllipse
                0x0000000140034313                DrawEllipseLines
                0x0000000140034474                DrawRing
                0x0000000140034999                DrawRingLines
                0x0000000140034e09                DrawRectanglePro
                0x0000000140035192                DrawRectangleV
                0x00000001400351dc                DrawRectangle
                0x0000000140035236                DrawRectangleRec
                0x000000014003525f                DrawRectangleGradientEx
                0x00000001400354ef                DrawRectangleGradientV
                0x0000000140035566                DrawRectangleGradientH
                0x00000001400355db                DrawRectangleLines
                0x000000014003577f                DrawRectangleLinesEx
                0x00000001400358f6                DrawRectangleRounded
                0x00000001400365ed                DrawRectangleRoundedLinesEx
                0x0000000140037373                DrawRectangleRoundedLines
                0x000000014003739d                DrawTriangle
                0x0000000140037591                DrawTriangleLines
                0x0000000140037682                DrawTriangleFan
                0x0000000140037883                DrawTriangleStrip
                0x0000000140037944                DrawLineBezier
                0x0000000140037bec                DrawLineEx
                0x0000000140037d66                DrawPoly
                0x0000000140038085                DrawPolyLines
                0x0000000140038216                DrawPolyLinesEx
                0x0000000140038593                DrawSplineLinear
                0x000000014003877a                DrawSplineBasis
                0x0000000140038c50                DrawSplineCatmullRom
                0x0000000140039061                DrawSplineSegmentLinear
                0x00000001400391db                DrawSplineSegmentBasis
                0x0000000140039569                DrawSplineSegmentCatmullRom
                0x0000000140039898                DrawSplineSegmentBezierQuadratic
                0x0000000140039b34                DrawSplineBezierQuadratic
                0x0000000140039b8d                DrawSplineSegmentBezierCubic
                0x0000000140039ebe                DrawSplineBezierCubic
                0x0000000140039f1a                GetSplinePointLinear
                0x0000000140039f6e                GetSplinePointBasis
                0x000000014003a15c                GetSplinePointCatmullRom
                0x000000014003a284                GetSplinePointBezierQuad
                0x000000014003a30c                GetSplinePointBezierCubic
                0x000000014003a46c                CheckCollisionPointRec
                0x000000014003a4c8                CheckCollisionPointCircle
                0x000000014003a4ff                CheckCollisionPointTriangle
                0x000000014003a5e3                CheckCollisionPointPoly
                0x000000014003a691                CheckCollisionRecs
                0x000000014003a70b                CheckCollisionCircles
                0x000000014003a748                CheckCollisionCircleRec
                0x000000014003a7f5                CheckCollisionLines
                0x000000014003aaee                CheckCollisionPointLine
                0x000000014003acba                CheckCollisionCircleLine
                0x000000014003ae05                GetCollisionRec
 .text          0x000000014003aeb0    0x39af0 C:/Users/Erik/code/raylib-5.5_win64_mingw-w64/lib/libraylib.a(rtextures.o)
                0x000000014005f966                stbi_failure_reason
                0x000000014005f96e                stbi_image_free
                0x000000014005f97d                stbi_set_flip_vertically_on_load
                0x000000014005f984                stbi_load_gif_from_memory
                0x000000014005fa8b                stbi_is_hdr_from_memory
                0x000000014005fa91                stbi_is_hdr
                0x000000014005fab8                stbi_is_hdr_from_file
                0x000000014005fabe                stbi_is_hdr_from_callbacks
                0x000000014005fac4                stbi_ldr_to_hdr_gamma
                0x000000014005facd                stbi_ldr_to_hdr_scale
                0x000000014005fad6                stbi_hdr_to_ldr_gamma
                0x000000014005fad7                stbi_hdr_to_ldr_scale
                0x000000014005fad8                stbi_zlib_decode_malloc_guesssize
                0x000000014005fb72                stbi_zlib_decode_malloc
                0x000000014005fb89                stbi_zlib_decode_malloc_guesssize_headerflag
                0x00000001400630fb                stbi_load_from_file
                0x000000014006317c                stbi_load
                0x00000001400631e7                stbi_load_from_memory
                0x000000014006325c                stbi_load_from_callbacks
                0x00000001400634e6                stbi_loadf_from_memory
                0x000000014006355b                stbi_loadf_from_callbacks
                0x00000001400635aa                stbi_loadf_from_file
                0x00000001400635fd                stbi_loadf
                0x0000000140063785                stbi_load_from_file_16
                0x0000000140063806                stbi_load_16
                0x0000000140063871                stbi_load_16_from_memory
                0x00000001400638e6                stbi_load_16_from_callbacks
                0x0000000140063c25                stbi_zlib_decode_buffer
                0x0000000140063c8a                stbi_zlib_decode_noheader_malloc
                0x0000000140063d23                stbi_zlib_decode_noheader_buffer
                0x0000000140063d88                stbi_set_unpremultiply_on_load
                0x0000000140063d8f                stbi_convert_iphone_png_to_rgb
                0x0000000140063d96                stbi_info_from_file
                0x0000000140063e04                stbi_info
                0x0000000140063e64                stbi_is_16_bit_from_file
                0x0000000140063ebc                stbi_is_16_bit
                0x0000000140063f06                stbi_info_from_memory
                0x0000000140063f70                stbi_info_from_callbacks
                0x0000000140063fb4                stbi_is_16_bit_from_memory
                0x0000000140064017                stbi_is_16_bit_from_callbacks
                0x000000014006404b                rl_load_dds_from_memory
                0x00000001400643e9                qoi_encode
                0x0000000140064864                qoi_decode
                0x0000000140064be2                qoi_write
                0x0000000140064c79                qoi_read
                0x0000000140064d60                stbi_flip_vertically_on_write
                0x0000000140064d67                stbi_write_bmp_to_func
                0x0000000140064dbf                stbi_write_bmp
                0x0000000140064e4c                stbi_write_tga_to_func
                0x0000000140064ea4                stbi_write_tga
                0x0000000140064f31                stbi_write_hdr_to_func
                0x0000000140064f89                stbi_write_hdr
                0x000000014006501b                stbi_zlib_compress
                0x0000000140065b81                stbi_write_png_to_mem
                0x0000000140066025                stbi_write_png
                0x00000001400660bb                stbi_write_png_to_func
                0x0000000140066122                stbi_write_jpg_to_func
                0x0000000140066185                stbi_write_jpg
                0x0000000140066222                stb_perlin_noise3_internal
                0x00000001400665e4                stb_perlin_noise3
                0x000000014006660a                stb_perlin_noise3_seed
                0x0000000140066634                stb_perlin_ridge_noise3
                0x00000001400667b1                stb_perlin_fbm_noise3
                0x00000001400668d5                stb_perlin_turbulence_noise3
                0x0000000140066a18                stb_perlin_noise3_wrap_nonpow2
                0x0000000140066e14                stbir_resize_init
                0x0000000140066e67                stbir_set_datatypes
                0x0000000140066e9c                stbir_set_pixel_callbacks
                0x0000000140066ecc                stbir_set_user_data
                0x0000000140066ee9                stbir_set_buffer_ptrs
                0x0000000140066f24                stbir_set_edgemodes
                0x0000000140066f3e                stbir_set_filters
                0x0000000140066f58                stbir_set_filter_callbacks
                0x0000000140066f86                stbir_set_pixel_layouts
                0x0000000140066fa0                stbir_set_non_pm_alpha_speed_over_quality
                0x0000000140066fb0                stbir_set_input_subrect
                0x0000000140067017                stbir_set_output_pixel_subrect
                0x0000000140067066                stbir_set_pixel_subrect
                0x0000000140067122                stbir_free_samplers
                0x000000014006716a                stbir_build_samplers_with_splits
                0x00000001400671a9                stbir_build_samplers
                0x00000001400671bc                stbir_resize_extended
                0x000000014006727d                stbir_resize_extended_split
                0x000000014006733e                stbir_resize_uint8_linear
                0x00000001400674da                stbir_resize_uint8_srgb
                0x0000000140067676                stbir_resize_float_linear
                0x0000000140067812                stbir_resize
                0x0000000140067a1c                LoadImageFromMemory
                0x0000000140067d4c                LoadImage
                0x0000000140067ddf                LoadImageAnim
                0x0000000140067f00                LoadImageAnimFromMemory
                0x000000014006803f                LoadImageFromTexture
                0x000000014006810d                LoadImageFromScreen
                0x0000000140068180                IsImageValid
                0x00000001400681a5                UnloadImage
                0x00000001400681b7                ExportImageToMemory
                0x000000014006826c                GenImageColor
                0x00000001400682d8                GenImageGradientLinear
                0x000000014006868b                GenImageGradientRadial
                0x0000000140068962                GenImageGradientSquare
                0x0000000140068c9e                GenImageChecked
                0x0000000140068d6c                GenImageWhiteNoise
                0x0000000140068e36                GenImagePerlinNoise
                0x00000001400690ca                GenImageCellular
                0x00000001400693dc                GenImageText
                0x0000000140069457                ImageFromChannel
                0x0000000140069a16                ImageAlphaClear
                0x0000000140069e88                LoadImageColors
                0x000000014006a328                ImageDither
                0x000000014006aa12                LoadImagePalette
                0x000000014006ab5e                UnloadImageColors
                0x000000014006ab6d                UnloadImagePalette
                0x000000014006ab7c                GetImageAlphaBorder
                0x000000014006ad35                GetImageColor
                0x000000014006b129                ImageDrawPixel
                0x000000014006b916                ImageDrawPixelV
                0x000000014006b942                ImageDrawLine
                0x000000014006ba4e                ImageDrawLineV
                0x000000014006baae                ImageDrawLineEx
                0x000000014006bcca                ImageDrawCircleLines
                0x000000014006be04                ImageDrawCircleLinesV
                0x000000014006be35                ImageDrawTriangle
                0x000000014006c1bc                ImageDrawTriangleEx
                0x000000014006c6f0                ImageDrawTriangleLines
                0x000000014006c7be                ImageDrawTriangleFan
                0x000000014006c810                ImageDrawTriangleStrip
                0x000000014006c882                LoadTextureFromImage
                0x000000014006c8ee                LoadTexture
                0x000000014006c97d                LoadRenderTexture
                0x000000014006caae                IsTextureValid
                0x000000014006cad2                UnloadTexture
                0x000000014006cb00                IsRenderTextureValid
                0x000000014006cb62                UnloadRenderTexture
                0x000000014006cb89                UpdateTexture
                0x000000014006cbbe                UpdateTextureRec
                0x000000014006cc06                GenTextureMipmaps
                0x000000014006cc2d                SetTextureFilter
                0x000000014006cda7                SetTextureWrap
                0x000000014006ce64                DrawTexturePro
                0x000000014006d2b8                DrawTextureEx
                0x000000014006d367                DrawTexture
                0x000000014006d3c4                DrawTextureV
                0x000000014006d401                DrawTextureRec
                0x000000014006d4a3                DrawTextureNPatch
                0x000000014006defb                ColorIsEqual
                0x000000014006df2e                Fade
                0x000000014006df7e                ColorToInt
                0x000000014006df9e                ColorNormalize
                0x000000014006e000                ColorFromNormalized
                0x000000014006e054                ColorToHSV
                0x000000014006e144                ColorFromHSV
                0x000000014006e2ea                ColorTint
                0x000000014006e396                ColorBrightness
                0x000000014006e4b1                ColorContrast
                0x000000014006e605                ColorAlpha
                0x000000014006e655                ColorAlphaBlend
                0x000000014006e7dc                ColorLerp
                0x000000014006e8d2                GetColor
                0x000000014006e8fa                GetPixelColor
                0x000000014006ec4a                SetPixelColor
                0x000000014006ef96                GetPixelDataSize
                0x000000014006f118                LoadImageRaw
                0x000000014006f223                ExportImage
                0x000000014006f4e4                ExportImageAsCode
                0x000000014006f7c5                ImageCopy
                0x000000014006f8be                ImageFromImage
                0x000000014006f9d0                ImageCrop
                0x000000014006fbb9                ImageAlphaCrop
                0x000000014006fc36                ImageResizeCanvas
                0x000000014006ff4b                ImageToPOT
                0x000000014007008f                ImageMipmaps
                0x00000001400702b9                ImageFormat
                0x0000000140070fd8                ImageResize
                0x0000000140071201                ImageResizeNN
                0x0000000140071349                ImageAlphaMask
                0x00000001400714af                ImageAlphaPremultiply
                0x00000001400715b9                ImageBlurGaussian
                0x0000000140071b14                ImageKernelConvolution
                0x0000000140072058                ImageColorTint
                0x000000014007219d                ImageColorInvert
                0x0000000140072236                ImageColorGrayscale
                0x000000014007224a                ImageColorContrast
                0x00000001400724ba                ImageColorBrightness
                0x00000001400725c3                ImageColorReplace
                0x00000001400726ba                ImageFlipVertical
                0x00000001400727ac                ImageFlipHorizontal
                0x00000001400728e1                ImageRotate
                0x0000000140072d77                ImageRotateCW
                0x0000000140072ec3                ImageRotateCCW
                0x0000000140073019                ImageClearBackground
                0x00000001400730a5                ImageDrawRectangleRec
                0x000000014007328c                ImageDrawRectangle
                0x00000001400732f2                ImageDrawCircle
                0x0000000140073411                ImageDrawCircleV
                0x0000000140073442                ImageDrawRectangleV
                0x000000014007348f                ImageDrawRectangleLines
                0x00000001400735c2                ImageDraw
                0x0000000140073cf9                ImageTextEx
                0x0000000140074110                ImageText
                0x0000000140074214                ImageDrawTextEx
                0x000000014007434e                ImageDrawText
                0x0000000140074454                LoadTextureCubemap
 .text          0x00000001400749a0     0xbc40 C:/Users/Erik/code/raylib-5.5_win64_mingw-w64/lib/libraylib.a(rtext.o)
                0x00000001400781d4                stbrp_setup_heuristic
                0x000000014007822c                stbrp_setup_allow_out_of_mem
                0x0000000140078249                stbrp_init_target
                0x00000001400782f6                stbrp_pack_rects
                0x000000014007879b                LoadFontDefault
                0x0000000140078b2b                UnloadFontDefault
                0x0000000140078be4                GetFontDefault
                0x0000000140078c29                LoadFontFromImage
                0x00000001400791af                IsFontValid
                0x00000001400791d5                LoadFontData
                0x000000014007c788                GenImageFontAtlas
                0x000000014007ce91                UnloadFontData
                0x000000014007cef6                UnloadFont
                0x000000014007cf61                SetTextLineSpacing
                0x000000014007cf68                GetGlyphIndex
                0x000000014007cfb8                DrawTextCodepoint
                0x000000014007d168                DrawTextCodepoints
                0x000000014007d38b                GetGlyphInfo
                0x000000014007d42b                GetGlyphAtlasRec
                0x000000014007d4b2                TextLength
                0x000000014007d4e3                TextFormat
                0x000000014007e0e2                TextToInteger
                0x000000014007e146                TextToFloat
                0x000000014007e213                TextCopy
                0x000000014007e257                TextIsEqual
                0x000000014007e27c                TextSubtext
                0x000000014007e303                TextReplace
                0x000000014007e43c                TextInsert
                0x000000014007e4de                TextJoin
                0x000000014007e5bb                TextSplit
                0x000000014007e65b                TextAppend
                0x000000014007e683                TextFindIndex
                0x000000014007e6a4                TextToUpper
                0x000000014007e708                TextToLower
                0x000000014007e76c                LoadFontFromMemory
                0x000000014007eac7                LoadFontEx
                0x000000014007eb95                LoadFont
                0x000000014007ed85                TextToPascal
                0x000000014007ee19                ExportFontAsCode
                0x000000014007f570                TextToSnake
                0x000000014007f5fc                TextToCamel
                0x000000014007f690                UnloadUTF8
                0x000000014007f69f                UnloadCodepoints
                0x000000014007f6ae                CodepointToUTF8
                0x000000014007f793                LoadUTF8
                0x000000014007f82d                GetCodepoint
                0x000000014007fb01                GetCodepointNext
                0x000000014007fca5                DrawTextEx
                0x000000014007feec                DrawText
                0x0000000140080015                DrawFPS
                0x0000000140080080                DrawTextPro
                0x0000000140080172                MeasureTextEx
                0x00000001400803cc                MeasureText
                0x00000001400804c4                LoadCodepoints
                0x0000000140080551                GetCodepointCount
                0x0000000140080596                GetCodepointPrevious
 .text          0x00000001400805e0      0x970 C:/Users/Erik/code/raylib-5.5_win64_mingw-w64/lib/libraylib.a(utils.o)
                0x0000000140080624                SetTraceLogCallback
                0x000000014008062c                SetLoadFileDataCallback
                0x0000000140080634                SetSaveFileDataCallback
                0x000000014008063c                SetLoadFileTextCallback
                0x0000000140080644                SetSaveFileTextCallback
                0x000000014008064c                SetTraceLogLevel
                0x0000000140080653                TraceLog
                0x00000001400807e3                MemAlloc
                0x00000001400807f8                MemRealloc
                0x0000000140080808                MemFree
                0x0000000140080817                LoadFileData
                0x00000001400809a8                UnloadFileData
                0x00000001400809b7                SaveFileData
                0x0000000140080a9f                LoadFileText
                0x0000000140080be9                UnloadFileText
                0x0000000140080bf8                SaveFileText
                0x0000000140080cc0                ExportDataAsCode
 .text          0x0000000140080f50    0x12a40 C:/Users/Erik/code/raylib-5.5_win64_mingw-w64/lib/libraylib.a(rglfw.o)
                0x000000014008102b                _glfwConnectWin32
                0x000000014008104e                _glfwFreeMonitorWin32
                0x0000000140081096                _glfwRawMouseMotionSupportedWin32
                0x000000014008109c                _glfwGetKeyScancodeWin32
                0x00000001400810af                _glfwGetEGLNativeWindowWin32
                0x00000001400810b7                _glfwGetRequiredInstanceExtensionsWin32
                0x00000001400810f5                _glfwGetMappingNameWin32
                0x0000000140081369                _glfwIconifyWindowWin32
                0x0000000140081385                _glfwRestoreWindowWin32
                0x00000001400813a1                _glfwHideWindowWin32
                0x00000001400813bd                _glfwDestroyCursorWin32
                0x000000014008144c                _glfwGetMonitorWorkareaWin32
                0x00000001400814e9                _glfwGetEGLNativeDisplayWin32
                0x00000001400814ff                _glfwGetMonitorPosWin32
                0x0000000140081602                _glfwSetWindowFloatingWin32
                0x000000014008170d                _glfwGetWindowSizeWin32
                0x0000000140081748                _glfwGetFramebufferSizeWin32
                0x00000001400817af                _glfwGetWindowPosWin32
                0x0000000140081855                _glfwSetWindowSizeLimitsWin32
                0x00000001400818bf                _glfwWindowVisibleWin32
                0x00000001400818d5                _glfwShowWindowWin32
                0x000000014008194f                _glfwRequestWindowAttentionWin32
                0x000000014008196b                _glfwFocusWindowWin32
                0x00000001400819a1                _glfwWindowFocusedWin32
                0x00000001400819c2                _glfwWindowIconifiedWin32
                0x00000001400819d8                _glfwWindowMaximizedWin32
                0x00000001400819ee                _glfwGetCursorPosWin32
                0x0000000140081ace                _glfwWindowHoveredWin32
                0x0000000140081adc                _glfwSetCursorWin32
                0x0000000140081afd                _glfwGetWindowOpacityWin32
                0x0000000140081b72                _glfwSetWindowMousePassthroughWin32
                0x0000000140081c44                _glfwSetWindowOpacityWin32
                0x0000000140081ce2                _glfwPostEmptyEventWin32
                0x0000000140081d0a                _glfwSetCursorPosWin32
                0x0000000140081f5f                _glfwUpdateGamepadGUIDWin32
                0x000000014008206a                _glfwEncodeUTF8
                0x000000014008210f                _glfw_min
                0x0000000140082117                _glfw_max
                0x000000014008211f                _glfw_free
                0x0000000140082200                glfwInitVulkanLoader
                0x0000000140082208                glfwGetVersion
                0x000000014008222b                glfwSetErrorCallback
                0x000000014008223a                glfwGetVersionString
                0x0000000140082242                _glfwChooseFBConfig
                0x000000014008246b                _glfwStringInExtensionString
                0x0000000140082554                _glfwInputMonitorWindow
                0x000000014008258f                _glfwFreeGammaArrays
                0x00000001400825d6                _glfwFreeMonitor
                0x000000014008261c                _glfwChooseVideoMode
                0x00000001400827d5                _glfwCompareVideoModes
                0x00000001400827e3                _glfwSplitBPP
                0x0000000140082844                _glfwInputWindowPos
                0x0000000140082893                _glfwInputWindowSize
                0x0000000140082922                _glfwInputWindowIconify
                0x000000014008298a                _glfwInputWindowMaximize
                0x00000001400829f2                _glfwInputFramebufferSize
                0x0000000140082a81                _glfwInputWindowContentScale
                0x0000000140082b96                _glfwInputWindowDamage
                0x0000000140082bd7                _glfwInputWindowCloseRequest
                0x0000000140082c1f                _glfwInputWindowMonitor
                0x0000000140082c57                _glfwInputKey
                0x0000000140082de2                _glfwPollEventsWin32
                0x0000000140082fb4                _glfwWaitEventsWin32
                0x0000000140082fc9                _glfwWaitEventsTimeoutWin32
                0x0000000140083003                _glfwInputChar
                0x00000001400830d3                _glfwInputScroll
                0x00000001400831f3                _glfwInputMouseClick
                0x000000014008331b                _glfwInputWindowFocus
                0x0000000140083408                _glfwInputCursorPos
                0x0000000140083558                _glfwInputCursorEnter
                0x00000001400835c0                _glfwInputDrop
                0x0000000140083650                _glfwInputJoystick
                0x00000001400836de                _glfwInputJoystickAxis
                0x000000014008376b                _glfwInputJoystickButton
                0x0000000140083814                _glfwInputJoystickHat
                0x0000000140083976                _glfwFreeJoystick
                0x00000001400839fd                _glfwTerminateJoysticksWin32
                0x0000000140083a3f                _glfwPollJoystickWin32
                0x0000000140083ea6                _glfwCenterCursorInContentArea
                0x0000000140083ef2                _glfwTerminateVulkan
                0x0000000140083f0e                _glfwGetVulkanResultString
                0x0000000140084073                _glfwUpdateKeyNamesWin32
                0x000000014008424c                _glfwIsWindowsVersionOrGreaterWin32
                0x00000001400843f1                _glfwFramebufferTransparentWin32
                0x000000014008451d                _glfwIsWindows10BuildOrGreaterWin32
                0x0000000140084714                _glfwSetWindowAspectRatioWin32
                0x0000000140084786                _glfwSetWindowPosWin32
                0x0000000140084857                _glfwGetWindowFrameSizeWin32
                0x0000000140084985                _glfwMaximizeWindowWin32
                0x0000000140084ca3                _glfwSetWindowResizableWin32
                0x0000000140084cb2                _glfwSetWindowDecoratedWin32
                0x0000000140084cc1                _glfwPlatformLoadModule
                0x0000000140084cd0                _glfwPlatformFreeModule
                0x0000000140084ce0                _glfwPlatformGetModuleSymbol
                0x0000000140084cef                _glfwRestoreVideoModeWin32
                0x0000000140084da8                _glfwDetectJoystickDisconnectionWin32
                0x0000000140084de6                _glfwPlatformInitTimer
                0x0000000140084dfd                _glfwPlatformGetTimerValue
                0x0000000140084e16                _glfwPlatformGetTimerFrequency
                0x0000000140084e1e                _glfwPlatformDestroyTls
                0x0000000140084e43                _glfwPlatformGetTls
                0x0000000140084e7b                glfwGetError
                0x000000014008500d                _glfwPlatformSetTls
                0x000000014008504e                _glfwPlatformCreateMutex
                0x0000000140085092                _glfwPlatformDestroyMutex
                0x00000001400850c3                _glfwPlatformLockMutex
                0x00000001400850fd                _glfwPlatformUnlockMutex
                0x0000000140085137                _glfwInputError
                0x00000001400856d4                _glfw_calloc
                0x0000000140085758                _glfw_strdup
                0x0000000140085786                _glfwAllocMonitor
                0x00000001400857cb                _glfwAllocGammaArrays
                0x0000000140085816                _glfwGetGammaRampWin32
                0x00000001400858bc                _glfwAllocJoystick
                0x00000001400859c4                _glfwGetEGLPlatformWin32
                0x0000000140085ac1                _glfw_realloc
                0x0000000140085b1f                _glfwParseUriList
                0x0000000140085c51                _glfwInputMonitor
                0x0000000140085eea                glfwInitHint
                0x0000000140085f79                glfwInitAllocator
                0x0000000140086008                _glfwSelectPlatform
                0x0000000140086070                glfwGetPlatform
                0x000000014008609e                glfwPlatformSupported
                0x00000001400860de                _glfwIsValidContextConfig
                0x0000000140086349                glfwMakeContextCurrent
                0x00000001400863d2                glfwGetCurrentContext
                0x0000000140086406                glfwSwapBuffers
                0x0000000140086475                glfwSwapInterval
                0x00000001400864c9                glfwExtensionSupported
                0x0000000140086645                _glfwRefreshContextAttribs
                0x0000000140086b61                glfwGetProcAddress
                0x0000000140086be1                glfwGetMonitors
                0x0000000140086c44                glfwGetPrimaryMonitor
                0x0000000140086c86                glfwGetMonitorPos
                0x0000000140086cff                glfwGetMonitorWorkarea
                0x0000000140086da8                glfwGetMonitorPhysicalSize
                0x0000000140086e2b                glfwGetMonitorContentScale
                0x0000000140086ea4                glfwGetMonitorName
                0x0000000140086ef5                glfwSetMonitorUserPointer
                0x0000000140086f4a                glfwGetMonitorUserPointer
                0x0000000140086f9f                glfwSetMonitorCallback
                0x0000000140086fd5                glfwGetVideoModes
                0x0000000140087071                glfwGetVideoMode
                0x00000001400870e4                glfwGetGammaRamp
                0x0000000140087160                glfwSetGammaRamp
                0x00000001400872d6                glfwSetGamma
                0x00000001400874c2                glfwDefaultWindowHints
                0x000000014008760b                glfwWindowHint
                0x00000001400879a3                glfwWindowHintString
                0x0000000140087a8b                glfwDestroyWindow
                0x0000000140087b2d                glfwCreateWindow
                0x0000000140087e69                glfwWindowShouldClose
                0x0000000140087eba                glfwSetWindowShouldClose
                0x0000000140087f0a                glfwGetWindowTitle
                0x0000000140087f5c                glfwSetWindowTitle
                0x0000000140087ff2                glfwSetWindowIcon
                0x0000000140088137                glfwGetWindowPos
                0x00000001400881b0                glfwSetWindowPos
                0x0000000140088219                glfwGetWindowSize
                0x0000000140088292                glfwSetWindowSize
                0x0000000140088339                glfwSetWindowSizeLimits
                0x000000014008842e                glfwSetWindowAspectRatio
                0x000000014008852b                glfwGetFramebufferSize
                0x00000001400885a4                glfwGetWindowFrameSize
                0x000000014008864d                glfwGetWindowContentScale
                0x00000001400886c6                glfwGetWindowOpacity
                0x000000014008871c                glfwSetWindowOpacity
                0x000000014008884d                glfwIconifyWindow
                0x00000001400888a0                glfwRestoreWindow
                0x00000001400888f3                glfwMaximizeWindow
                0x000000014008894e                glfwShowWindow
                0x00000001400889b8                glfwRequestWindowAttention
                0x0000000140088a0b                glfwHideWindow
                0x0000000140088a66                glfwFocusWindow
                0x0000000140088ab9                glfwGetWindowAttrib
                0x0000000140088c94                glfwSetWindowAttrib
                0x0000000140088d83                glfwGetWindowMonitor
                0x0000000140088dd5                glfwSetWindowMonitor
                0x0000000140088f24                glfwSetWindowUserPointer
                0x0000000140088f76                glfwGetWindowUserPointer
                0x0000000140088fc8                glfwSetWindowPosCallback
                0x0000000140089029                glfwSetWindowSizeCallback
                0x000000014008908a                glfwSetWindowCloseCallback
                0x00000001400890eb                glfwSetWindowRefreshCallback
                0x000000014008914c                glfwSetWindowFocusCallback
                0x00000001400891ad                glfwSetWindowIconifyCallback
                0x000000014008920e                glfwSetWindowMaximizeCallback
                0x000000014008926f                glfwSetFramebufferSizeCallback
                0x00000001400892d0                glfwSetWindowContentScaleCallback
                0x0000000140089331                glfwPollEvents
                0x000000014008935b                glfwWaitEvents
                0x0000000140089385                glfwWaitEventsTimeout
                0x000000014008947a                glfwPostEmptyEvent
                0x0000000140089a6f                _glfwInitGamepadMappings
                0x0000000140089ad5                glfwGetInputMode
                0x0000000140089b85                glfwSetInputMode
                0x0000000140089d46                glfwRawMouseMotionSupported
                0x0000000140089d76                glfwGetKeyName
                0x0000000140089dfa                glfwGetKeyScancode
                0x0000000140089e4f                glfwGetKey
                0x0000000140089eea                glfwGetMouseButton
                0x0000000140089f80                glfwGetCursorPos
                0x000000014008a02b                glfwSetCursorPos
                0x000000014008a131                glfwSetCursor
                0x000000014008a190                glfwDestroyCursor
                0x000000014008a385                glfwTerminate
                0x000000014008a39e                glfwCreateCursor
                0x000000014008a4a1                glfwCreateStandardCursor
                0x000000014008a539                glfwSetKeyCallback
                0x000000014008a59a                glfwSetCharCallback
                0x000000014008a5fb                glfwSetCharModsCallback
                0x000000014008a65c                glfwSetMouseButtonCallback
                0x000000014008a6bd                glfwSetCursorPosCallback
                0x000000014008a71e                glfwSetCursorEnterCallback
                0x000000014008a77f                glfwSetScrollCallback
                0x000000014008a7e0                glfwSetDropCallback
                0x000000014008a841                glfwJoystickPresent
                0x000000014008a91c                glfwGetJoystickAxes
                0x000000014008aa5e                glfwGetJoystickButtons
                0x000000014008abbb                glfwGetJoystickHats
                0x000000014008acfd                glfwGetJoystickName
                0x000000014008adff                glfwGetJoystickGUID
                0x000000014008af04                glfwSetJoystickUserPointer
                0x000000014008af92                glfwGetJoystickUserPointer
                0x000000014008b027                glfwSetJoystickCallback
                0x000000014008b072                glfwUpdateGamepadMappings
                0x000000014008b23f                glfwJoystickIsGamepad
                0x000000014008b333                glfwGetGamepadName
                0x000000014008b43d                glfwGetGamepadState
                0x000000014008b74a                glfwSetClipboardString
                0x000000014008b79d                glfwGetClipboardString
                0x000000014008b7cb                glfwGetTime
                0x000000014008b858                glfwSetTime
                0x000000014008b926                glfwGetTimerValue
                0x000000014008b953                glfwGetTimerFrequency
                0x000000014008b982                _glfwInitVulkan
                0x000000014008bc5b                glfwVulkanSupported
                0x000000014008bc8f                glfwGetRequiredInstanceExtensions
                0x000000014008bd11                glfwGetInstanceProcAddress
                0x000000014008bdbd                glfwGetPhysicalDevicePresentationSupport
                0x000000014008be79                glfwCreateWindowSurface
                0x000000014008bfb3                _glfwInputErrorWin32
                0x000000014008c0a1                _glfwCreateWideStringFromUTF8Win32
                0x000000014008c154                _glfwSetWindowTitleWin32
                0x000000014008c18d                _glfwCreateUTF8FromWideStringWin32
                0x000000014008c509                _glfwPollMonitorsWin32
                0x000000014008c7b8                _glfwInitWin32
                0x000000014008d23e                _glfwDestroyWindowWin32
                0x000000014008d38a                _glfwSetRawMouseMotionWin32
                0x000000014008d3ae                _glfwSetCursorModeWin32
                0x000000014008d6c2                _glfwSetWindowIconWin32
                0x000000014008d89c                _glfwCreateCursorWin32
                0x000000014008d8cb                _glfwSetClipboardStringWin32
                0x000000014008da08                _glfwGetClipboardStringWin32
                0x000000014008dbc8                _glfwGetHMONITORContentScaleWin32
                0x000000014008dcc0                _glfwGetMonitorContentScaleWin32
                0x000000014008e47e                _glfwGetWindowContentScaleWin32
                0x000000014008e4b2                _glfwGetVideoModeWin32
                0x000000014008e556                _glfwGetVideoModesWin32
                0x000000014008e783                _glfwSetVideoModeWin32
                0x000000014008e977                _glfwSetWindowSizeWin32
                0x000000014008ea82                _glfwSetWindowMonitorWin32
                0x000000014008eddf                _glfwSetGammaRampWin32
                0x000000014008ee96                glfwGetWin32Adapter
                0x000000014008eee9                glfwGetWin32Monitor
                0x000000014009000f                _glfwGetScancodeNameWin32
                0x0000000140090070                _glfwCreateStandardCursorWin32
                0x0000000140090153                _glfwGetPhysicalDevicePresentationSupportWin32
                0x0000000140090197                _glfwCreateWindowSurfaceWin32
                0x000000014009024d                glfwGetWin32Window
                0x00000001400902a0                _glfwDetectJoystickConnectionWin32
                0x0000000140090b61                _glfwInitJoysticksWin32
                0x0000000140090bc3                _glfwPlatformCreateTls
                0x0000000140090c23                glfwInit
                0x0000000140090f82                _glfwInitWGL
                0x00000001400912f0                _glfwTerminateWGL
                0x000000014009130c                _glfwCreateContextWGL
                0x0000000140092057                glfwGetWGLContext
                0x00000001400920cc                _glfwTerminateEGL
                0x000000014009210f                _glfwInitEGL
                0x00000001400926b3                _glfwCreateContextEGL
                0x0000000140092fbd                glfwGetEGLDisplay
                0x0000000140092fec                glfwGetEGLContext
                0x000000014009303d                glfwGetEGLSurface
                0x000000014009308e                _glfwTerminateOSMesa
                0x00000001400930b4                _glfwTerminateWin32
                0x00000001400931d1                _glfwInitOSMesa
                0x000000014009335a                _glfwCreateContextOSMesa
                0x00000001400935b6                _glfwCreateWindowWin32
                0x000000014009370e                glfwGetOSMesaColorBuffer
                0x0000000140093825                glfwGetOSMesaDepthBuffer
                0x000000014009393c                glfwGetOSMesaContext
 .text          0x0000000140093990        0x8 C:/msys64/ucrt64/bin/../lib/gcc/x86_64-w64-mingw32/13.1.0/../../../../lib/libgdi32.a(libgdi32s00933.o)
                0x0000000140093990                SwapBuffers
 .text          0x0000000140093998        0x8 C:/msys64/ucrt64/bin/../lib/gcc/x86_64-w64-mingw32/13.1.0/../../../../lib/libgdi32.a(libgdi32s00906.o)
                0x0000000140093998                SetPixelFormat
 .text          0x00000001400939a0        0x8 C:/msys64/ucrt64/bin/../lib/gcc/x86_64-w64-mingw32/13.1.0/../../../../lib/libgdi32.a(libgdi32s00888.o)
                0x00000001400939a0                SetDeviceGammaRamp
 .text          0x00000001400939a8        0x8 C:/msys64/ucrt64/bin/../lib/gcc/x86_64-w64-mingw32/13.1.0/../../../../lib/libgdi32.a(libgdi32s00637.o)
                0x00000001400939a8                GetDeviceGammaRamp
 .text          0x00000001400939b0        0x8 C:/msys64/ucrt64/bin/../lib/gcc/x86_64-w64-mingw32/13.1.0/../../../../lib/libgdi32.a(libgdi32s00636.o)
                0x00000001400939b0                GetDeviceCaps
 .text          0x00000001400939b8        0x8 C:/msys64/ucrt64/bin/../lib/gcc/x86_64-w64-mingw32/13.1.0/../../../../lib/libgdi32.a(libgdi32s00388.o)
                0x00000001400939b8                DescribePixelFormat
 .text          0x00000001400939c0        0x8 C:/msys64/ucrt64/bin/../lib/gcc/x86_64-w64-mingw32/13.1.0/../../../../lib/libgdi32.a(libgdi32s00387.o)
                0x00000001400939c0                DeleteObject
 .text          0x00000001400939c8        0x8 C:/msys64/ucrt64/bin/../lib/gcc/x86_64-w64-mingw32/13.1.0/../../../../lib/libgdi32.a(libgdi32s00384.o)
                0x00000001400939c8                DeleteDC
 .text          0x00000001400939d0        0x8 C:/msys64/ucrt64/bin/../lib/gcc/x86_64-w64-mingw32/13.1.0/../../../../lib/libgdi32.a(libgdi32s00083.o)
                0x00000001400939d0                CreateRectRgn
 .text          0x00000001400939d8        0x8 C:/msys64/ucrt64/bin/../lib/gcc/x86_64-w64-mingw32/13.1.0/../../../../lib/libgdi32.a(libgdi32s00055.o)
                0x00000001400939d8                CreateDIBSection
 .text          0x00000001400939e0        0x8 C:/msys64/ucrt64/bin/../lib/gcc/x86_64-w64-mingw32/13.1.0/../../../../lib/libgdi32.a(libgdi32s00052.o)
                0x00000001400939e0                CreateDCW
 .text          0x00000001400939e8        0x8 C:/msys64/ucrt64/bin/../lib/gcc/x86_64-w64-mingw32/13.1.0/../../../../lib/libgdi32.a(libgdi32s00041.o)
                0x00000001400939e8                CreateBitmap
 .text          0x00000001400939f0        0x8 C:/msys64/ucrt64/bin/../lib/gcc/x86_64-w64-mingw32/13.1.0/../../../../lib/libgdi32.a(libgdi32s00025.o)
                0x00000001400939f0                ChoosePixelFormat
 *fill*         0x00000001400939f8        0x8 
 .text          0x0000000140093a00        0x0 C:/msys64/ucrt64/bin/../lib/gcc/x86_64-w64-mingw32/13.1.0/../../../../lib/libgdi32.a(libgdi32h.o)
 .text          0x0000000140093a00        0x0 C:/msys64/ucrt64/bin/../lib/gcc/x86_64-w64-mingw32/13.1.0/../../../../lib/libgdi32.a(libgdi32t.o)
 .text          0x0000000140093a00        0x8 C:/msys64/ucrt64/bin/../lib/gcc/x86_64-w64-mingw32/13.1.0/../../../../lib/libwinmm.a(libwinmms00160.o)
                0x0000000140093a00                timeEndPeriod
 .text          0x0000000140093a08        0x8 C:/msys64/ucrt64/bin/../lib/gcc/x86_64-w64-mingw32/13.1.0/../../../../lib/libwinmm.a(libwinmms00159.o)
                0x0000000140093a08                timeBeginPeriod
 .text          0x0000000140093a10        0x0 C:/msys64/ucrt64/bin/../lib/gcc/x86_64-w64-mingw32/13.1.0/../../../../lib/libwinmm.a(libwinmmh.o)
 .text          0x0000000140093a10        0x0 C:/msys64/ucrt64/bin/../lib/gcc/x86_64-w64-mingw32/13.1.0/../../../../lib/libwinmm.a(libwinmmt.o)
 .text          0x0000000140093a10       0x40 C:/msys64/ucrt64/bin/../lib/gcc/x86_64-w64-mingw32/13.1.0/libgcc.a(_chkstk_ms.o)
                0x0000000140093a10                ___chkstk_ms
 .text          0x0000000140093a50        0x0 C:/msys64/ucrt64/bin/../lib/gcc/x86_64-w64-mingw32/13.1.0/libgcc.a(_ctors.o)
 .text          0x0000000140093a50       0x40 C:/msys64/ucrt64/bin/../lib/gcc/x86_64-w64-mingw32/13.1.0/../../../../lib/libmingwex.a(lib64_libmingwex_a-fmax.o)
                0x0000000140093a50                fmax
 .text          0x0000000140093a90       0x30 C:/msys64/ucrt64/bin/../lib/gcc/x86_64-w64-mingw32/13.1.0/../../../../lib/libmingwex.a(lib64_libmingwex_a-fmaxf.o)
                0x0000000140093a90                fmaxf
 .text          0x0000000140093ac0       0x40 C:/msys64/ucrt64/bin/../lib/gcc/x86_64-w64-mingw32/13.1.0/../../../../lib/libmingwex.a(lib64_libmingwex_a-fmin.o)
                0x0000000140093ac0                fmin