Archive member included to satisfy reference by file (symbol)

C:/msys64/ucrt64/bin/../lib/gcc/x86_64-w64-mingw32/13.1.0/../../../../lib/libmsvcrt.a(lib64_libucrt_extra_a-ucrt_printf.o)
                              C:\Users\Erik\AppData\Local\Temp\cc5ErV42.o (printf)
C:/msys64/ucrt64/bin/../lib/gcc/x86_64-w64-mingw32/13.1.0/../../../../lib/libmsvcrt.a(libapi-ms-win-crt-utility-l1-1-0s00030.o)
                              C:\Users\Erik\AppData\Local\Temp\ccuKYMtS.o (rand)
C:/msys64/ucrt64/bin/../lib/gcc/x86_64-w64-mingw32/13.1.0/../../../../lib/libmsvcrt.a(libapi-ms-win-crt-utility-l1-1-0h.o)
                              C:/msys64/ucrt64/bin/../lib/gcc/x86_64-w64-mingw32/13.1.0/../../../../lib/libmsvcrt.a(libapi-ms-win-crt-utility-l1-1-0s00030.o) (_head_lib64_libapi_ms_win_crt_utility_l1_1_0_a)
C:/msys64/ucrt64/bin/../lib/gcc/x86_64-w64-mingw32/13.1.0/../../../../lib/libmsvcrt.a(libapi-ms-win-crt-utility-l1-1-0t.o)
                              C:/msys64/ucrt64/bin/../lib/gcc/x86_64-w64-mingw32/13.1.0/../../../../lib/libmsvcrt.a(libapi-ms-win-crt-utility-l1-1-0h.o) (__lib64_libapi_ms_win_crt_utility_l1_1_0_a_iname)
C:/msys64/ucrt64/bin/../lib/gcc/x86_64-w64-mingw32/13.1.0/../../../../lib/libmsvcrt.a(libapi-ms-win-crt-string-l1-1-0s00159.o)
                              C:\Users\Erik\AppData\Local\Temp\cc573uCC.o (memset)
C:/msys64/ucrt64/bin/../lib/gcc/x86_64-w64-mingw32/13.1.0/../../../../lib/libmsvcrt.a(libapi-ms-win-crt-string-l1-1-0h.o)
                              C:/msys64/ucrt64/bin/../lib/gcc/x86_64-w64-mingw32/13.1.0/../../../../lib/libmsvcrt.a(libapi-ms-win-crt-string-l1-1-0s00159.o) (_head_lib64_libapi_ms_win_crt_string_l1_1_0_a)
C:/msys64/ucrt64/bin/../lib/gcc/x86_64-w64-mingw32/13.1.0/../../../../lib/libmsvcrt.a(libapi-ms-win-crt-string-l1-1-0t.o)
                              C:/msys64/ucrt64/bin/../lib/gcc/x86_64-w64-mingw32/13.1.0/../../../../lib/libmsvcrt.a(libapi-ms-win-crt-string-l1-1-0h.o) (__lib64_libapi_ms_win_crt_string_l1_1_0_a_iname)
C:/msys64/ucrt64/bin/../lib/gcc/x86_64-w64-mingw32/13.1.0/../../../../lib/libmsvcrt.a(libapi-ms-win-crt-stdio-l1-1-0s00000.o)
                              C:/msys64/ucrt64/bin/../lib/gcc/x86_64-w64-mingw32/13.1.0/../../../../lib/libmsvcrt.a(lib64_libucrt_extra_a-ucrt_printf.o) (__acrt_iob_func)
C:/msys64/ucrt64/bin/../lib/gcc/x86_64-w64-mingw32/13.1.0/../../../../lib/libmsvcrt.a(libapi-ms-win-crt-stdio-l1-1-0s00003.o)
                              C:/msys64/ucrt64/bin/../lib/gcc/x86_64-w64-mingw32/13.1.0/../../../../lib/libmsvcrt.a(lib64_libucrt_extra_a-ucrt_printf.o) (__stdio_common_vfprintf)
C:/msys64/ucrt64/bin/../lib/gcc/x86_64-w64-mingw32/13.1.0/../../../../lib/libmsvcrt.a(libapi-ms-win-crt-stdio-l1-1-0h.o)
                              C:/msys64/ucrt64/bin/../lib/gcc/x86_64-w64-mingw32/13.1.0/../../../../lib/libmsvcrt.a(libapi-ms-win-crt-stdio-l1-1-0s00000.o) (_head_lib64_libapi_ms_win_crt_stdio_l1_1_0_a)
C:/msys64/ucrt64/bin/../lib/gcc/x86_64-w64-mingw32/13.1.0/../../../../lib/libmsvcrt.a(libapi-ms-win-crt-stdio-l1-1-0t.o)
                              C:/msys64/ucrt64/bin/../lib/gcc/x86_64-w64-mingw32/13.1.0/../../../../lib/libmsvcrt.a(libapi-ms-win-crt-stdio-l1-1-0h.o) (__lib64_libapi_ms_win_crt_stdio_l1_1_0_a_iname)
C:/msys64/ucrt64/bin/../lib/gcc/x86_64-w64-mingw32/13.1.0/../../../../lib/libmsvcrt.a(libapi-ms-win-crt-runtime-l1-1-0s00018.o)
                              C:\Users\Erik\AppData\Local\Temp\cc573uCC.o (__imp__assert)
C:/msys64/ucrt64/bin/../lib/gcc/x86_64-w64-mingw32/13.1.0/../../../../lib/libmsvcrt.a(libapi-ms-win-crt-runtime-l1-1-0s00088.o)
                              C:\Users\Erik\AppData\Local\Temp\cc5ErV42.o (exit)
C:/msys64/ucrt64/bin/../lib/gcc/x86_64-w64-mingw32/13.1.0/../../../../lib/libmsvcrt.a(libapi-ms-win-crt-runtime-l1-1-0h.o)
                              C:/msys64/ucrt64/bin/../lib/gcc/x86_64-w64-mingw32/13.1.0/../../../../lib/libmsvcrt.a(libapi-ms-win-crt-runtime-l1-1-0s00018.o) (_head_lib64_libapi_ms_win_crt_runtime_l1_1_0_a)
C:/msys64/ucrt64/bin/../lib/gcc/x86_64-w64-mingw32/13.1.0/../../../../lib/libmsvcrt.a(libapi-ms-win-crt-runtime-l1-1-0t.o)
                              C:/msys64/ucrt64/bin/../lib/gcc/x86_64-w64-mingw32/13.1.0/../../../../lib/libmsvcrt.a(libapi-ms-win-crt-runtime-l1-1-0h.o) (__lib64_libapi_ms_win_crt_runtime_l1_1_0_a_iname)
C:/msys64/ucrt64/bin/../lib/gcc/x86_64-w64-mingw32/13.1.0/../../../../lib/libmsvcrt.a(libapi-ms-win-crt-heap-l1-1-0s00024.o)
                              C:\Users\Erik\AppData\Local\Temp\ccQrvwGw.o (calloc)
C:/msys64/ucrt64/bin/../lib/gcc/x86_64-w64-mingw32/13.1.0/../../../../lib/libmsvcrt.a(libapi-ms-win-crt-heap-l1-1-0s00025.o)
                              C:\Users\Erik\AppData\Local\Temp\ccQrvwGw.o (free)
C:/msys64/ucrt64/bin/../lib/gcc/x86_64-w64-mingw32/13.1.0/../../../../lib/libmsvcrt.a(libapi-ms-win-crt-heap-l1-1-0s00026.o)
                              C:\Users\Erik\AppData\Local\Temp\ccQrvwGw.o (malloc)
[...]
Memory Configuration

Name             Origin             Length             Attributes
*default*        0x0000000000000000 0xffffffffffffffff

Linker script and memory map

                0x0000000140000000                __image_base__ = 0x140000000
                0x0000000000000000                __dll__ = 0x0
                0x0000000140000000                __ImageBase = 0x140000000
                0x0000000000001000                __section_alignment__ = 0x1000
                0x0000000000000200                __file_alignment__ = 0x200
                0x0000000000000004                __major_os_version__ = 0x4
                0x0000000000000000                __minor_os_version__ = 0x0
                0x0000000000000000                __major_image_version__ = 0x0
                0x0000000000000000                __minor_image_version__ = 0x0
                0x0000000000000005                __major_subsystem_version__ = 0x5
                0x0000000000000002                __minor_subsystem_version__ = 0x2
                0x0000000000000003                __subsystem__ = 0x3
                0x0000000000200000                __size_of_stack_reserve__ = 0x200000
                0x0000000000001000                __size_of_stack_commit__ = 0x1000
                0x0000000000100000                __size_of_heap_reserve__ = 0x100000
                0x0000000000001000                __size_of_heap_commit__ = 0x1000
                0x0000000000000000                __loader_flags__ = 0x0
                0x0000000000000160                __dll_characteristics__ = 0x160
LOAD C:\Users\Erik\AppData\Local\Temp\ccqFUgZP.o
LOAD C:\Users\Erik\AppData\Local\Temp\ccNEdfPM.o
LOAD C:\Users\Erik\AppData\Local\Temp\ccuKYMtS.o
LOAD C:\Users\Erik\AppData\Local\Temp\cc5ErV42.o
LOAD C:\Users\Erik\AppData\Local\Temp\cc573uCC.o
LOAD C:\Users\Erik\AppData\Local\Temp\ccBF4rSg.o
LOAD C:\Users\Erik\AppData\Local\Temp\ccQrvwGw.o
LOAD C:\Users\Erik\AppData\Local\Temp\ccRkh8nC.o
LOAD C:\Users\Erik\AppData\Local\Temp\ccHZyzM5.o
LOAD C:/msys64/ucrt64/bin/../lib/gcc/x86_64-w64-mingw32/13.1.0/../../../../lib/libmsvcrt.a
LOAD C:/msys64/ucrt64/bin/../lib/gcc/x86_64-w64-mingw32/13.1.0/../../../../lib/libuser32.a
LOAD C:/msys64/ucrt64/bin/../lib/gcc/x86_64-w64-mingw32/13.1.0/../../../../lib/libopengl32.a
LOAD C:/msys64/ucrt64/bin/../lib/gcc/x86_64-w64-mingw32/13.1.0/libgcc.a
LOAD C:/msys64/ucrt64/bin/../lib/gcc/x86_64-w64-mingw32/13.1.0/../../../../lib/libkernel32.a
LOAD C:/msys64/ucrt64/bin/../lib/gcc/x86_64-w64-mingw32/13.1.0/../../../../lib/libgdi32.a
LOAD C:/msys64/ucrt64/bin/../lib/gcc/x86_64-w64-mingw32/13.1.0/../../../../lib/libwinmm.a
                0x00000000000003b8                . = SIZEOF_HEADERS
                0x0000000000001000                . = ALIGN (__section_alignment__)

.text           0x0000000140001000     0xc000
 *(SORT_NONE(.init))
 *(.text)
 .text          0x0000000140001000       0x50 C:/msys64/ucrt64/bin/../lib/gcc/x86_64-w64-mingw32/13.1.0/../../../../lib/libmsvcrt.a(lib64_libucrt_extra_a-ucrt_printf.o)
                0x0000000140001000                printf
 .text          0x0000000140001050        0x8 C:/msys64/ucrt64/bin/../lib/gcc/x86_64-w64-mingw32/13.1.0/../../../../lib/libmsvcrt.a(libapi-ms-win-crt-utility-l1-1-0s00030.o)
                0x0000000140001050                rand
 .text          0x0000000140001058        0x8 C:/msys64/ucrt64/bin/../lib/gcc/x86_64-w64-mingw32/13.1.0/../../../../lib/libmsvcrt.a(libapi-ms-win-crt-string-l1-1-0s00159.o)
                0x0000000140001058                memset
 .text          0x0000000140001060        0x8 C:/msys64/ucrt64/bin/../lib/gcc/x86_64-w64-mingw32/13.1.0/../../../../lib/libmsvcrt.a(libapi-ms-win-crt-stdio-l1-1-0s00000.o)
                0x0000000140001060                __acrt_iob_func
 .text          0x0000000140001068        0x8 C:/msys64/ucrt64/bin/../lib/gcc/x86_64-w64-mingw32/13.1.0/../../../../lib/libmsvcrt.a(libapi-ms-win-crt-stdio-l1-1-0s00003.o)
                0x0000000140001068                __stdio_common_vfprintf
 .text          0x0000000140001070        0x8 C:/msys64/ucrt64/bin/../lib/gcc/x86_64-w64-mingw32/13.1.0/../../../../lib/libmsvcrt.a(libapi-ms-win-crt-runtime-l1-1-0s00088.o)
                0x0000000140001070                exit
 .text          0x0000000140001078        0x8 C:/msys64/ucrt64/bin/../lib/gcc/x86_64-w64-mingw32/13.1.0/../../../../lib/libmsvcrt.a(libapi-ms-win-crt-heap-l1-1-0s00024.o)
                0x0000000140001078                calloc
 .text          0x0000000140001080        0x8 C:/msys64/ucrt64/bin/../lib/gcc/x86_64-w64-mingw32/13.1.0/../../../../lib/libmsvcrt.a(libapi-ms-win-crt-heap-l1-1-0s00025.o)
                0x0000000140001080                free
 .text          0x0000000140001088        0x8 C:/msys64/ucrt64/bin/../lib/gcc/x86_64-w64-mingw32/13.1.0/../../../../lib/libmsvcrt.a(libapi-ms-win-crt-heap-l1-1-0s00026.o)
                0x0000000140001088                malloc
 .text          0x0000000140001090       0x40 C:/msys64/ucrt64/bin/../lib/gcc/x86_64-w64-mingw32/13.1.0/libgcc.a(_chkstk_ms.o)
                0x0000000140001090                ___chkstk_ms
 *(SORT_BY_NAME(.text$*))
 .text$WinMain  0x00000001400010d0      0x1c0 C:\Users\Erik\AppData\Local\Temp\ccQrvwGw.o
                0x00000001400010d0                WinMain
 .text$add_particle
                0x0000000140001290       0x40 C:\Users\Erik\AppData\Local\Temp\ccQrvwGw.o
                0x0000000140001290                add_particle
 .text$atexit   0x00000001400012d0       0x10 C:\Users\Erik\AppData\Local\Temp\ccQrvwGw.o
                0x00000001400012d0                atexit
 .text$calc_diag_hit
                0x00000001400012e0      0x110 C:\Users\Erik\AppData\Local\Temp\ccRkh8nC.o
                0x00000001400012e0                calc_diag_hit
 .text$calc_door_hit
                0x00000001400013f0      0x680 C:\Users\Erik\AppData\Local\Temp\ccRkh8nC.o
                0x00000001400013f0                calc_door_hit
 .text$calc_line_hit
                0x0000000140001a70      0x380 C:\Users\Erik\AppData\Local\Temp\ccRkh8nC.o
                0x0000000140001a70                calc_line_hit
 .text$can_raycast_between_points
                0x0000000140001df0      0x1a0 C:\Users\Erik\AppData\Local\Temp\ccuKYMtS.o
                0x0000000140001df0                can_raycast_between_points
 .text$change_resolution
                0x0000000140001f90      0x1f0 C:\Users\Erik\AppData\Local\Temp\ccQrvwGw.o
                0x0000000140001f90                change_resolution
 .text$clear_keys
                0x0000000140002180       0x40 C:\Users\Erik\AppData\Local\Temp\cc573uCC.o
                0x0000000140002180                clear_keys
 .text$clear_requested_sprites
                0x00000001400021c0       0x10 C:\Users\Erik\AppData\Local\Temp\ccRkh8nC.o
                0x00000001400021c0                clear_requested_sprites
 .text$collides
                0x00000001400021d0      0x360 C:\Users\Erik\AppData\Local\Temp\ccqFUgZP.o
                0x00000001400021d0                collides
 .text$collides_with_other_entity
                0x0000000140002530       0x80 C:\Users\Erik\AppData\Local\Temp\ccuKYMtS.o
                0x0000000140002530                collides_with_other_entity
 .text$compress
                0x00000001400025b0      0x1c0 C:\Users\Erik\AppData\Local\Temp\cc5ErV42.o
                0x00000001400025b0                compress
 .text$console_log
                0x0000000140002770       0x10 C:\Users\Erik\AppData\Local\Temp\ccQrvwGw.o
                0x0000000140002770                console_log
 .text$copy_32_map_to_64
                0x0000000140002780       0x10 C:\Users\Erik\AppData\Local\Temp\ccQrvwGw.o
                0x0000000140002780                copy_32_map_to_64
 .text$cos_deg  0x0000000140002790       0x10 C:\Users\Erik\AppData\Local\Temp\ccBF4rSg.o
                0x0000000140002790                cos_deg
 .text$decompress
                0x00000001400027a0       0xf0 C:\Users\Erik\AppData\Local\Temp\cc5ErV42.o
                0x00000001400027a0                decompress
 .text$draw_first_person_level_inner
                0x0000000140002890     0x42b0 C:\Users\Erik\AppData\Local\Temp\ccRkh8nC.o
                0x0000000140002890                draw_first_person_level_inner
 .text$draw_lit_fogged_textured_z_buffered_blended_flat_sprite
                0x0000000140006b40      0xa40 C:\Users\Erik\AppData\Local\Temp\ccNEdfPM.o
                0x0000000140006b40                draw_lit_fogged_textured_z_buffered_blended_flat_sprite
 .text$draw_lit_fogged_textured_z_buffered_blended_sprite
                0x0000000140007580      0x4b0 C:\Users\Erik\AppData\Local\Temp\ccNEdfPM.o
                0x0000000140007580                draw_lit_fogged_textured_z_buffered_blended_sprite
 .text$draw_particles
                0x0000000140007a30       0x50 C:\Users\Erik\AppData\Local\Temp\ccQrvwGw.o
                0x0000000140007a30                draw_particles
 .text$draw_player
                0x0000000140007a80       0x10 C:\Users\Erik\AppData\Local\Temp\ccQrvwGw.o
                0x0000000140007a80                draw_player
 .text$draw_skybox_vline
                0x0000000140007a90       0x70 C:\Users\Erik\AppData\Local\Temp\ccNEdfPM.o
                0x0000000140007a90                draw_skybox_vline
 .text$draw_sprites_wrapper
                0x0000000140007b00       0x50 C:\Users\Erik\AppData\Local\Temp\ccRkh8nC.o
                0x0000000140007b00                draw_sprites_wrapper
 .text$draw_topdown_level
                0x0000000140007b50       0x10 C:\Users\Erik\AppData\Local\Temp\ccQrvwGw.o
                0x0000000140007b50                draw_topdown_level
 .text$draw_transformed_sprites
                0x0000000140007b60      0x3c0 C:\Users\Erik\AppData\Local\Temp\ccRkh8nC.o
                0x0000000140007b60                draw_transformed_sprites
 .text$draw_z_buffered_alpha_edit_vline
                0x0000000140007f20      0x120 C:\Users\Erik\AppData\Local\Temp\ccNEdfPM.o
                0x0000000140007f20                draw_z_buffered_alpha_edit_vline
 .text$draw_z_buffered_alpha_tint_vline
                0x0000000140008040      0x130 C:\Users\Erik\AppData\Local\Temp\ccNEdfPM.o
                0x0000000140008040                draw_z_buffered_alpha_tint_vline
 .text$follow_target
                0x0000000140008170       0x80 C:\Users\Erik\AppData\Local\Temp\ccuKYMtS.o
                0x0000000140008170                follow_target
 .text$get_abs_time
                0x00000001400081f0       0x10 C:\Users\Erik\AppData\Local\Temp\ccQrvwGw.o
                0x00000001400081f0                get_abs_time
 .text$get_height_at_point
                0x0000000140008200      0x230 C:\Users\Erik\AppData\Local\Temp\ccqFUgZP.o
                0x0000000140008200                get_height_at_point
 .text$get_height_at_point_for_sprites
                0x0000000140008430       0x20 C:\Users\Erik\AppData\Local\Temp\ccqFUgZP.o
                0x0000000140008430                get_height_at_point_for_sprites
 .text$get_running_time
                0x0000000140008450       0x10 C:\Users\Erik\AppData\Local\Temp\ccQrvwGw.o
                0x0000000140008450                get_running_time
 .text$get_texture_column
                0x0000000140008460       0x40 C:\Users\Erik\AppData\Local\Temp\ccNEdfPM.o
                0x0000000140008460                get_texture_column
 .text$handle_click
                0x00000001400084a0       0x40 C:\Users\Erik\AppData\Local\Temp\ccQrvwGw.o
                0x00000001400084a0                handle_click
 .text$handle_editor
                0x00000001400084e0      0x8b0 C:\Users\Erik\AppData\Local\Temp\ccQrvwGw.o
                0x00000001400084e0                handle_editor
 .text$init_entities_module
                0x0000000140008d90       0x30 C:\Users\Erik\AppData\Local\Temp\ccuKYMtS.o
                0x0000000140008d90                init_entities_module
 .text$init_game
                0x0000000140008dc0       0xc0 C:\Users\Erik\AppData\Local\Temp\ccQrvwGw.o
                0x0000000140008dc0                init_game
 .text$init_level
                0x0000000140008e80      0x270 C:\Users\Erik\AppData\Local\Temp\ccQrvwGw.o
                0x0000000140008e80                init_level
 .text$init_particle_system
                0x00000001400090f0       0x20 C:\Users\Erik\AppData\Local\Temp\ccQrvwGw.o
                0x00000001400090f0                init_particle_system
 .text$init_raycast_module
                0x0000000140009110       0xb0 C:\Users\Erik\AppData\Local\Temp\ccRkh8nC.o
                0x0000000140009110                init_raycast_module
 .text$join_render_frame
                0x00000001400091c0       0x10 C:\Users\Erik\AppData\Local\Temp\ccRkh8nC.o
                0x00000001400091c0                join_render_frame
 .text$launch_render_frame
                0x00000001400091d0       0xb0 C:\Users\Erik\AppData\Local\Temp\ccRkh8nC.o
                0x00000001400091d0                launch_render_frame
 .text$lcg      0x0000000140009280       0x30 C:\Users\Erik\AppData\Local\Temp\ccQrvwGw.o
                0x0000000140009280                lcg
 .text$lerp     0x00000001400092b0       0x10 C:\Users\Erik\AppData\Local\Temp\ccBF4rSg.o
                0x00000001400092b0                lerp
 .text$load_resources
                0x00000001400092c0      0x310 C:\Users\Erik\AppData\Local\Temp\ccHZyzM5.o
                0x00000001400092c0                load_resources
 .text$look_and_wander
                0x00000001400095d0       0x40 C:\Users\Erik\AppData\Local\Temp\ccuKYMtS.o
                0x00000001400095d0                look_and_wander
 .text$mainCRTStartup
                0x0000000140009610       0x30 C:\Users\Erik\AppData\Local\Temp\ccQrvwGw.o
                0x0000000140009610                mainCRTStartup
 .text$max_int32
                0x0000000140009640       0x50 C:\Users\Erik\AppData\Local\Temp\ccBF4rSg.o
                0x0000000140009640                max_int32
 .text$min_int32
                0x0000000140009690       0x50 C:\Users\Erik\AppData\Local\Temp\ccBF4rSg.o
                0x0000000140009690                min_int32
 .text$move_random_dir
                0x00000001400096e0      0x120 C:\Users\Erik\AppData\Local\Temp\ccuKYMtS.o
                0x00000001400096e0                move_random_dir
 .text$move_towards_last_seen_target_pos
                0x0000000140009800      0x160 C:\Users\Erik\AppData\Local\Temp\ccuKYMtS.o
                0x0000000140009800                move_towards_last_seen_target_pos
 .text$my_atan2f
                0x0000000140009960       0xa0 C:\Users\Erik\AppData\Local\Temp\ccBF4rSg.o
                0x0000000140009960                my_atan2f
 .text$my_atanf
                0x0000000140009a00       0x90 C:\Users\Erik\AppData\Local\Temp\ccBF4rSg.o
                0x0000000140009a00                my_atanf
 .text$my_calloc
                0x0000000140009a90       0x30 C:\Users\Erik\AppData\Local\Temp\ccQrvwGw.o
                0x0000000140009a90                my_calloc
 .text$my_cosf  0x0000000140009ac0       0x10 C:\Users\Erik\AppData\Local\Temp\ccBF4rSg.o
                0x0000000140009ac0                my_cosf
 .text$my_fabsf
                0x0000000140009ad0       0x10 C:\Users\Erik\AppData\Local\Temp\ccBF4rSg.o
                0x0000000140009ad0                my_fabsf
 .text$my_floorf
                0x0000000140009ae0       0x30 C:\Users\Erik\AppData\Local\Temp\ccBF4rSg.o
                0x0000000140009ae0                my_floorf
 .text$my_malloc
                0x0000000140009b10       0x30 C:\Users\Erik\AppData\Local\Temp\ccQrvwGw.o
                0x0000000140009b10                my_malloc
 .text$my_memcpy
                0x0000000140009b40       0x20 C:\Users\Erik\AppData\Local\Temp\ccBF4rSg.o
                0x0000000140009b40                my_memcpy
 .text$my_memmove
                0x0000000140009b60       0x40 C:\Users\Erik\AppData\Local\Temp\ccBF4rSg.o
                0x0000000140009b60                my_memmove
 .text$my_memset
                0x0000000140009ba0       0x20 C:\Users\Erik\AppData\Local\Temp\ccBF4rSg.o
                0x0000000140009ba0                my_memset
 .text$my_sinf  0x0000000140009bc0       0x10 C:\Users\Erik\AppData\Local\Temp\ccBF4rSg.o
                0x0000000140009bc0                my_sinf
 .text$my_sqrtf
                0x0000000140009bd0       0x70 C:\Users\Erik\AppData\Local\Temp\ccBF4rSg.o
                0x0000000140009bd0                my_sqrtf
 .text$my_tanf  0x0000000140009c40       0x30 C:\Users\Erik\AppData\Local\Temp\ccBF4rSg.o
                0x0000000140009c40                my_tanf
 .text$nop_printf
                0x0000000140009c70       0x10 C:\Users\Erik\AppData\Local\Temp\ccBF4rSg.o
                0x0000000140009c70                nop_printf
 .text$output_adjusted_byte
                0x0000000140009c80       0x10 C:\Users\Erik\AppData\Local\Temp\cc5ErV42.o
                0x0000000140009c80                output_adjusted_byte
 .text$output_bit
                0x0000000140009c90       0x50 C:\Users\Erik\AppData\Local\Temp\cc5ErV42.o
                0x0000000140009c90                output_bit
 .text$output_byte
                0x0000000140009ce0       0x40 C:\Users\Erik\AppData\Local\Temp\cc5ErV42.o
                0x0000000140009ce0                output_byte
 .text$platform_add_task
                0x0000000140009d20       0x60 C:\Users\Erik\AppData\Local\Temp\cc573uCC.o
                0x0000000140009d20                platform_add_task
 .text$platform_begin_drawing
                0x0000000140009d80       0x20 C:\Users\Erik\AppData\Local\Temp\cc573uCC.o
                0x0000000140009d80                platform_begin_drawing
 .text$platform_begin_frame
                0x0000000140009da0       0x70 C:\Users\Erik\AppData\Local\Temp\cc573uCC.o
                0x0000000140009da0                platform_begin_frame
 .text$platform_create_textures
                0x0000000140009e10       0xd0 C:\Users\Erik\AppData\Local\Temp\cc573uCC.o
                0x0000000140009e10                platform_create_textures
 .text$platform_draw_text
                0x0000000140009ee0       0x20 C:\Users\Erik\AppData\Local\Temp\cc573uCC.o
                0x0000000140009ee0                platform_draw_text
 .text$platform_draw_texture
                0x0000000140009f00      0x150 C:\Users\Erik\AppData\Local\Temp\cc573uCC.o
                0x0000000140009f00                platform_draw_texture
 .text$platform_end_drawing
                0x000000014000a050       0x30 C:\Users\Erik\AppData\Local\Temp\cc573uCC.o
                0x000000014000a050                platform_end_drawing
 .text$platform_end_frame
                0x000000014000a080       0x10 C:\Users\Erik\AppData\Local\Temp\cc573uCC.o
                0x000000014000a080                platform_end_frame
 .text$platform_get_frame_time
                0x000000014000a090       0x20 C:\Users\Erik\AppData\Local\Temp\cc573uCC.o
                0x000000014000a090                platform_get_frame_time
 .text$platform_get_key_pressed
                0x000000014000a0b0       0x10 C:\Users\Erik\AppData\Local\Temp\cc573uCC.o
                0x000000014000a0b0                platform_get_key_pressed
 .text$platform_get_mouse_delta
                0x000000014000a0c0       0x20 C:\Users\Erik\AppData\Local\Temp\cc573uCC.o
                0x000000014000a0c0                platform_get_mouse_delta
 .text$platform_get_mouse_position
                0x000000014000a0e0       0x40 C:\Users\Erik\AppData\Local\Temp\cc573uCC.o
                0x000000014000a0e0                platform_get_mouse_position
 .text$platform_get_time
                0x000000014000a120       0x40 C:\Users\Erik\AppData\Local\Temp\cc573uCC.o
                0x000000014000a120                platform_get_time
 .text$platform_hide_cursor
                0x000000014000a160       0x20 C:\Users\Erik\AppData\Local\Temp\cc573uCC.o
                0x000000014000a160                platform_hide_cursor
 .text$platform_init_threadpool
                0x000000014000a180       0x40 C:\Users\Erik\AppData\Local\Temp\cc573uCC.o
                0x000000014000a180                platform_init_threadpool
 .text$platform_init_time
                0x000000014000a1c0       0x30 C:\Users\Erik\AppData\Local\Temp\cc573uCC.o
                0x000000014000a1c0                platform_init_time
 .text$platform_init_window
                0x000000014000a1f0      0x240 C:\Users\Erik\AppData\Local\Temp\cc573uCC.o
                0x000000014000a1f0                platform_init_window
 .text$platform_is_key_down
                0x000000014000a430       0x10 C:\Users\Erik\AppData\Local\Temp\cc573uCC.o
                0x000000014000a430                platform_is_key_down
 .text$platform_is_key_pressed
                0x000000014000a440       0x30 C:\Users\Erik\AppData\Local\Temp\cc573uCC.o
                0x000000014000a440                platform_is_key_pressed
 .text$platform_is_mouse_button_pressed
                0x000000014000a470       0x10 C:\Users\Erik\AppData\Local\Temp\cc573uCC.o
                0x000000014000a470                platform_is_mouse_button_pressed
 .text$platform_is_window_focused
                0x000000014000a480       0x40 C:\Users\Erik\AppData\Local\Temp\cc573uCC.o
                0x000000014000a480                platform_is_window_focused
 .text$platform_join_threadpool
                0x000000014000a4c0       0x50 C:\Users\Erik\AppData\Local\Temp\cc573uCC.o
                0x000000014000a4c0                platform_join_threadpool
 .text$platform_load_file_data
                0x000000014000a510       0xb0 C:\Users\Erik\AppData\Local\Temp\cc573uCC.o
                0x000000014000a510                platform_load_file_data
 .text$platform_load_image
                0x000000014000a5c0       0x70 C:\Users\Erik\AppData\Local\Temp\cc573uCC.o
                0x000000014000a5c0                platform_load_image
 .text$platform_play_sound
                0x000000014000a630       0x10 C:\Users\Erik\AppData\Local\Temp\cc573uCC.o
                0x000000014000a630                platform_play_sound
 .text$platform_release_textures
                0x000000014000a640       0x20 C:\Users\Erik\AppData\Local\Temp\cc573uCC.o
                0x000000014000a640                platform_release_textures
 .text$platform_save_file_data
                0x000000014000a660       0x70 C:\Users\Erik\AppData\Local\Temp\cc573uCC.o
                0x000000014000a660                platform_save_file_data
 .text$platform_set_fullscreen
                0x000000014000a6d0       0x70 C:\Users\Erik\AppData\Local\Temp\cc573uCC.o
                0x000000014000a6d0                platform_set_fullscreen
 .text$platform_set_mouse_position
                0x000000014000a740       0x40 C:\Users\Erik\AppData\Local\Temp\cc573uCC.o
                0x000000014000a740                platform_set_mouse_position
 .text$platform_set_vsync
                0x000000014000a780       0x20 C:\Users\Erik\AppData\Local\Temp\cc573uCC.o
                0x000000014000a780                platform_set_vsync
 .text$platform_set_window_size
                0x000000014000a7a0       0x20 C:\Users\Erik\AppData\Local\Temp\cc573uCC.o
                0x000000014000a7a0                platform_set_window_size
 .text$platform_set_windowed
                0x000000014000a7c0       0xb0 C:\Users\Erik\AppData\Local\Temp\cc573uCC.o
                0x000000014000a7c0                platform_set_windowed
 .text$platform_show_cursor
                0x000000014000a870       0x20 C:\Users\Erik\AppData\Local\Temp\cc573uCC.o
                0x000000014000a870                platform_show_cursor
 .text$platform_update_texture
                0x000000014000a890       0x60 C:\Users\Erik\AppData\Local\Temp\cc573uCC.o
                0x000000014000a890                platform_update_texture
 .text$platform_window_should_close
                0x000000014000a8f0       0x30 C:\Users\Erik\AppData\Local\Temp\cc573uCC.o
                0x000000014000a8f0                platform_window_should_close
 .text$project_to_screen
                0x000000014000a920       0x60 C:\Users\Erik\AppData\Local\Temp\ccRkh8nC.o
                0x000000014000a920                project_to_screen
 .text$raycast_wrapper
                0x000000014000a980       0xa0 C:\Users\Erik\AppData\Local\Temp\ccRkh8nC.o
                0x000000014000a980                raycast_wrapper
 .text$render_frame
                0x000000014000aa20      0x3e0 C:\Users\Erik\AppData\Local\Temp\ccRkh8nC.o
                0x000000014000aa20                render_frame
 .text$render_frame_wrapper
                0x000000014000ae00       0x10 C:\Users\Erik\AppData\Local\Temp\ccRkh8nC.o
                0x000000014000ae00                render_frame_wrapper
 .text$request_draw_screen_space_sprite
                0x000000014000ae10       0x40 C:\Users\Erik\AppData\Local\Temp\ccRkh8nC.o
                0x000000014000ae10                request_draw_screen_space_sprite
 .text$request_draw_sprite
                0x000000014000ae50       0x40 C:\Users\Erik\AppData\Local\Temp\ccRkh8nC.o
                0x000000014000ae50                request_draw_sprite
 .text$run_game
                0x000000014000ae90      0x600 C:\Users\Erik\AppData\Local\Temp\ccQrvwGw.o
                0x000000014000ae90                run_game
 .text$set_bit_in_bitmap
                0x000000014000b490       0x20 C:\Users\Erik\AppData\Local\Temp\ccRkh8nC.o
                0x000000014000b490                set_bit_in_bitmap
 .text$sin_90   0x000000014000b4b0       0x50 C:\Users\Erik\AppData\Local\Temp\ccBF4rSg.o
 .text$sin_deg  0x000000014000b500       0xa0 C:\Users\Erik\AppData\Local\Temp\ccBF4rSg.o
                0x000000014000b500                sin_deg
 .text$sorted_insert_transformed_sprite
                0x000000014000b5a0       0xb0 C:\Users\Erik\AppData\Local\Temp\ccRkh8nC.o
                0x000000014000b5a0                sorted_insert_transformed_sprite
 .text$spawn_entity
                0x000000014000b650       0x70 C:\Users\Erik\AppData\Local\Temp\ccuKYMtS.o
                0x000000014000b650                spawn_entity
 .text$step_entities
                0x000000014000b6c0       0xd0 C:\Users\Erik\AppData\Local\Temp\ccuKYMtS.o
                0x000000014000b6c0                step_entities
 .text$thread_caller
                0x000000014000b790       0x10 C:\Users\Erik\AppData\Local\Temp\cc573uCC.o
                0x000000014000b790                thread_caller
 .text$thread_pool_add_work_inner.constprop.0
                0x000000014000b7a0       0x30 C:\Users\Erik\AppData\Local\Temp\cc573uCC.o
 .text$thread_pool_create_inner
                0x000000014000b7d0       0xc0 C:\Users\Erik\AppData\Local\Temp\cc573uCC.o
 .text$transform_and_submit_sprite
                0x000000014000b890      0x200 C:\Users\Erik\AppData\Local\Temp\ccRkh8nC.o
                0x000000014000b890                transform_and_submit_sprite
 .text$update_particles
                0x000000014000ba90       0x30 C:\Users\Erik\AppData\Local\Temp\ccQrvwGw.o
                0x000000014000ba90                update_particles
 .text$update_player
                0x000000014000bac0     0x10f0 C:\Users\Erik\AppData\Local\Temp\ccQrvwGw.o
                0x000000014000bac0                update_player
 .text$update_viewport
                0x000000014000cbb0       0x80 C:\Users\Erik\AppData\Local\Temp\cc573uCC.o
                0x000000014000cbb0                update_viewport
 .text$urand    0x000000014000cc30       0x20 C:\Users\Erik\AppData\Local\Temp\ccQrvwGw.o
                0x000000014000cc30                urand
 .text$wakeup_entities
                0x000000014000cc50       0x60 C:\Users\Erik\AppData\Local\Temp\ccuKYMtS.o
                0x000000014000cc50                wakeup_entities
 .text$wakeup_entity
                0x000000014000ccb0       0x50 C:\Users\Erik\AppData\Local\Temp\ccuKYMtS.o
                0x000000014000ccb0                wakeup_entity
 .text$wnd_proc
                0x000000014000cd00      0x170 C:\Users\Erik\AppData\Local\Temp\cc573uCC.o
 *(.text.*)
 *(.gnu.linkonce.t.*)
 *(.glue_7t)
 *(.glue_7)
                0x000000014000ce70                . = ALIGN (0x8)
                0x000000014000ce70                ___CTOR_LIST__ = .
                0x000000014000ce70                __CTOR_LIST__ = .
                0x000000014000ce70        0x4 LONG 0xffffffffffffffff
                0x000000014000ce74        0x4 LONG 0xffffffffffffffff
 *(.ctors)
 *(.ctor)
 *(SORT_BY_NAME(.ctors.*))
                0x000000014000ce78        0x4 LONG 0x0
                0x000000014000ce7c        0x4 LONG 0x0
                0x000000014000ce80                ___DTOR_LIST__ = .
                0x000000014000ce80                __DTOR_LIST__ = .
                0x000000014000ce80        0x4 LONG 0xffffffffffffffff
                0x000000014000ce84        0x4 LONG 0xffffffffffffffff
 *(.dtors)
 *(.dtor)
 *(SORT_BY_NAME(.dtors.*))
                0x000000014000ce88        0x4 LONG 0x0
                0x000000014000ce8c        0x4 LONG 0x0
 *(SORT_NONE(.fini))
 *(.gcc_exc)
                [!provide]                        PROVIDE (etext = .)
 *(.gcc_except_table)

.data           0x000000014000d000     0x1000
                0x000000014000d000                __data_start__ = .
 *(.data)
 *(.data2)
 *(SORT_BY_NAME(.data$*))
 .data$cur_fov  0x000000014000d000       0x10 C:\Users\Erik\AppData\Local\Temp\ccQrvwGw.o
                0x000000014000d000                cur_fov
 .data$cur_level_idx
                0x000000014000d010       0x10 C:\Users\Erik\AppData\Local\Temp\ccQrvwGw.o
                0x000000014000d010                cur_level_idx
 .data$cur_output_height
                0x000000014000d020       0x10 C:\Users\Erik\AppData\Local\Temp\ccQrvwGw.o
                0x000000014000d020                cur_output_height
 .data$cur_output_width
                0x000000014000d030       0x10 C:\Users\Erik\AppData\Local\Temp\ccQrvwGw.o
                0x000000014000d030                cur_output_width
 .data$cur_player_height
                0x000000014000d040       0x10 C:\Users\Erik\AppData\Local\Temp\ccQrvwGw.o
                0x000000014000d040                cur_player_height
 .data$cur_player_speed
                0x000000014000d050       0x10 C:\Users\Erik\AppData\Local\Temp\ccQrvwGw.o
                0x000000014000d050                cur_player_speed
 .data$cur_render_height
                0x000000014000d060       0x10 C:\Users\Erik\AppData\Local\Temp\ccQrvwGw.o
                0x000000014000d060                cur_render_height
 .data$cur_render_res_idx
                0x000000014000d070       0x10 C:\Users\Erik\AppData\Local\Temp\ccQrvwGw.o
                0x000000014000d070                cur_render_res_idx
 .data$cur_render_scale
                0x000000014000d080       0x10 C:\Users\Erik\AppData\Local\Temp\ccQrvwGw.o
                0x000000014000d080                cur_render_scale
 .data$cur_render_width
                0x000000014000d090       0x10 C:\Users\Erik\AppData\Local\Temp\ccQrvwGw.o
                0x000000014000d090                cur_render_width
 .data$disable_collision
                0x000000014000d0a0       0x10 C:\Users\Erik\AppData\Local\Temp\ccQrvwGw.o
                0x000000014000d0a0                disable_collision
 .data$door_timer_running
                0x000000014000d0b0       0x10 C:\Users\Erik\AppData\Local\Temp\ccQrvwGw.o
                0x000000014000d0b0                door_timer_running
 .data$draw_pix_pointers
                0x000000014000d0c0       0x10 C:\Users\Erik\AppData\Local\Temp\ccQrvwGw.o
                0x000000014000d0c0                draw_pix_pointers
 .data$draw_textures
                0x000000014000d0d0       0x10 C:\Users\Erik\AppData\Local\Temp\ccQrvwGw.o
                0x000000014000d0d0                draw_textures
 .data$edit_id_buffer_pointers
                0x000000014000d0e0       0x10 C:\Users\Erik\AppData\Local\Temp\ccQrvwGw.o
                0x000000014000d0e0                edit_id_buffer_pointers
 .data$editor_mode_enabled
                0x000000014000d0f0       0x10 C:\Users\Erik\AppData\Local\Temp\ccQrvwGw.o
                0x000000014000d0f0                editor_mode_enabled
 .data$editor_selected_map_idx
                0x000000014000d100       0x10 C:\Users\Erik\AppData\Local\Temp\ccQrvwGw.o
                0x000000014000d100                editor_selected_map_idx
 .data$editor_selected_side
                0x000000014000d110       0x10 C:\Users\Erik\AppData\Local\Temp\ccQrvwGw.o
                0x000000014000d110                editor_selected_side
 .data$end_time
                0x000000014000d120       0x10 C:\Users\Erik\AppData\Local\Temp\cc573uCC.o
                0x000000014000d120                end_time
 .data$entities
                0x000000014000d130       0x10 C:\Users\Erik\AppData\Local\Temp\ccuKYMtS.o
                0x000000014000d130                entities
 .data$frame    0x000000014000d140       0x10 C:\Users\Erik\AppData\Local\Temp\ccQrvwGw.o
                0x000000014000d140                frame
 *fill*         0x000000014000d150       0x10 
 .data$frame_params
                0x000000014000d160       0x60 C:\Users\Erik\AppData\Local\Temp\ccRkh8nC.o
                0x000000014000d160                frame_params
 .data$fullscreen
                0x000000014000d1c0       0x10 C:\Users\Erik\AppData\Local\Temp\ccQrvwGw.o
                0x000000014000d1c0                fullscreen
 .data$g_dc     0x000000014000d1d0       0x10 C:\Users\Erik\AppData\Local\Temp\cc573uCC.o
 .data$g_freq   0x000000014000d1e0       0x10 C:\Users\Erik\AppData\Local\Temp\cc573uCC.o
 .data$g_fullscreen
                0x000000014000d1f0       0x10 C:\Users\Erik\AppData\Local\Temp\cc573uCC.o
                0x000000014000d1f0                g_fullscreen
 .data$g_hwnd   0x000000014000d200       0x10 C:\Users\Erik\AppData\Local\Temp\cc573uCC.o
 .data$g_keys   0x000000014000d210       0x10 C:\Users\Erik\AppData\Local\Temp\cc573uCC.o
 .data$g_keys_prev
                0x000000014000d220       0x10 C:\Users\Erik\AppData\Local\Temp\cc573uCC.o
 .data$g_last_key_pressed
                0x000000014000d230       0x10 C:\Users\Erik\AppData\Local\Temp\cc573uCC.o
 .data$g_mouse_dx
                0x000000014000d240       0x10 C:\Users\Erik\AppData\Local\Temp\cc573uCC.o
 .data$g_mouse_dy
                0x000000014000d250       0x10 C:\Users\Erik\AppData\Local\Temp\cc573uCC.o
 .data$g_running
                0x000000014000d260       0x10 C:\Users\Erik\AppData\Local\Temp\cc573uCC.o
 .data$g_screen_h
                0x000000014000d270       0x10 C:\Users\Erik\AppData\Local\Temp\cc573uCC.o
 .data$g_screen_w
                0x000000014000d280       0x10 C:\Users\Erik\AppData\Local\Temp\cc573uCC.o
 .data$g_start  0x000000014000d290       0x10 C:\Users\Erik\AppData\Local\Temp\cc573uCC.o
 .data$got_revolver
                0x000000014000d2a0       0x10 C:\Users\Erik\AppData\Local\Temp\ccQrvwGw.o
                0x000000014000d2a0                got_revolver
 .data$got_whiskey
                0x000000014000d2b0       0x10 C:\Users\Erik\AppData\Local\Temp\ccQrvwGw.o
                0x000000014000d2b0                got_whiskey
 .data$gpu_textures
                0x000000014000d2c0       0x10 C:\Users\Erik\AppData\Local\Temp\cc573uCC.o
                0x000000014000d2c0                gpu_textures
 .data$levels   0x000000014000d2d0       0x10 C:\Users\Erik\AppData\Local\Temp\ccQrvwGw.o
                0x000000014000d2d0                levels
 .data$num_alive_entities
                0x000000014000d2e0       0x10 C:\Users\Erik\AppData\Local\Temp\ccuKYMtS.o
                0x000000014000d2e0                num_alive_entities
 .data$num_bits
                0x000000014000d2f0       0x10 C:\Users\Erik\AppData\Local\Temp\cc5ErV42.o
                0x000000014000d2f0                num_bits
 .data$num_bytes
                0x000000014000d300       0x10 C:\Users\Erik\AppData\Local\Temp\cc5ErV42.o
                0x000000014000d300                num_bytes
 .data$num_opcodes
                0x000000014000d310       0x10 C:\Users\Erik\AppData\Local\Temp\cc5ErV42.o
                0x000000014000d310                num_opcodes
 .data$num_requested_sprites
                0x000000014000d320       0x10 C:\Users\Erik\AppData\Local\Temp\ccRkh8nC.o
                0x000000014000d320                num_requested_sprites
 .data$num_trans_sprites
                0x000000014000d330       0x10 C:\Users\Erik\AppData\Local\Temp\ccRkh8nC.o
                0x000000014000d330                num_trans_sprites
 .data$obj_tmps
                0x000000014000d340       0xa0 C:\Users\Erik\AppData\Local\Temp\ccuKYMtS.o
                0x000000014000d340                obj_tmps
 .data$opcode_output_buf
                0x000000014000d3e0       0x10 C:\Users\Erik\AppData\Local\Temp\cc5ErV42.o
                0x000000014000d3e0                opcode_output_buf
 .data$operand_output_buf
                0x000000014000d3f0       0x10 C:\Users\Erik\AppData\Local\Temp\cc5ErV42.o
                0x000000014000d3f0                operand_output_buf
 .data$particles
                0x000000014000d400      0x280 C:\Users\Erik\AppData\Local\Temp\ccQrvwGw.o
                0x000000014000d400                particles
 .data$per_thread_sprite_cache
                0x000000014000d680       0x40 C:\Users\Erik\AppData\Local\Temp\ccRkh8nC.o
                0x000000014000d680                per_thread_sprite_cache
 .data$pitch    0x000000014000d6c0       0x10 C:\Users\Erik\AppData\Local\Temp\ccQrvwGw.o
                0x000000014000d6c0                pitch
 .data$pitch_ang
                0x000000014000d6d0       0x10 C:\Users\Erik\AppData\Local\Temp\ccQrvwGw.o
                0x000000014000d6d0                pitch_ang
 .data$player_ang
                0x000000014000d6e0       0x10 C:\Users\Erik\AppData\Local\Temp\ccQrvwGw.o
                0x000000014000d6e0                player_ang
 .data$player_jump_dur
                0x000000014000d6f0       0x10 C:\Users\Erik\AppData\Local\Temp\ccQrvwGw.o
                0x000000014000d6f0                player_jump_dur
 .data$player_stand_dur
                0x000000014000d700       0x10 C:\Users\Erik\AppData\Local\Temp\ccQrvwGw.o
                0x000000014000d700                player_stand_dur
 .data$player_vel_z
                0x000000014000d710       0x10 C:\Users\Erik\AppData\Local\Temp\ccQrvwGw.o
                0x000000014000d710                player_vel_z
 .data$player_x
                0x000000014000d720       0x10 C:\Users\Erik\AppData\Local\Temp\ccQrvwGw.o
                0x000000014000d720                player_x
 .data$player_y
                0x000000014000d730       0x10 C:\Users\Erik\AppData\Local\Temp\ccQrvwGw.o
                0x000000014000d730                player_y
 .data$player_z
                0x000000014000d740       0x10 C:\Users\Erik\AppData\Local\Temp\ccQrvwGw.o
                0x000000014000d740                player_z
 .data$prev_frame_time
                0x000000014000d750       0x10 C:\Users\Erik\AppData\Local\Temp\ccQrvwGw.o
                0x000000014000d750                prev_frame_time
 .data$prev_was_unfocused
                0x000000014000d760       0x10 C:\Users\Erik\AppData\Local\Temp\cc573uCC.o
                0x000000014000d760                prev_was_unfocused
 .data$raycast_manager_pool
                0x000000014000d770       0x10 C:\Users\Erik\AppData\Local\Temp\ccRkh8nC.o
                0x000000014000d770                raycast_manager_pool
 .data$raycast_parms
                0x000000014000d780      0x300 C:\Users\Erik\AppData\Local\Temp\ccRkh8nC.o
                0x000000014000d780                raycast_parms
 .data$raycast_pool
                0x000000014000da80       0x10 C:\Users\Erik\AppData\Local\Temp\ccRkh8nC.o
                0x000000014000da80                raycast_pool
 .data$render_mode
                0x000000014000da90       0x10 C:\Users\Erik\AppData\Local\Temp\ccQrvwGw.o
                0x000000014000da90                render_mode
 .data$requested_fullscreen
                0x000000014000daa0       0x10 C:\Users\Erik\AppData\Local\Temp\ccQrvwGw.o
                0x000000014000daa0                requested_fullscreen
 .data$requested_render_res
                0x000000014000dab0       0x10 C:\Users\Erik\AppData\Local\Temp\ccQrvwGw.o
                0x000000014000dab0                requested_render_res
 .data$requested_render_scale
                0x000000014000dac0       0x10 C:\Users\Erik\AppData\Local\Temp\ccQrvwGw.o
                0x000000014000dac0                requested_render_scale
 .data$requested_sprites
                0x000000014000dad0       0x10 C:\Users\Erik\AppData\Local\Temp\ccRkh8nC.o
                0x000000014000dad0                requested_sprites
 .data$requested_use_vsync
                0x000000014000dae0       0x10 C:\Users\Erik\AppData\Local\Temp\ccQrvwGw.o
                0x000000014000dae0                requested_use_vsync
 .data$revolver_firing
                0x000000014000daf0       0x10 C:\Users\Erik\AppData\Local\Temp\ccQrvwGw.o
                0x000000014000daf0                revolver_firing
 .data$rle_spr_top_skips
                0x000000014000db00       0x10 C:\Users\Erik\AppData\Local\Temp\ccHZyzM5.o
                0x000000014000db00                rle_spr_top_skips
 .data$rle_tex_top_skips
                0x000000014000db10       0x10 C:\Users\Erik\AppData\Local\Temp\ccHZyzM5.o
                0x000000014000db10                rle_tex_top_skips
 .data$rseed    0x000000014000db20       0x10 C:\Users\Erik\AppData\Local\Temp\ccQrvwGw.o
                0x000000014000db20                rseed
 .data$running_time
                0x000000014000db30       0x10 C:\Users\Erik\AppData\Local\Temp\ccQrvwGw.o
                0x000000014000db30                running_time
 .data$skybox_u_offset
                0x000000014000db40       0x10 C:\Users\Erik\AppData\Local\Temp\ccQrvwGw.o
                0x000000014000db40                skybox_u_offset
 *fill*         0x000000014000db50       0x10 
 .data$sprite_assets
                0x000000014000db60       0xe0 C:\Users\Erik\AppData\Local\Temp\ccHZyzM5.o
                0x000000014000db60                sprite_assets
 .data$sprite_scales
                0x000000014000dc40       0x80 C:\Users\Erik\AppData\Local\Temp\ccHZyzM5.o
                0x000000014000dc40                sprite_scales
 .data$sprites  0x000000014000dcc0       0x10 C:\Users\Erik\AppData\Local\Temp\ccHZyzM5.o
                0x000000014000dcc0                sprites
 .data$start_open_time
                0x000000014000dcd0       0x10 C:\Users\Erik\AppData\Local\Temp\ccQrvwGw.o
                0x000000014000dcd0                start_open_time
 .data$start_time
                0x000000014000dce0       0x10 C:\Users\Erik\AppData\Local\Temp\cc573uCC.o
                0x000000014000dce0                start_time
 *fill*         0x000000014000dcf0       0x10 
 .data$states   0x000000014000dd00      0x120 C:\Users\Erik\AppData\Local\Temp\ccuKYMtS.o
                0x000000014000dd00                states
 .data$texture_assets
                0x000000014000de20       0x40 C:\Users\Erik\AppData\Local\Temp\ccHZyzM5.o
                0x000000014000de20                texture_assets
 .data$textures
                0x000000014000de60       0x10 C:\Users\Erik\AppData\Local\Temp\ccHZyzM5.o
                0x000000014000de60                textures
 .data$timer_door
                0x000000014000de70       0x10 C:\Users\Erik\AppData\Local\Temp\ccQrvwGw.o
                0x000000014000de70                timer_door
 .data$transformed_sprites
                0x000000014000de80       0x10 C:\Users\Erik\AppData\Local\Temp\ccRkh8nC.o
                0x000000014000de80                transformed_sprites
 .data$use_vsync
                0x000000014000de90       0x10 C:\Users\Erik\AppData\Local\Temp\ccQrvwGw.o
                0x000000014000de90                use_vsync
 .data$visited_cells
                0x000000014000dea0       0x40 C:\Users\Erik\AppData\Local\Temp\ccRkh8nC.o
                0x000000014000dea0                visited_cells
 .data$wglSwapIntervalEXT
                0x000000014000dee0       0x10 C:\Users\Erik\AppData\Local\Temp\cc573uCC.o
 .data$zbuf_pointers
                0x000000014000def0       0x10 C:\Users\Erik\AppData\Local\Temp\ccQrvwGw.o
                0x000000014000def0                zbuf_pointers
 *(.jcr)
                0x000000014000df00                __data_end__ = .
 *(.data_cygwin_nocopy)

.rdata          0x000000014000e000     0x1200
 *(.rdata)
 .rdata         0x000000014000e000       0x30 C:\Users\Erik\AppData\Local\Temp\ccqFUgZP.o
 .rdata         0x000000014000e030       0x40 C:\Users\Erik\AppData\Local\Temp\ccNEdfPM.o
 .rdata         0x000000014000e070       0x30 C:\Users\Erik\AppData\Local\Temp\ccuKYMtS.o
 .rdata         0x000000014000e0a0       0xc0 C:\Users\Erik\AppData\Local\Temp\cc5ErV42.o
 .rdata         0x000000014000e160      0x160 C:\Users\Erik\AppData\Local\Temp\cc573uCC.o
 .rdata         0x000000014000e2c0       0x60 C:\Users\Erik\AppData\Local\Temp\ccBF4rSg.o
 .rdata         0x000000014000e320      0x370 C:\Users\Erik\AppData\Local\Temp\ccQrvwGw.o
 .rdata         0x000000014000e690      0x100 C:\Users\Erik\AppData\Local\Temp\ccRkh8nC.o
 .rdata         0x000000014000e790      0x230 C:\Users\Erik\AppData\Local\Temp\ccHZyzM5.o
 *(SORT_BY_NAME(.rdata$*))
 .rdata$.refptr.cur_level_idx
                0x000000014000e9c0       0x10 C:\Users\Erik\AppData\Local\Temp\ccqFUgZP.o
                0x000000014000e9c0                .refptr.cur_level_idx
 .rdata$.refptr.cur_player_height
                0x000000014000e9d0       0x10 C:\Users\Erik\AppData\Local\Temp\ccqFUgZP.o
                0x000000014000e9d0                .refptr.cur_player_height
 .rdata$.refptr.cur_render_height
                0x000000014000e9e0       0x10 C:\Users\Erik\AppData\Local\Temp\ccNEdfPM.o
                0x000000014000e9e0                .refptr.cur_render_height
 .rdata$.refptr.cur_render_width
                0x000000014000e9f0       0x10 C:\Users\Erik\AppData\Local\Temp\ccRkh8nC.o
                0x000000014000e9f0                .refptr.cur_render_width
 .rdata$.refptr.levels
                0x000000014000ea00       0x10 C:\Users\Erik\AppData\Local\Temp\ccqFUgZP.o
                0x000000014000ea00                .refptr.levels
 .rdata$.refptr.pitch
                0x000000014000ea10       0x10 C:\Users\Erik\AppData\Local\Temp\ccNEdfPM.o
                0x000000014000ea10                .refptr.pitch
 .rdata$.refptr.player_z
                0x000000014000ea20       0x10 C:\Users\Erik\AppData\Local\Temp\ccqFUgZP.o
                0x000000014000ea20                .refptr.player_z
 .rdata$.refptr.rle_spr_top_skips
                0x000000014000ea30       0x10 C:\Users\Erik\AppData\Local\Temp\ccRkh8nC.o
                0x000000014000ea30                .refptr.rle_spr_top_skips
 .rdata$.refptr.skybox_u_offset
                0x000000014000ea40       0x10 C:\Users\Erik\AppData\Local\Temp\ccRkh8nC.o
                0x000000014000ea40                .refptr.skybox_u_offset
 .rdata$.refptr.sprite_scales
                0x000000014000ea50       0x10 C:\Users\Erik\AppData\Local\Temp\ccRkh8nC.o
                0x000000014000ea50                .refptr.sprite_scales
 .rdata$.refptr.sprites
                0x000000014000ea60       0x10 C:\Users\Erik\AppData\Local\Temp\ccRkh8nC.o
                0x000000014000ea60                .refptr.sprites
 .rdata$.refptr.textures
                0x000000014000ea70       0x10 C:\Users\Erik\AppData\Local\Temp\ccNEdfPM.o
                0x000000014000ea70                .refptr.textures
 .rdata$__FUNCTION__.0
                0x000000014000ea80       0x20 C:\Users\Erik\AppData\Local\Temp\cc573uCC.o
 .rdata$diag_dx
                0x000000014000eaa0       0x40 C:\Users\Erik\AppData\Local\Temp\ccRkh8nC.o
                0x000000014000eaa0                diag_dx
 .rdata$diag_dy
                0x000000014000eae0       0x40 C:\Users\Erik\AppData\Local\Temp\ccRkh8nC.o
                0x000000014000eae0                diag_dy
 .rdata$diag_start_x_offsets
                0x000000014000eb20       0x40 C:\Users\Erik\AppData\Local\Temp\ccRkh8nC.o
                0x000000014000eb20                diag_start_x_offsets
 .rdata$diag_start_y_offsets
                0x000000014000eb60       0x40 C:\Users\Erik\AppData\Local\Temp\ccRkh8nC.o
                0x000000014000eb60                diag_start_y_offsets
 .rdata$door_end_x_offsets
                0x000000014000eba0       0x40 C:\Users\Erik\AppData\Local\Temp\ccRkh8nC.o
                0x000000014000eba0                door_end_x_offsets
 .rdata$door_end_y_offsets
                0x000000014000ebe0       0x40 C:\Users\Erik\AppData\Local\Temp\ccRkh8nC.o
                0x000000014000ebe0                door_end_y_offsets
 .rdata$light_level_mults
                0x000000014000ec20       0x10 C:\Users\Erik\AppData\Local\Temp\ccNEdfPM.o
                0x000000014000ec20                light_level_mults
 .rdata$res_is_superwide
                0x000000014000ec30       0x20 C:\Users\Erik\AppData\Local\Temp\ccQrvwGw.o
                0x000000014000ec30                res_is_superwide
 .rdata$res_is_wide
                0x000000014000ec50       0x20 C:\Users\Erik\AppData\Local\Temp\ccQrvwGw.o
                0x000000014000ec50                res_is_wide
 *fill*         0x000000014000ec70       0x10 
 .rdata$resolutions
                0x000000014000ec80       0x40 C:\Users\Erik\AppData\Local\Temp\ccQrvwGw.o
                0x000000014000ec80                resolutions
 .rdata$sin_table
                0x000000014000ecc0      0x400 C:\Users\Erik\AppData\Local\Temp\ccBF4rSg.o
                0x000000014000f0c0                . = ALIGN (0x4)
                0x000000014000f0c0                __rt_psrelocs_start = .
 *(.rdata_runtime_pseudo_reloc)
                0x000000014000f0c0                __rt_psrelocs_end = .
                0x0000000000000000                __rt_psrelocs_size = (__rt_psrelocs_end - __rt_psrelocs_start)
                0x000000014000f0c0                ___RUNTIME_PSEUDO_RELOC_LIST_END__ = .
                0x000000014000f0c0                __RUNTIME_PSEUDO_RELOC_LIST_END__ = .
                0x000000014000f0c0                ___RUNTIME_PSEUDO_RELOC_LIST__ = (. - __rt_psrelocs_size)
                0x000000014000f0c0                __RUNTIME_PSEUDO_RELOC_LIST__ = (. - __rt_psrelocs_size)

.eh_frame
 *(.eh_frame*)

.pdata          0x0000000140010000      0x800
 *(.pdata*)
 .pdata$get_height_at_point
                0x0000000140010000        0xc C:\Users\Erik\AppData\Local\Temp\ccqFUgZP.o
 .pdata$get_height_at_point_for_sprites
                0x000000014001000c        0xc C:\Users\Erik\AppData\Local\Temp\ccqFUgZP.o
 .pdata$collides
                0x0000000140010018        0xc C:\Users\Erik\AppData\Local\Temp\ccqFUgZP.o
 .pdata$draw_skybox_vline
                0x0000000140010024        0xc C:\Users\Erik\AppData\Local\Temp\ccNEdfPM.o
 .pdata$draw_z_buffered_alpha_tint_vline
                0x0000000140010030        0xc C:\Users\Erik\AppData\Local\Temp\ccNEdfPM.o
 .pdata$draw_z_buffered_alpha_edit_vline
                0x000000014001003c        0xc C:\Users\Erik\AppData\Local\Temp\ccNEdfPM.o
 .pdata$draw_lit_fogged_textured_z_buffered_blended_flat_sprite
                0x0000000140010048        0xc C:\Users\Erik\AppData\Local\Temp\ccNEdfPM.o
 .pdata$draw_lit_fogged_textured_z_buffered_blended_sprite
                0x0000000140010054        0xc C:\Users\Erik\AppData\Local\Temp\ccNEdfPM.o
 .pdata$get_texture_column
                0x0000000140010060        0xc C:\Users\Erik\AppData\Local\Temp\ccNEdfPM.o
 .pdata$look_and_wander
                0x000000014001006c        0xc C:\Users\Erik\AppData\Local\Temp\ccuKYMtS.o
 .pdata$can_raycast_between_points
                0x0000000140010078        0xc C:\Users\Erik\AppData\Local\Temp\ccuKYMtS.o
 .pdata$collides_with_other_entity
                0x0000000140010084        0xc C:\Users\Erik\AppData\Local\Temp\ccuKYMtS.o
 .pdata$move_random_dir
                0x0000000140010090        0xc C:\Users\Erik\AppData\Local\Temp\ccuKYMtS.o
 .pdata$move_towards_last_seen_target_pos
                0x000000014001009c        0xc C:\Users\Erik\AppData\Local\Temp\ccuKYMtS.o
 .pdata$follow_target
                0x00000001400100a8        0xc C:\Users\Erik\AppData\Local\Temp\ccuKYMtS.o
 .pdata$wakeup_entity
                0x00000001400100b4        0xc C:\Users\Erik\AppData\Local\Temp\ccuKYMtS.o
 .pdata$wakeup_entities
                0x00000001400100c0        0xc C:\Users\Erik\AppData\Local\Temp\ccuKYMtS.o
 .pdata$step_entities
                0x00000001400100cc        0xc C:\Users\Erik\AppData\Local\Temp\ccuKYMtS.o
 .pdata$spawn_entity
                0x00000001400100d8        0xc C:\Users\Erik\AppData\Local\Temp\ccuKYMtS.o
 .pdata$init_entities_module
                0x00000001400100e4        0xc C:\Users\Erik\AppData\Local\Temp\ccuKYMtS.o
 .pdata$output_bit
                0x00000001400100f0        0xc C:\Users\Erik\AppData\Local\Temp\cc5ErV42.o
 .pdata$output_byte
                0x00000001400100fc        0xc C:\Users\Erik\AppData\Local\Temp\cc5ErV42.o
 .pdata$output_adjusted_byte
                0x0000000140010108        0xc C:\Users\Erik\AppData\Local\Temp\cc5ErV42.o
 .pdata$compress
                0x0000000140010114        0xc C:\Users\Erik\AppData\Local\Temp\cc5ErV42.o
 .pdata$decompress
                0x0000000140010120        0xc C:\Users\Erik\AppData\Local\Temp\cc5ErV42.o
 .pdata$thread_caller
                0x000000014001012c        0xc C:\Users\Erik\AppData\Local\Temp\cc573uCC.o
 .pdata$wnd_proc
                0x0000000140010138        0xc C:\Users\Erik\AppData\Local\Temp\cc573uCC.o
 .pdata$thread_pool_create_inner
                0x0000000140010144        0xc C:\Users\Erik\AppData\Local\Temp\cc573uCC.o
 .pdata$thread_pool_add_work_inner.constprop.0
                0x0000000140010150        0xc C:\Users\Erik\AppData\Local\Temp\cc573uCC.o
 .pdata$platform_is_key_down
                0x000000014001015c        0xc C:\Users\Erik\AppData\Local\Temp\cc573uCC.o
 .pdata$platform_is_key_pressed
                0x0000000140010168        0xc C:\Users\Erik\AppData\Local\Temp\cc573uCC.o
 .pdata$platform_get_key_pressed
                0x0000000140010174        0xc C:\Users\Erik\AppData\Local\Temp\cc573uCC.o
 .pdata$clear_keys
                0x0000000140010180        0xc C:\Users\Erik\AppData\Local\Temp\cc573uCC.o
 .pdata$platform_is_mouse_button_pressed
                0x000000014001018c        0xc C:\Users\Erik\AppData\Local\Temp\cc573uCC.o
 .pdata$platform_draw_text
                0x0000000140010198        0xc C:\Users\Erik\AppData\Local\Temp\cc573uCC.o
 .pdata$platform_get_mouse_delta
                0x00000001400101a4        0xc C:\Users\Erik\AppData\Local\Temp\cc573uCC.o
 .pdata$platform_show_cursor
                0x00000001400101b0        0xc C:\Users\Erik\AppData\Local\Temp\cc573uCC.o
 .pdata$platform_hide_cursor
                0x00000001400101bc        0xc C:\Users\Erik\AppData\Local\Temp\cc573uCC.o
 .pdata$platform_get_mouse_position
                0x00000001400101c8        0xc C:\Users\Erik\AppData\Local\Temp\cc573uCC.o
 .pdata$platform_set_mouse_position
                0x00000001400101d4        0xc C:\Users\Erik\AppData\Local\Temp\cc573uCC.o
 .pdata$platform_init_time
                0x00000001400101e0        0xc C:\Users\Erik\AppData\Local\Temp\cc573uCC.o
 .pdata$platform_get_time
                0x00000001400101ec        0xc C:\Users\Erik\AppData\Local\Temp\cc573uCC.o
 .pdata$platform_begin_frame
                0x00000001400101f8        0xc C:\Users\Erik\AppData\Local\Temp\cc573uCC.o
 .pdata$platform_end_frame
                0x0000000140010204        0xc C:\Users\Erik\AppData\Local\Temp\cc573uCC.o
 .pdata$platform_window_should_close
                0x0000000140010210        0xc C:\Users\Erik\AppData\Local\Temp\cc573uCC.o
 .pdata$update_viewport
                0x000000014001021c        0xc C:\Users\Erik\AppData\Local\Temp\cc573uCC.o
 .pdata$platform_set_vsync
                0x0000000140010228        0xc C:\Users\Erik\AppData\Local\Temp\cc573uCC.o
 .pdata$platform_set_windowed
                0x0000000140010234        0xc C:\Users\Erik\AppData\Local\Temp\cc573uCC.o
 .pdata$platform_init_window
                0x0000000140010240        0xc C:\Users\Erik\AppData\Local\Temp\cc573uCC.o
 .pdata$platform_set_fullscreen
                0x000000014001024c        0xc C:\Users\Erik\AppData\Local\Temp\cc573uCC.o
 .pdata$platform_set_window_size
                0x0000000140010258        0xc C:\Users\Erik\AppData\Local\Temp\cc573uCC.o
 .pdata$platform_is_window_focused
                0x0000000140010264        0xc C:\Users\Erik\AppData\Local\Temp\cc573uCC.o
 .pdata$platform_release_textures
                0x0000000140010270        0xc C:\Users\Erik\AppData\Local\Temp\cc573uCC.o
 .pdata$platform_create_textures
                0x000000014001027c        0xc C:\Users\Erik\AppData\Local\Temp\cc573uCC.o
 .pdata$platform_update_texture
                0x0000000140010288        0xc C:\Users\Erik\AppData\Local\Temp\cc573uCC.o
 .pdata$platform_draw_texture
                0x0000000140010294        0xc C:\Users\Erik\AppData\Local\Temp\cc573uCC.o
 .pdata$platform_begin_drawing
                0x00000001400102a0        0xc C:\Users\Erik\AppData\Local\Temp\cc573uCC.o
 .pdata$platform_end_drawing
                0x00000001400102ac        0xc C:\Users\Erik\AppData\Local\Temp\cc573uCC.o
 .pdata$platform_get_frame_time
                0x00000001400102b8        0xc C:\Users\Erik\AppData\Local\Temp\cc573uCC.o
 .pdata$platform_save_file_data
                0x00000001400102c4        0xc C:\Users\Erik\AppData\Local\Temp\cc573uCC.o
 .pdata$platform_load_file_data
                0x00000001400102d0        0xc C:\Users\Erik\AppData\Local\Temp\cc573uCC.o
 .pdata$platform_load_image
                0x00000001400102dc        0xc C:\Users\Erik\AppData\Local\Temp\cc573uCC.o
 .pdata$platform_init_threadpool
                0x00000001400102e8        0xc C:\Users\Erik\AppData\Local\Temp\cc573uCC.o
 .pdata$platform_add_task
                0x00000001400102f4        0xc C:\Users\Erik\AppData\Local\Temp\cc573uCC.o
 .pdata$platform_join_threadpool
                0x0000000140010300        0xc C:\Users\Erik\AppData\Local\Temp\cc573uCC.o
 .pdata$platform_play_sound
                0x000000014001030c        0xc C:\Users\Erik\AppData\Local\Temp\cc573uCC.o
 .pdata$sin_90  0x0000000140010318        0xc C:\Users\Erik\AppData\Local\Temp\ccBF4rSg.o
 .pdata$sin_deg
                0x0000000140010324        0xc C:\Users\Erik\AppData\Local\Temp\ccBF4rSg.o
 .pdata$cos_deg
                0x0000000140010330        0xc C:\Users\Erik\AppData\Local\Temp\ccBF4rSg.o
 .pdata$my_sinf
                0x000000014001033c        0xc C:\Users\Erik\AppData\Local\Temp\ccBF4rSg.o
 .pdata$my_cosf
                0x0000000140010348        0xc C:\Users\Erik\AppData\Local\Temp\ccBF4rSg.o
 .pdata$my_tanf
                0x0000000140010354        0xc C:\Users\Erik\AppData\Local\Temp\ccBF4rSg.o
 .pdata$my_atanf
                0x0000000140010360        0xc C:\Users\Erik\AppData\Local\Temp\ccBF4rSg.o
 .pdata$my_atan2f
                0x000000014001036c        0xc C:\Users\Erik\AppData\Local\Temp\ccBF4rSg.o
 .pdata$my_fabsf
                0x0000000140010378        0xc C:\Users\Erik\AppData\Local\Temp\ccBF4rSg.o
 .pdata$my_floorf
                0x0000000140010384        0xc C:\Users\Erik\AppData\Local\Temp\ccBF4rSg.o
 .pdata$my_memset
                0x0000000140010390        0xc C:\Users\Erik\AppData\Local\Temp\ccBF4rSg.o
 .pdata$my_memcpy
                0x000000014001039c        0xc C:\Users\Erik\AppData\Local\Temp\ccBF4rSg.o
 .pdata$my_memmove
                0x00000001400103a8        0xc C:\Users\Erik\AppData\Local\Temp\ccBF4rSg.o
 .pdata$my_sqrtf
                0x00000001400103b4        0xc C:\Users\Erik\AppData\Local\Temp\ccBF4rSg.o
 .pdata$nop_printf
                0x00000001400103c0        0xc C:\Users\Erik\AppData\Local\Temp\ccBF4rSg.o
 .pdata$max_int32
                0x00000001400103cc        0xc C:\Users\Erik\AppData\Local\Temp\ccBF4rSg.o
 .pdata$min_int32
                0x00000001400103d8        0xc C:\Users\Erik\AppData\Local\Temp\ccBF4rSg.o
 .pdata$lerp    0x00000001400103e4        0xc C:\Users\Erik\AppData\Local\Temp\ccBF4rSg.o
 .pdata$handle_click
                0x00000001400103f0        0xc C:\Users\Erik\AppData\Local\Temp\ccQrvwGw.o
 .pdata$console_log
                0x00000001400103fc        0xc C:\Users\Erik\AppData\Local\Temp\ccQrvwGw.o
 .pdata$my_malloc
                0x0000000140010408        0xc C:\Users\Erik\AppData\Local\Temp\ccQrvwGw.o
 .pdata$my_calloc
                0x0000000140010414        0xc C:\Users\Erik\AppData\Local\Temp\ccQrvwGw.o
 .pdata$get_running_time
                0x0000000140010420        0xc C:\Users\Erik\AppData\Local\Temp\ccQrvwGw.o
 .pdata$lcg     0x000000014001042c        0xc C:\Users\Erik\AppData\Local\Temp\ccQrvwGw.o
 .pdata$urand   0x0000000140010438        0xc C:\Users\Erik\AppData\Local\Temp\ccQrvwGw.o
 .pdata$init_particle_system
                0x0000000140010444        0xc C:\Users\Erik\AppData\Local\Temp\ccQrvwGw.o
 .pdata$update_particles
                0x0000000140010450        0xc C:\Users\Erik\AppData\Local\Temp\ccQrvwGw.o
 .pdata$draw_particles
                0x000000014001045c        0xc C:\Users\Erik\AppData\Local\Temp\ccQrvwGw.o
 .pdata$add_particle
                0x0000000140010468        0xc C:\Users\Erik\AppData\Local\Temp\ccQrvwGw.o
 .pdata$update_player
                0x0000000140010474        0xc C:\Users\Erik\AppData\Local\Temp\ccQrvwGw.o
 .pdata$draw_topdown_level
                0x0000000140010480        0xc C:\Users\Erik\AppData\Local\Temp\ccQrvwGw.o
 .pdata$copy_32_map_to_64
                0x000000014001048c        0xc C:\Users\Erik\AppData\Local\Temp\ccQrvwGw.o
 .pdata$init_level
                0x0000000140010498        0xc C:\Users\Erik\AppData\Local\Temp\ccQrvwGw.o
 .pdata$draw_player
                0x00000001400104a4        0xc C:\Users\Erik\AppData\Local\Temp\ccQrvwGw.o
 .pdata$handle_editor
                0x00000001400104b0        0xc C:\Users\Erik\AppData\Local\Temp\ccQrvwGw.o
 .pdata$change_resolution
                0x00000001400104bc        0xc C:\Users\Erik\AppData\Local\Temp\ccQrvwGw.o
 .pdata$get_abs_time
                0x00000001400104c8        0xc C:\Users\Erik\AppData\Local\Temp\ccQrvwGw.o
 .pdata$run_game
                0x00000001400104d4        0xc C:\Users\Erik\AppData\Local\Temp\ccQrvwGw.o
 .pdata$init_game
                0x00000001400104e0        0xc C:\Users\Erik\AppData\Local\Temp\ccQrvwGw.o
 .pdata$atexit  0x00000001400104ec        0xc C:\Users\Erik\AppData\Local\Temp\ccQrvwGw.o
 .pdata$WinMain
                0x00000001400104f8        0xc C:\Users\Erik\AppData\Local\Temp\ccQrvwGw.o
 .pdata$mainCRTStartup
                0x0000000140010504        0xc C:\Users\Erik\AppData\Local\Temp\ccQrvwGw.o
 .pdata$project_to_screen
                0x0000000140010510        0xc C:\Users\Erik\AppData\Local\Temp\ccRkh8nC.o
 .pdata$calc_line_hit
                0x000000014001051c        0xc C:\Users\Erik\AppData\Local\Temp\ccRkh8nC.o
 .pdata$calc_diag_hit
                0x0000000140010528        0xc C:\Users\Erik\AppData\Local\Temp\ccRkh8nC.o
 .pdata$calc_door_hit
                0x0000000140010534        0xc C:\Users\Erik\AppData\Local\Temp\ccRkh8nC.o
 .pdata$set_bit_in_bitmap
                0x0000000140010540        0xc C:\Users\Erik\AppData\Local\Temp\ccRkh8nC.o
 .pdata$draw_first_person_level_inner
                0x000000014001054c        0xc C:\Users\Erik\AppData\Local\Temp\ccRkh8nC.o
 .pdata$raycast_wrapper
                0x0000000140010558        0xc C:\Users\Erik\AppData\Local\Temp\ccRkh8nC.o
 .pdata$sorted_insert_transformed_sprite
                0x0000000140010564        0xc C:\Users\Erik\AppData\Local\Temp\ccRkh8nC.o
 .pdata$transform_and_submit_sprite
                0x0000000140010570        0xc C:\Users\Erik\AppData\Local\Temp\ccRkh8nC.o
 .pdata$draw_transformed_sprites
                0x000000014001057c        0xc C:\Users\Erik\AppData\Local\Temp\ccRkh8nC.o
 .pdata$draw_sprites_wrapper
                0x0000000140010588        0xc C:\Users\Erik\AppData\Local\Temp\ccRkh8nC.o
 .pdata$request_draw_sprite
                0x0000000140010594        0xc C:\Users\Erik\AppData\Local\Temp\ccRkh8nC.o
 .pdata$request_draw_screen_space_sprite
                0x00000001400105a0        0xc C:\Users\Erik\AppData\Local\Temp\ccRkh8nC.o
 .pdata$clear_requested_sprites
                0x00000001400105ac        0xc C:\Users\Erik\AppData\Local\Temp\ccRkh8nC.o
 .pdata$render_frame
                0x00000001400105b8        0xc C:\Users\Erik\AppData\Local\Temp\ccRkh8nC.o
 .pdata$render_frame_wrapper
                0x00000001400105c4        0xc C:\Users\Erik\AppData\Local\Temp\ccRkh8nC.o
 .pdata$launch_render_frame
                0x00000001400105d0        0xc C:\Users\Erik\AppData\Local\Temp\ccRkh8nC.o
 .pdata$join_render_frame
                0x00000001400105dc        0xc C:\Users\Erik\AppData\Local\Temp\ccRkh8nC.o
 .pdata$init_raycast_module
                0x00000001400105e8        0xc C:\Users\Erik\AppData\Local\Temp\ccRkh8nC.o
 .pdata$load_resources
                0x00000001400105f4        0xc C:\Users\Erik\AppData\Local\Temp\ccHZyzM5.o
 .pdata         0x0000000140010600        0xc C:/msys64/ucrt64/bin/../lib/gcc/x86_64-w64-mingw32/13.1.0/../../../../lib/libmsvcrt.a(lib64_libucrt_extra_a-ucrt_printf.o)

.xdata          0x0000000140011000      0x800
 *(.xdata*)
 .xdata$get_height_at_point
                0x0000000140011000       0x1c C:\Users\Erik\AppData\Local\Temp\ccqFUgZP.o
 .xdata$get_height_at_point_for_sprites
                0x000000014001101c        0x8 C:\Users\Erik\AppData\Local\Temp\ccqFUgZP.o
 .xdata$collides
                0x0000000140011024       0x30 C:\Users\Erik\AppData\Local\Temp\ccqFUgZP.o
 .xdata$draw_skybox_vline
                0x0000000140011054        0x4 C:\Users\Erik\AppData\Local\Temp\ccNEdfPM.o
 .xdata$draw_z_buffered_alpha_tint_vline
                0x0000000140011058       0x18 C:\Users\Erik\AppData\Local\Temp\ccNEdfPM.o
 .xdata$draw_z_buffered_alpha_edit_vline
                0x0000000140011070       0x20 C:\Users\Erik\AppData\Local\Temp\ccNEdfPM.o
 .xdata$draw_lit_fogged_textured_z_buffered_blended_flat_sprite
                0x0000000140011090       0x40 C:\Users\Erik\AppData\Local\Temp\ccNEdfPM.o
 .xdata$draw_lit_fogged_textured_z_buffered_blended_sprite
                0x00000001400110d0       0x30 C:\Users\Erik\AppData\Local\Temp\ccNEdfPM.o
 .xdata$get_texture_column
                0x0000000140011100        0x4 C:\Users\Erik\AppData\Local\Temp\ccNEdfPM.o
 .xdata$look_and_wander
                0x0000000140011104        0x8 C:\Users\Erik\AppData\Local\Temp\ccuKYMtS.o
 .xdata$can_raycast_between_points
                0x000000014001110c       0x30 C:\Users\Erik\AppData\Local\Temp\ccuKYMtS.o
 .xdata$collides_with_other_entity
                0x000000014001113c        0x4 C:\Users\Erik\AppData\Local\Temp\ccuKYMtS.o
 .xdata$move_random_dir
                0x0000000140011140       0x18 C:\Users\Erik\AppData\Local\Temp\ccuKYMtS.o
 .xdata$move_towards_last_seen_target_pos
                0x0000000140011158       0x18 C:\Users\Erik\AppData\Local\Temp\ccuKYMtS.o
 .xdata$follow_target
                0x0000000140011170       0x14 C:\Users\Erik\AppData\Local\Temp\ccuKYMtS.o
 .xdata$wakeup_entity
                0x0000000140011184        0xc C:\Users\Erik\AppData\Local\Temp\ccuKYMtS.o
 .xdata$wakeup_entities
                0x0000000140011190       0x10 C:\Users\Erik\AppData\Local\Temp\ccuKYMtS.o
 .xdata$step_entities
                0x00000001400111a0       0x1c C:\Users\Erik\AppData\Local\Temp\ccuKYMtS.o
 .xdata$spawn_entity
                0x00000001400111bc        0x4 C:\Users\Erik\AppData\Local\Temp\ccuKYMtS.o
 .xdata$init_entities_module
                0x00000001400111c0        0x8 C:\Users\Erik\AppData\Local\Temp\ccuKYMtS.o
 .xdata$output_bit
                0x00000001400111c8        0x8 C:\Users\Erik\AppData\Local\Temp\cc5ErV42.o
 .xdata$output_byte
                0x00000001400111d0        0x8 C:\Users\Erik\AppData\Local\Temp\cc5ErV42.o
 .xdata$output_adjusted_byte
                0x00000001400111d8        0x4 C:\Users\Erik\AppData\Local\Temp\cc5ErV42.o
 .xdata$compress
                0x00000001400111dc       0x14 C:\Users\Erik\AppData\Local\Temp\cc5ErV42.o
 .xdata$decompress
                0x00000001400111f0       0x14 C:\Users\Erik\AppData\Local\Temp\cc5ErV42.o
 .xdata$thread_caller
                0x0000000140011204        0x4 C:\Users\Erik\AppData\Local\Temp\cc573uCC.o
 .xdata$wnd_proc
                0x0000000140011208        0x8 C:\Users\Erik\AppData\Local\Temp\cc573uCC.o
 .xdata$thread_pool_create_inner
                0x0000000140011210        0xc C:\Users\Erik\AppData\Local\Temp\cc573uCC.o
 .xdata$thread_pool_add_work_inner.constprop.0
                0x000000014001121c        0x8 C:\Users\Erik\AppData\Local\Temp\cc573uCC.o
 .xdata$platform_is_key_down
                0x0000000140011224        0x4 C:\Users\Erik\AppData\Local\Temp\cc573uCC.o
 .xdata$platform_is_key_pressed
                0x0000000140011228        0x4 C:\Users\Erik\AppData\Local\Temp\cc573uCC.o
 .xdata$platform_get_key_pressed
                0x000000014001122c        0x4 C:\Users\Erik\AppData\Local\Temp\cc573uCC.o
 .xdata$clear_keys
                0x0000000140011230        0x8 C:\Users\Erik\AppData\Local\Temp\cc573uCC.o
 .xdata$platform_is_mouse_button_pressed
                0x0000000140011238        0x4 C:\Users\Erik\AppData\Local\Temp\cc573uCC.o
 .xdata$platform_draw_text
                0x000000014001123c        0x4 C:\Users\Erik\AppData\Local\Temp\cc573uCC.o
 .xdata$platform_get_mouse_delta
                0x0000000140011240        0x4 C:\Users\Erik\AppData\Local\Temp\cc573uCC.o
 .xdata$platform_show_cursor
                0x0000000140011244        0x8 C:\Users\Erik\AppData\Local\Temp\cc573uCC.o
 .xdata$platform_hide_cursor
                0x000000014001124c        0x8 C:\Users\Erik\AppData\Local\Temp\cc573uCC.o
 .xdata$platform_get_mouse_position
                0x0000000140011254        0x8 C:\Users\Erik\AppData\Local\Temp\cc573uCC.o
 .xdata$platform_set_mouse_position
                0x000000014001125c        0x8 C:\Users\Erik\AppData\Local\Temp\cc573uCC.o
 .xdata$platform_init_time
                0x0000000140011264        0x8 C:\Users\Erik\AppData\Local\Temp\cc573uCC.o
 .xdata$platform_get_time
                0x000000014001126c        0x8 C:\Users\Erik\AppData\Local\Temp\cc573uCC.o
 .xdata$platform_begin_frame
                0x0000000140011274        0xc C:\Users\Erik\AppData\Local\Temp\cc573uCC.o
 .xdata$platform_end_frame
                0x0000000140011280        0x4 C:\Users\Erik\AppData\Local\Temp\cc573uCC.o
 .xdata$platform_window_should_close
                0x0000000140011284        0x4 C:\Users\Erik\AppData\Local\Temp\cc573uCC.o
 .xdata$update_viewport
                0x0000000140011288       0x10 C:\Users\Erik\AppData\Local\Temp\cc573uCC.o
 .xdata$platform_set_vsync
                0x0000000140011298        0x4 C:\Users\Erik\AppData\Local\Temp\cc573uCC.o
 .xdata$platform_set_windowed
                0x000000014001129c        0x8 C:\Users\Erik\AppData\Local\Temp\cc573uCC.o
 .xdata$platform_init_window
                0x00000001400112a4       0x14 C:\Users\Erik\AppData\Local\Temp\cc573uCC.o
 .xdata$platform_set_fullscreen
                0x00000001400112b8        0x8 C:\Users\Erik\AppData\Local\Temp\cc573uCC.o
 .xdata$platform_set_window_size
                0x00000001400112c0        0x4 C:\Users\Erik\AppData\Local\Temp\cc573uCC.o
 .xdata$platform_is_window_focused
                0x00000001400112c4        0x8 C:\Users\Erik\AppData\Local\Temp\cc573uCC.o
 .xdata$platform_release_textures
                0x00000001400112cc        0x4 C:\Users\Erik\AppData\Local\Temp\cc573uCC.o
 .xdata$platform_create_textures
                0x00000001400112d0       0x18 C:\Users\Erik\AppData\Local\Temp\cc573uCC.o
 .xdata$platform_update_texture
                0x00000001400112e8        0xc C:\Users\Erik\AppData\Local\Temp\cc573uCC.o
 .xdata$platform_draw_texture
                0x00000001400112f4       0x1c C:\Users\Erik\AppData\Local\Temp\cc573uCC.o
 .xdata$platform_begin_drawing
                0x0000000140011310        0x8 C:\Users\Erik\AppData\Local\Temp\cc573uCC.o
 .xdata$platform_end_drawing
                0x0000000140011318        0x8 C:\Users\Erik\AppData\Local\Temp\cc573uCC.o
 .xdata$platform_get_frame_time
                0x0000000140011320        0x4 C:\Users\Erik\AppData\Local\Temp\cc573uCC.o
 .xdata$platform_save_file_data
                0x0000000140011324        0xc C:\Users\Erik\AppData\Local\Temp\cc573uCC.o
 .xdata$platform_load_file_data
                0x0000000140011330       0x10 C:\Users\Erik\AppData\Local\Temp\cc573uCC.o
 .xdata$platform_load_image
                0x0000000140011340        0xc C:\Users\Erik\AppData\Local\Temp\cc573uCC.o
 .xdata$platform_init_threadpool
                0x000000014001134c        0x8 C:\Users\Erik\AppData\Local\Temp\cc573uCC.o
 .xdata$platform_add_task
                0x0000000140011354        0x8 C:\Users\Erik\AppData\Local\Temp\cc573uCC.o
 .xdata$platform_join_threadpool
                0x000000014001135c        0xc C:\Users\Erik\AppData\Local\Temp\cc573uCC.o
 .xdata$platform_play_sound
                0x0000000140011368        0x4 C:\Users\Erik\AppData\Local\Temp\cc573uCC.o
 .xdata$sin_90  0x000000014001136c        0x4 C:\Users\Erik\AppData\Local\Temp\ccBF4rSg.o
 .xdata$sin_deg
                0x0000000140011370        0x8 C:\Users\Erik\AppData\Local\Temp\ccBF4rSg.o
 .xdata$cos_deg
                0x0000000140011378        0x4 C:\Users\Erik\AppData\Local\Temp\ccBF4rSg.o
 .xdata$my_sinf
                0x000000014001137c        0x4 C:\Users\Erik\AppData\Local\Temp\ccBF4rSg.o
 .xdata$my_cosf
                0x0000000140011380        0x4 C:\Users\Erik\AppData\Local\Temp\ccBF4rSg.o
 .xdata$my_tanf
                0x0000000140011384        0xc C:\Users\Erik\AppData\Local\Temp\ccBF4rSg.o
 .xdata$my_atanf
                0x0000000140011390        0x4 C:\Users\Erik\AppData\Local\Temp\ccBF4rSg.o
 .xdata$my_atan2f
                0x0000000140011394       0x10 C:\Users\Erik\AppData\Local\Temp\ccBF4rSg.o
 .xdata$my_fabsf
                0x00000001400113a4        0x4 C:\Users\Erik\AppData\Local\Temp\ccBF4rSg.o
 .xdata$my_floorf
                0x00000001400113a8        0x4 C:\Users\Erik\AppData\Local\Temp\ccBF4rSg.o
 .xdata$my_memset
                0x00000001400113ac        0x4 C:\Users\Erik\AppData\Local\Temp\ccBF4rSg.o
 .xdata$my_memcpy
                0x00000001400113b0        0x4 C:\Users\Erik\AppData\Local\Temp\ccBF4rSg.o
 .xdata$my_memmove
                0x00000001400113b4        0x4 C:\Users\Erik\AppData\Local\Temp\ccBF4rSg.o
 .xdata$my_sqrtf
                0x00000001400113b8        0x4 C:\Users\Erik\AppData\Local\Temp\ccBF4rSg.o
 .xdata$nop_printf
                0x00000001400113bc        0x4 C:\Users\Erik\AppData\Local\Temp\ccBF4rSg.o
 .xdata$max_int32
                0x00000001400113c0        0x4 C:\Users\Erik\AppData\Local\Temp\ccBF4rSg.o
 .xdata$min_int32
                0x00000001400113c4        0x4 C:\Users\Erik\AppData\Local\Temp\ccBF4rSg.o
 .xdata$lerp    0x00000001400113c8        0x4 C:\Users\Erik\AppData\Local\Temp\ccBF4rSg.o
 .xdata$handle_click
                0x00000001400113cc        0x4 C:\Users\Erik\AppData\Local\Temp\ccQrvwGw.o
 .xdata$console_log
                0x00000001400113d0        0x4 C:\Users\Erik\AppData\Local\Temp\ccQrvwGw.o
 .xdata$my_malloc
                0x00000001400113d4        0x8 C:\Users\Erik\AppData\Local\Temp\ccQrvwGw.o
 .xdata$my_calloc
                0x00000001400113dc        0x8 C:\Users\Erik\AppData\Local\Temp\ccQrvwGw.o
 .xdata$get_running_time
                0x00000001400113e4        0x4 C:\Users\Erik\AppData\Local\Temp\ccQrvwGw.o
 .xdata$lcg     0x00000001400113e8        0x4 C:\Users\Erik\AppData\Local\Temp\ccQrvwGw.o
 .xdata$urand   0x00000001400113ec        0x4 C:\Users\Erik\AppData\Local\Temp\ccQrvwGw.o
 .xdata$init_particle_system
                0x00000001400113f0        0x4 C:\Users\Erik\AppData\Local\Temp\ccQrvwGw.o
 .xdata$update_particles
                0x00000001400113f4        0x4 C:\Users\Erik\AppData\Local\Temp\ccQrvwGw.o
 .xdata$draw_particles
                0x00000001400113f8        0xc C:\Users\Erik\AppData\Local\Temp\ccQrvwGw.o
 .xdata$add_particle
                0x0000000140011404        0x4 C:\Users\Erik\AppData\Local\Temp\ccQrvwGw.o
 .xdata$update_player
                0x0000000140011408       0x3c C:\Users\Erik\AppData\Local\Temp\ccQrvwGw.o
 .xdata$draw_topdown_level
                0x0000000140011444        0x4 C:\Users\Erik\AppData\Local\Temp\ccQrvwGw.o
 .xdata$copy_32_map_to_64
                0x0000000140011448        0x4 C:\Users\Erik\AppData\Local\Temp\ccQrvwGw.o
 .xdata$init_level
                0x000000014001144c        0xc C:\Users\Erik\AppData\Local\Temp\ccQrvwGw.o
 .xdata$draw_player
                0x0000000140011458        0x4 C:\Users\Erik\AppData\Local\Temp\ccQrvwGw.o
 .xdata$handle_editor
                0x000000014001145c       0x10 C:\Users\Erik\AppData\Local\Temp\ccQrvwGw.o
 .xdata$change_resolution
                0x000000014001146c        0x8 C:\Users\Erik\AppData\Local\Temp\ccQrvwGw.o
 .xdata$get_abs_time
                0x0000000140011474        0x4 C:\Users\Erik\AppData\Local\Temp\ccQrvwGw.o
 .xdata$run_game
                0x0000000140011478       0x24 C:\Users\Erik\AppData\Local\Temp\ccQrvwGw.o
 .xdata$init_game
                0x000000014001149c        0x8 C:\Users\Erik\AppData\Local\Temp\ccQrvwGw.o
 .xdata$atexit  0x00000001400114a4        0x4 C:\Users\Erik\AppData\Local\Temp\ccQrvwGw.o
 .xdata$WinMain
                0x00000001400114a8        0xc C:\Users\Erik\AppData\Local\Temp\ccQrvwGw.o
 .xdata$mainCRTStartup
                0x00000001400114b4        0x8 C:\Users\Erik\AppData\Local\Temp\ccQrvwGw.o
 .xdata$project_to_screen
                0x00000001400114bc        0x4 C:\Users\Erik\AppData\Local\Temp\ccRkh8nC.o
 .xdata$calc_line_hit
                0x00000001400114c0       0x34 C:\Users\Erik\AppData\Local\Temp\ccRkh8nC.o
 .xdata$calc_diag_hit
                0x00000001400114f4       0x10 C:\Users\Erik\AppData\Local\Temp\ccRkh8nC.o
 .xdata$calc_door_hit
                0x0000000140011504       0x3c C:\Users\Erik\AppData\Local\Temp\ccRkh8nC.o
 .xdata$set_bit_in_bitmap
                0x0000000140011540        0x4 C:\Users\Erik\AppData\Local\Temp\ccRkh8nC.o
 .xdata$draw_first_person_level_inner
                0x0000000140011544       0x40 C:\Users\Erik\AppData\Local\Temp\ccRkh8nC.o
 .xdata$raycast_wrapper
                0x0000000140011584        0x8 C:\Users\Erik\AppData\Local\Temp\ccRkh8nC.o
 .xdata$sorted_insert_transformed_sprite
                0x000000014001158c       0x10 C:\Users\Erik\AppData\Local\Temp\ccRkh8nC.o
 .xdata$transform_and_submit_sprite
                0x000000014001159c       0x18 C:\Users\Erik\AppData\Local\Temp\ccRkh8nC.o
 .xdata$draw_transformed_sprites
                0x00000001400115b4       0x3c C:\Users\Erik\AppData\Local\Temp\ccRkh8nC.o
 .xdata$draw_sprites_wrapper
                0x00000001400115f0        0x8 C:\Users\Erik\AppData\Local\Temp\ccRkh8nC.o
 .xdata$request_draw_sprite
                0x00000001400115f8        0x4 C:\Users\Erik\AppData\Local\Temp\ccRkh8nC.o
 .xdata$request_draw_screen_space_sprite
                0x00000001400115fc        0x8 C:\Users\Erik\AppData\Local\Temp\ccRkh8nC.o
 .xdata$clear_requested_sprites
                0x0000000140011604        0x4 C:\Users\Erik\AppData\Local\Temp\ccRkh8nC.o
 .xdata$render_frame
                0x0000000140011608       0x38 C:\Users\Erik\AppData\Local\Temp\ccRkh8nC.o
 .xdata$render_frame_wrapper
                0x0000000140011640        0x4 C:\Users\Erik\AppData\Local\Temp\ccRkh8nC.o
 .xdata$launch_render_frame
                0x0000000140011644        0x4 C:\Users\Erik\AppData\Local\Temp\ccRkh8nC.o
 .xdata$join_render_frame
                0x0000000140011648        0x4 C:\Users\Erik\AppData\Local\Temp\ccRkh8nC.o
 .xdata$init_raycast_module
                0x000000014001164c       0x10 C:\Users\Erik\AppData\Local\Temp\ccRkh8nC.o
 .xdata$load_resources
                0x000000014001165c       0x18 C:\Users\Erik\AppData\Local\Temp\ccHZyzM5.o
 .xdata         0x0000000140011674        0xc C:/msys64/ucrt64/bin/../lib/gcc/x86_64-w64-mingw32/13.1.0/../../../../lib/libmsvcrt.a(lib64_libucrt_extra_a-ucrt_printf.o)

.bss            0x0000000140012000        0x0
                0x0000000140012000                __bss_start__ = .
 *(.bss)
 *(COMMON)
                0x0000000140012000                __bss_end__ = .

.edata
 *(.edata)

/DISCARD/
 *(.debug$S)
 *(.debug$T)
 *(.debug$F)
 *(.drectve)
 *(.note.GNU-stack)
 *(.gnu.lto_*)

.idata          0x0000000140012000      0xe00
 SORT_BY_NAME(*)(.idata$2)
 .idata$2       0x0000000140012000       0x14 C:/msys64/ucrt64/bin/../lib/gcc/x86_64-w64-mingw32/13.1.0/../../../../lib/libgdi32.a(libgdi32h.o)
                0x0000000140012000                _head_lib64_libgdi32_a
 .idata$2       0x0000000140012014       0x14 C:/msys64/ucrt64/bin/../lib/gcc/x86_64-w64-mingw32/13.1.0/../../../../lib/libkernel32.a(libkernel32h.o)
                0x0000000140012014                _head_lib64_libkernel32_a
 .idata$2       0x0000000140012028       0x14 C:/msys64/ucrt64/bin/../lib/gcc/x86_64-w64-mingw32/13.1.0/../../../../lib/libmsvcrt.a(libapi-ms-win-crt-heap-l1-1-0h.o)
                0x0000000140012028                _head_lib64_libapi_ms_win_crt_heap_l1_1_0_a
 .idata$2       0x000000014001203c       0x14 C:/msys64/ucrt64/bin/../lib/gcc/x86_64-w64-mingw32/13.1.0/../../../../lib/libmsvcrt.a(libapi-ms-win-crt-runtime-l1-1-0h.o)
                0x000000014001203c                _head_lib64_libapi_ms_win_crt_runtime_l1_1_0_a
 .idata$2       0x0000000140012050       0x14 C:/msys64/ucrt64/bin/../lib/gcc/x86_64-w64-mingw32/13.1.0/../../../../lib/libmsvcrt.a(libapi-ms-win-crt-stdio-l1-1-0h.o)
                0x0000000140012050                _head_lib64_libapi_ms_win_crt_stdio_l1_1_0_a
 .idata$2       0x0000000140012064       0x14 C:/msys64/ucrt64/bin/../lib/gcc/x86_64-w64-mingw32/13.1.0/../../../../lib/libmsvcrt.a(libapi-ms-win-crt-string-l1-1-0h.o)
                0x0000000140012064                _head_lib64_libapi_ms_win_crt_string_l1_1_0_a
 .idata$2       0x0000000140012078       0x14 C:/msys64/ucrt64/bin/../lib/gcc/x86_64-w64-mingw32/13.1.0/../../../../lib/libmsvcrt.a(libapi-ms-win-crt-utility-l1-1-0h.o)
                0x0000000140012078                _head_lib64_libapi_ms_win_crt_utility_l1_1_0_a
 .idata$2       0x000000014001208c       0x14 C:/msys64/ucrt64/bin/../lib/gcc/x86_64-w64-mingw32/13.1.0/../../../../lib/libopengl32.a(libopengl32h.o)
                0x000000014001208c                _head_lib64_libopengl32_a
 .idata$2       0x00000001400120a0       0x14 C:/msys64/ucrt64/bin/../lib/gcc/x86_64-w64-mingw32/13.1.0/../../../../lib/libuser32.a(libuser32h.o)
                0x00000001400120a0                _head_lib64_libuser32_a
 .idata$2       0x00000001400120b4       0x14 C:/msys64/ucrt64/bin/../lib/gcc/x86_64-w64-mingw32/13.1.0/../../../../lib/libwinmm.a(libwinmmh.o)
                0x00000001400120b4                _head_lib64_libwinmm_a
 SORT_BY_NAME(*)(.idata$3)
                0x00000001400120c8        0x4 LONG 0x0
                0x00000001400120cc        0x4 LONG 0x0
                0x00000001400120d0        0x4 LONG 0x0
                0x00000001400120d4        0x4 LONG 0x0
                0x00000001400120d8        0x4 LONG 0x0
                0x00000001400120e0                . = ALIGN (0x8)
 *fill*         0x00000001400120dc        0x4 
 SORT_BY_NAME(*)(.idata$4)
 .idata$4       0x00000001400120e0        0x0 C:/msys64/ucrt64/bin/../lib/gcc/x86_64-w64-mingw32/13.1.0/../../../../lib/libgdi32.a(libgdi32h.o)
 .idata$4       0x00000001400120e0        0x8 C:/msys64/ucrt64/bin/../lib/gcc/x86_64-w64-mingw32/13.1.0/../../../../lib/libgdi32.a(libgdi32s00025.o)
 .idata$4       0x00000001400120e8        0x8 C:/msys64/ucrt64/bin/../lib/gcc/x86_64-w64-mingw32/13.1.0/../../../../lib/libgdi32.a(libgdi32s00906.o)
 .idata$4       0x00000001400120f0        0x8 C:/msys64/ucrt64/bin/../lib/gcc/x86_64-w64-mingw32/13.1.0/../../../../lib/libgdi32.a(libgdi32s00933.o)
 .idata$4       0x00000001400120f8        0x8 C:/msys64/ucrt64/bin/../lib/gcc/x86_64-w64-mingw32/13.1.0/../../../../lib/libgdi32.a(libgdi32t.o)
 .idata$4       0x0000000140012100        0x0 C:/msys64/ucrt64/bin/../lib/gcc/x86_64-w64-mingw32/13.1.0/../../../../lib/libkernel32.a(libkernel32h.o)
 .idata$4       0x0000000140012100        0x8 C:/msys64/ucrt64/bin/../lib/gcc/x86_64-w64-mingw32/13.1.0/../../../../lib/libkernel32.a(libkernel32s00140.o)
 .idata$4       0x0000000140012108        0x8 C:/msys64/ucrt64/bin/../lib/gcc/x86_64-w64-mingw32/13.1.0/../../../../lib/libkernel32.a(libkernel32s00152.o)
 .idata$4       0x0000000140012110        0x8 C:/msys64/ucrt64/bin/../lib/gcc/x86_64-w64-mingw32/13.1.0/../../../../lib/libkernel32.a(libkernel32s00203.o)
 .idata$4       0x0000000140012118        0x8 C:/msys64/ucrt64/bin/../lib/gcc/x86_64-w64-mingw32/13.1.0/../../../../lib/libkernel32.a(libkernel32s00250.o)
 .idata$4       0x0000000140012120        0x8 C:/msys64/ucrt64/bin/../lib/gcc/x86_64-w64-mingw32/13.1.0/../../../../lib/libkernel32.a(libkernel32s00251.o)
 .idata$4       0x0000000140012128        0x8 C:/msys64/ucrt64/bin/../lib/gcc/x86_64-w64-mingw32/13.1.0/../../../../lib/libkernel32.a(libkernel32s00255.o)
 .idata$4       0x0000000140012130        0x8 C:/msys64/ucrt64/bin/../lib/gcc/x86_64-w64-mingw32/13.1.0/../../../../lib/libkernel32.a(libkernel32s00363.o)
 .idata$4       0x0000000140012138        0x8 C:/msys64/ucrt64/bin/../lib/gcc/x86_64-w64-mingw32/13.1.0/../../../../lib/libkernel32.a(libkernel32s00549.o)
 .idata$4       0x0000000140012140        0x8 C:/msys64/ucrt64/bin/../lib/gcc/x86_64-w64-mingw32/13.1.0/../../../../lib/libkernel32.a(libkernel32s00606.o)
 .idata$4       0x0000000140012148        0x8 C:/msys64/ucrt64/bin/../lib/gcc/x86_64-w64-mingw32/13.1.0/../../../../lib/libkernel32.a(libkernel32s00648.o)
 .idata$4       0x0000000140012150        0x8 C:/msys64/ucrt64/bin/../lib/gcc/x86_64-w64-mingw32/13.1.0/../../../../lib/libkernel32.a(libkernel32s01128.o)
 .idata$4       0x0000000140012158        0x8 C:/msys64/ucrt64/bin/../lib/gcc/x86_64-w64-mingw32/13.1.0/../../../../lib/libkernel32.a(libkernel32s01129.o)
 .idata$4       0x0000000140012160        0x8 C:/msys64/ucrt64/bin/../lib/gcc/x86_64-w64-mingw32/13.1.0/../../../../lib/libkernel32.a(libkernel32s01167.o)
 .idata$4       0x0000000140012168        0x8 C:/msys64/ucrt64/bin/../lib/gcc/x86_64-w64-mingw32/13.1.0/../../../../lib/libkernel32.a(libkernel32s01351.o)
 .idata$4       0x0000000140012170        0x8 C:/msys64/ucrt64/bin/../lib/gcc/x86_64-w64-mingw32/13.1.0/../../../../lib/libkernel32.a(libkernel32s01381.o)
 .idata$4       0x0000000140012178        0x8 C:/msys64/ucrt64/bin/../lib/gcc/x86_64-w64-mingw32/13.1.0/../../../../lib/libkernel32.a(libkernel32s01382.o)
 .idata$4       0x0000000140012180        0x8 C:/msys64/ucrt64/bin/../lib/gcc/x86_64-w64-mingw32/13.1.0/../../../../lib/libkernel32.a(libkernel32s01413.o)
 .idata$4       0x0000000140012188        0x8 C:/msys64/ucrt64/bin/../lib/gcc/x86_64-w64-mingw32/13.1.0/../../../../lib/libkernel32.a(libkernel32s01504.o)
 .idata$4       0x0000000140012190        0x8 C:/msys64/ucrt64/bin/../lib/gcc/x86_64-w64-mingw32/13.1.0/../../../../lib/libkernel32.a(libkernel32s01563.o)
 .idata$4       0x0000000140012198        0x8 C:/msys64/ucrt64/bin/../lib/gcc/x86_64-w64-mingw32/13.1.0/../../../../lib/libkernel32.a(libkernel32t.o)
 .idata$4       0x00000001400121a0        0x0 C:/msys64/ucrt64/bin/../lib/gcc/x86_64-w64-mingw32/13.1.0/../../../../lib/libmsvcrt.a(libapi-ms-win-crt-heap-l1-1-0h.o)
 .idata$4       0x00000001400121a0        0x8 C:/msys64/ucrt64/bin/../lib/gcc/x86_64-w64-mingw32/13.1.0/../../../../lib/libmsvcrt.a(libapi-ms-win-crt-heap-l1-1-0s00024.o)
 .idata$4       0x00000001400121a8        0x8 C:/msys64/ucrt64/bin/../lib/gcc/x86_64-w64-mingw32/13.1.0/../../../../lib/libmsvcrt.a(libapi-ms-win-crt-heap-l1-1-0s00025.o)
 .idata$4       0x00000001400121b0        0x8 C:/msys64/ucrt64/bin/../lib/gcc/x86_64-w64-mingw32/13.1.0/../../../../lib/libmsvcrt.a(libapi-ms-win-crt-heap-l1-1-0s00026.o)
 .idata$4       0x00000001400121b8        0x8 C:/msys64/ucrt64/bin/../lib/gcc/x86_64-w64-mingw32/13.1.0/../../../../lib/libmsvcrt.a(libapi-ms-win-crt-heap-l1-1-0t.o)
 .idata$4       0x00000001400121c0        0x0 C:/msys64/ucrt64/bin/../lib/gcc/x86_64-w64-mingw32/13.1.0/../../../../lib/libmsvcrt.a(libapi-ms-win-crt-runtime-l1-1-0h.o)
 .idata$4       0x00000001400121c0        0x8 C:/msys64/ucrt64/bin/../lib/gcc/x86_64-w64-mingw32/13.1.0/../../../../lib/libmsvcrt.a(libapi-ms-win-crt-runtime-l1-1-0s00018.o)
 .idata$4       0x00000001400121c8        0x8 C:/msys64/ucrt64/bin/../lib/gcc/x86_64-w64-mingw32/13.1.0/../../../../lib/libmsvcrt.a(libapi-ms-win-crt-runtime-l1-1-0s00088.o)
 .idata$4       0x00000001400121d0        0x8 C:/msys64/ucrt64/bin/../lib/gcc/x86_64-w64-mingw32/13.1.0/../../../../lib/libmsvcrt.a(libapi-ms-win-crt-runtime-l1-1-0t.o)
 .idata$4       0x00000001400121d8        0x0 C:/msys64/ucrt64/bin/../lib/gcc/x86_64-w64-mingw32/13.1.0/../../../../lib/libmsvcrt.a(libapi-ms-win-crt-stdio-l1-1-0h.o)
 .idata$4       0x00000001400121d8        0x8 C:/msys64/ucrt64/bin/../lib/gcc/x86_64-w64-mingw32/13.1.0/../../../../lib/libmsvcrt.a(libapi-ms-win-crt-stdio-l1-1-0s00000.o)
 .idata$4       0x00000001400121e0        0x8 C:/msys64/ucrt64/bin/../lib/gcc/x86_64-w64-mingw32/13.1.0/../../../../lib/libmsvcrt.a(libapi-ms-win-crt-stdio-l1-1-0s00003.o)
 .idata$4       0x00000001400121e8        0x8 C:/msys64/ucrt64/bin/../lib/gcc/x86_64-w64-mingw32/13.1.0/../../../../lib/libmsvcrt.a(libapi-ms-win-crt-stdio-l1-1-0t.o)
 .idata$4       0x00000001400121f0        0x0 C:/msys64/ucrt64/bin/../lib/gcc/x86_64-w64-mingw32/13.1.0/../../../../lib/libmsvcrt.a(libapi-ms-win-crt-string-l1-1-0h.o)
 .idata$4       0x00000001400121f0        0x8 C:/msys64/ucrt64/bin/../lib/gcc/x86_64-w64-mingw32/13.1.0/../../../../lib/libmsvcrt.a(libapi-ms-win-crt-string-l1-1-0s00159.o)
 .idata$4       0x00000001400121f8        0x8 C:/msys64/ucrt64/bin/../lib/gcc/x86_64-w64-mingw32/13.1.0/../../../../lib/libmsvcrt.a(libapi-ms-win-crt-string-l1-1-0t.o)
 .idata$4       0x0000000140012200        0x0 C:/msys64/ucrt64/bin/../lib/gcc/x86_64-w64-mingw32/13.1.0/../../../../lib/libmsvcrt.a(libapi-ms-win-crt-utility-l1-1-0h.o)
 .idata$4       0x0000000140012200        0x8 C:/msys64/ucrt64/bin/../lib/gcc/x86_64-w64-mingw32/13.1.0/../../../../lib/libmsvcrt.a(libapi-ms-win-crt-utility-l1-1-0s00030.o)
 .idata$4       0x0000000140012208        0x8 C:/msys64/ucrt64/bin/../lib/gcc/x86_64-w64-mingw32/13.1.0/../../../../lib/libmsvcrt.a(libapi-ms-win-crt-utility-l1-1-0t.o)
 .idata$4       0x0000000140012210        0x0 C:/msys64/ucrt64/bin/../lib/gcc/x86_64-w64-mingw32/13.1.0/../../../../lib/libopengl32.a(libopengl32h.o)
 .idata$4       0x0000000140012210        0x8 C:/msys64/ucrt64/bin/../lib/gcc/x86_64-w64-mingw32/13.1.0/../../../../lib/libopengl32.a(libopengl32s00010.o)
 .idata$4       0x0000000140012218        0x8 C:/msys64/ucrt64/bin/../lib/gcc/x86_64-w64-mingw32/13.1.0/../../../../lib/libopengl32.a(libopengl32s00011.o)
 .idata$4       0x0000000140012220        0x8 C:/msys64/ucrt64/bin/../lib/gcc/x86_64-w64-mingw32/13.1.0/../../../../lib/libopengl32.a(libopengl32s00066.o)
 .idata$4       0x0000000140012228        0x8 C:/msys64/ucrt64/bin/../lib/gcc/x86_64-w64-mingw32/13.1.0/../../../../lib/libopengl32.a(libopengl32s00079.o)
 .idata$4       0x0000000140012230        0x8 C:/msys64/ucrt64/bin/../lib/gcc/x86_64-w64-mingw32/13.1.0/../../../../lib/libopengl32.a(libopengl32s00081.o)
 .idata$4       0x0000000140012238        0x8 C:/msys64/ucrt64/bin/../lib/gcc/x86_64-w64-mingw32/13.1.0/../../../../lib/libopengl32.a(libopengl32s00105.o)
 .idata$4       0x0000000140012240        0x8 C:/msys64/ucrt64/bin/../lib/gcc/x86_64-w64-mingw32/13.1.0/../../../../lib/libopengl32.a(libopengl32s00164.o)
 .idata$4       0x0000000140012248        0x8 C:/msys64/ucrt64/bin/../lib/gcc/x86_64-w64-mingw32/13.1.0/../../../../lib/libopengl32.a(libopengl32s00181.o)
 .idata$4       0x0000000140012250        0x8 C:/msys64/ucrt64/bin/../lib/gcc/x86_64-w64-mingw32/13.1.0/../../../../lib/libopengl32.a(libopengl32s00196.o)
 .idata$4       0x0000000140012258        0x8 C:/msys64/ucrt64/bin/../lib/gcc/x86_64-w64-mingw32/13.1.0/../../../../lib/libopengl32.a(libopengl32s00255.o)
 .idata$4       0x0000000140012260        0x8 C:/msys64/ucrt64/bin/../lib/gcc/x86_64-w64-mingw32/13.1.0/../../../../lib/libopengl32.a(libopengl32s00257.o)
 .idata$4       0x0000000140012268        0x8 C:/msys64/ucrt64/bin/../lib/gcc/x86_64-w64-mingw32/13.1.0/../../../../lib/libopengl32.a(libopengl32s00274.o)
 .idata$4       0x0000000140012270        0x8 C:/msys64/ucrt64/bin/../lib/gcc/x86_64-w64-mingw32/13.1.0/../../../../lib/libopengl32.a(libopengl32s00308.o)
 .idata$4       0x0000000140012278        0x8 C:/msys64/ucrt64/bin/../lib/gcc/x86_64-w64-mingw32/13.1.0/../../../../lib/libopengl32.a(libopengl32s00311.o)
 .idata$4       0x0000000140012280        0x8 C:/msys64/ucrt64/bin/../lib/gcc/x86_64-w64-mingw32/13.1.0/../../../../lib/libopengl32.a(libopengl32s00314.o)
 .idata$4       0x0000000140012288        0x8 C:/msys64/ucrt64/bin/../lib/gcc/x86_64-w64-mingw32/13.1.0/../../../../lib/libopengl32.a(libopengl32s00316.o)
 .idata$4       0x0000000140012290        0x8 C:/msys64/ucrt64/bin/../lib/gcc/x86_64-w64-mingw32/13.1.0/../../../../lib/libopengl32.a(libopengl32s00319.o)
 .idata$4       0x0000000140012298        0x8 C:/msys64/ucrt64/bin/../lib/gcc/x86_64-w64-mingw32/13.1.0/../../../../lib/libopengl32.a(libopengl32s00342.o)
 .idata$4       0x00000001400122a0        0x8 C:/msys64/ucrt64/bin/../lib/gcc/x86_64-w64-mingw32/13.1.0/../../../../lib/libopengl32.a(libopengl32s00345.o)
 .idata$4       0x00000001400122a8        0x8 C:/msys64/ucrt64/bin/../lib/gcc/x86_64-w64-mingw32/13.1.0/../../../../lib/libopengl32.a(libopengl32s00355.o)
 .idata$4       0x00000001400122b0        0x8 C:/msys64/ucrt64/bin/../lib/gcc/x86_64-w64-mingw32/13.1.0/../../../../lib/libopengl32.a(libopengl32s00356.o)
 .idata$4       0x00000001400122b8        0x8 C:/msys64/ucrt64/bin/../lib/gcc/x86_64-w64-mingw32/13.1.0/../../../../lib/libopengl32.a(libopengl32t.o)